ARM Linker, 5.03 [Build 76] [MDK-ARM Standard]

==============================================================================

Section Cross References

    project_main.o(.text) refers to llwu.o(.text) for llwu_configure
    project_main.o(.text) refers to audio.o(.text) for AudioEnable
    project_main.o(.text) refers to io_tasks.o(.text) for VoiceCallTask_GetPhase
    project_main.o(.text) refers to power_management.o(.text) for SetLowPowerModes
    project_main.o(.text) refers to usbhw.o(.text) for USB_Init
    project_main.o(.text) refers to dbg_cfg_app.o(.text) for TPM0_Init
    project_main.o(.text) refers to tick.o(.text) for InitTimeout
    project_main.o(.text) refers to tracker.o(.text) for TrackerTask
    project_main.o(.text) refers to gsm_gprs_tasks.o(.text) for GprsTask_GetPhase
    project_main.o(.text) refers to sos_tasks.o(.text) for SosTask_IsAlarmActivated
    project_main.o(.text) refers to gps_task.o(.text) for GpsTask_GetPhase
    project_main.o(.text) refers to uidiv.o(.text) for __aeabi_uidivmod
    project_main.o(.text) refers to modem.o(.text) for MODEM_SendCommand
    project_main.o(.text) refers to tick.o(.data) for ringingFlag
    project_main.o(.text) refers to project_main.o(.data) for ringingCount
    project_main.o(.text) refers to io_tasks.o(.data) for ringing
    project_main.o(.text) refers to llwu.o(.data) for llwuSource
    project_main.o(.text) refers to sysinit.o(.data) for mcg_clk_hz
    project_main.o(.text) refers to db.o(.bss) for pwrStatus
    project_main.o(.text) refers to pedometer_task.o(.data) for Pedometer
    project_main.o(.text) refers to project_main.o(.bss) for tSleepTimeout
    project_main.o(.text) refers to at_command_parser.o(.data) for smsNewMessageFlag
    project_main.o(.text) refers to modem.o(.data) for modemError
    project_main.o(.text) refers to dbg_cfg_app.o(.data) for logEnable
    project_main.o(.text) refers to idiv.o(.text) for __aeabi_idivmod
    project_main.o(.text) refers to at_command_parser.o(.text) for SMS_Manage
    project_main.o(.text) refers to system_config.o(.text) for CFG_Load
    project_main.o(.text) refers to start.o(.text) for start
    project_main.o(.text) refers to gps.o(.text) for GPSInit
    project_main.o(.text) refers to pedometer_task.o(.text) for PedometerTaskInit
    project_main.o(.text) refers to uart.o(.text) for uart0_init
    project_main.o(.text) refers to sst25.o(.text) for SST25_Init
    project_main.o(.text) refers to db.o(.text) for DB_FlashMemInit
    project_main.o(.text) refers to gps_task.o(.data) for flagSaveTime
    project_main.o(.text) refers to sys_time.o(.data) for sysTime
    project_main.o(.text) refers to project_common.o(.bss) for mainBuf
    project_main.o(.text) refers to tick.o(.bss) for key
    project_main.o(.text) refers to gsm_gprs_tasks.o(.data) for sendFirstPacket
    power_management.o(.text) refers to mcg.o(.text) for atc
    power_management.o(.text) refers to smc.o(.text) for exit_vlpr
    power_management.o(.text) refers to power_management.o(i.__ARM_common_switch8) for __ARM_common_switch8
    power_management.o(.text) refers to idiv.o(.text) for __aeabi_idivmod
    power_management.o(.text) refers to uidiv.o(.text) for __aeabi_uidivmod
    power_management.o(.text) refers to sysinit.o(.data) for mcg_clk_hz
    power_management.o(.text) refers to power_management.o(.data) for lpwMode
    power_management.o(.text) refers to flash_ftfa.o(.text) for Flash_Init
    power_management.o(.text) refers to uart.o(.text) for uart0_init
    power_management.o(.text) refers to tick.o(.text) for TICK_Init
    power_management.o(.text) refers to dbg_cfg_app.o(.text) for TPM0_Init
    power_management.o(.text) refers to sst25.o(.text) for SST25_Init
    power_management.o(.text) refers to audio.o(.text) for AUDIO_Init
    power_management.o(.text) refers to usbhw.o(.text) for USB_Init
    gsm_gprs_tasks.o(.text) refers to upload_config_task.o(.text) for UploadConfigTask_GetPhase
    gsm_gprs_tasks.o(.text) refers to tick.o(.text) for InitTimeout
    gsm_gprs_tasks.o(.text) refers to modem.o(.text) for ModemCmd_Task
    gsm_gprs_tasks.o(.text) refers to io_tasks.o(.text) for IoTask_IsModemBusy
    gsm_gprs_tasks.o(.text) refers to sos_tasks.o(.text) for SosTask_GetPhase
    gsm_gprs_tasks.o(.text) refers to power_management.o(i.__ARM_common_switch8) for __ARM_common_switch8
    gsm_gprs_tasks.o(.text) refers to uart.o(.text) for uart_putchar
    gsm_gprs_tasks.o(.text) refers to gsm_gprs_tasks.o(.data) for gsm_TaskPhase
    gsm_gprs_tasks.o(.text) refers to gsm_gprs_tasks.o(.bss) for tWaitSendDataTimeOut
    gsm_gprs_tasks.o(.text) refers to at_command_parser.o(.data) for gprsDeactivationFlag
    gsm_gprs_tasks.o(.text) refers to modem.o(.data) for modemError
    gsm_gprs_tasks.o(.text) refers to tracker.o(.text) for CheckTrackerMsgIsReady
    gsm_gprs_tasks.o(.text) refers to gps.o(.bss) for gpsInfo
    gsm_gprs_tasks.o(.text) refers to tracker.o(.data) for trackerEnable
[...]
    nmea_GPGSV2info                          0x00012e29   Thumb Code    10  gps.o(.text)
    nmea_atoi                                0x00012e33   Thumb Code    50  gps.o(.text)
    nmea_atof                                0x00012e65   Thumb Code    54  gps.o(.text)
    nmea_scanf                               0x00012e9b   Thumb Code   606  gps.o(.text)
    nmea_parse_GPGSV                         0x000130f9   Thumb Code   152  gps.o(.text)
    nmea_GPGSA2info                          0x00013191   Thumb Code    38  gps.o(.text)
    nmea_parse_GPGSA                         0x000131b7   Thumb Code   114  gps.o(.text)
    nmea_GPGGA2info                          0x00013229   Thumb Code   136  gps.o(.text)
    _nmea_parse_time                         0x000132b1   Thumb Code   128  gps.o(.text)
    nmea_parse_GPGGA                         0x00013331   Thumb Code   130  gps.o(.text)
    nmea_GPRMC2info                          0x000133b3   Thumb Code   186  gps.o(.text)
    nmea_parse_GPRMC                         0x0001346d   Thumb Code   150  gps.o(.text)
    GPS_GetInfo                              0x00013503   Thumb Code   446  gps.o(.text)
    nmea_calc_crc                            0x000136c1   Thumb Code    24  gps.o(.text)
    LPTMR_init                               0x00013777   Thumb Code    72  tick.o(.text)
    GsmLedControl                            0x000137bf   Thumb Code   120  tick.o(.text)
    GpsLedControl                            0x00013837   Thumb Code    72  tick.o(.text)
    LedControl                               0x0001387f   Thumb Code   226  tick.o(.text)
    ClearLastKeyStatus                       0x00013961   Thumb Code    10  tick.o(.text)
    KeyTask_Control                          0x0001396b   Thumb Code   584  tick.o(.text)
    ChargerLedControl                        0x00013bb3   Thumb Code   148  tick.o(.text)
    LPTimerTask                              0x00013c47   Thumb Code  1130  tick.o(.text)
    LPTimer_IRQHandler                       0x000140b1   Thumb Code     8  tick.o(.text)
    UpdateRtcTime                            0x000140b9   Thumb Code    28  tick.o(.text)
    TICK_Init                                0x000140d5   Thumb Code    50  tick.o(.text)
    TICK_DeInit                              0x00014107   Thumb Code     8  tick.o(.text)
    GetKeyPressed                            0x0001410f   Thumb Code    20  tick.o(.text)
    CheckKeyPressed                          0x00014123   Thumb Code    16  tick.o(.text)
    GetKeyPressTime                          0x00014133   Thumb Code    16  tick.o(.text)
    SysTick_Handler                          0x00014143   Thumb Code    30  tick.o(.text)
    TICK_Get                                 0x00014161   Thumb Code     6  tick.o(.text)
    TICK_Get64                               0x00014167   Thumb Code     8  tick.o(.text)
    DelayMs                                  0x0001416f   Thumb Code    24  tick.o(.text)
    InitTimeout                              0x00014187   Thumb Code    22  tick.o(.text)
    CheckTimeout                             0x0001419d   Thumb Code    72  tick.o(.text)
    TimerDelayms                             0x000141e5   Thumb Code    50  tick.o(.text)
    InitFindData                             0x00014217   Thumb Code    22  tick.o(.text)
    FindData                                 0x0001422d   Thumb Code    40  tick.o(.text)
    DbgCfgPrintf                             0x000142b9   Thumb Code    78  dbg_cfg_app.o(.text)
    CfgParserPacket                          0x00014307   Thumb Code   170  dbg_cfg_app.o(.text)
    CfgCalcCheckSum                          0x000143b1   Thumb Code    26  dbg_cfg_app.o(.text)
    CfgUSBSendData                           0x000143cb   Thumb Code    80  dbg_cfg_app.o(.text)
    CfgProcessData                           0x0001441b   Thumb Code  1754  dbg_cfg_app.o(.text)
    vHID_Task                                0x00014af5   Thumb Code   132  dbg_cfg_app.o(.text)
    FlashReadWriteCtrl                       0x00014b79   Thumb Code   216  dbg_cfg_app.o(.text)
    TPM0_IRQHandler                          0x00014c51   Thumb Code   282  dbg_cfg_app.o(.text)
    APP_Write2FlashMem                       0x00014d6b   Thumb Code    68  dbg_cfg_app.o(.text)
    APP_Read2FlashMem                        0x00014daf   Thumb Code    68  dbg_cfg_app.o(.text)
    TPM0_DeInit                              0x00014df3   Thumb Code    52  dbg_cfg_app.o(.text)
    TPM0_Init                                0x00014e27   Thumb Code   168  dbg_cfg_app.o(.text)
    disk_initialize                          0x00014fe9   Thumb Code    22  diskio.o(.text)
    disk_status                              0x00014fff   Thumb Code    22  diskio.o(.text)
    disk_read                                0x00015015   Thumb Code    36  diskio.o(.text)
    disk_write                               0x00015039   Thumb Code    36  diskio.o(.text)
    disk_ioctl                               0x0001505d   Thumb Code    30  diskio.o(.text)
    clust2sect                               0x00015111   Thumb Code    26  ff.o(.text)
    get_fat                                  0x0001512b   Thumb Code   230  ff.o(.text)
    f_mount                                  0x00015921   Thumb Code    44  ff.o(.text)
    f_open                                   0x0001594d   Thumb Code   140  ff.o(.text)
    f_read                                   0x000159d9   Thumb Code   394  ff.o(.text)
    f_close                                  0x00015b63   Thumb Code    22  ff.o(.text)
    f_lseek                                  0x00015b79   Thumb Code   312  ff.o(.text)
    MMC_disk_initialize                      0x00015cb1   Thumb Code     4  flash_mem.o(.text)
    SST25_disk_status                        0x00015cb5   Thumb Code     4  flash_mem.o(.text)
    SST25_disk_read                          0x00015cb9   Thumb Code    28  flash_mem.o(.text)
    SST25_disk_write                         0x00015cd5   Thumb Code    28  flash_mem.o(.text)
    get_fattime                              0x00015cf1   Thumb Code    24  flash_mem.o(.text)
    SST25_disk_ioctl                         0x00015d09   Thumb Code    60  flash_mem.o(.text)
    DAC_Init                                 0x00015d45   Thumb Code    54  audio.o(.text)
    DAC_DeInit                               0x00015d7b   Thumb Code    50  audio.o(.text)
    TPM1_Init                                0x00015dad   Thumb Code   112  audio.o(.text)
    TPM1_DeInit                              0x00015e1d   Thumb Code    36  audio.o(.text)
    TPM1_IRQHandler                          0x00015e41   Thumb Code    68  audio.o(.text)
    AUDIO_Init                               0x00015e85   Thumb Code   104  audio.o(.text)
    AudioEnable                              0x00015eed   Thumb Code     8  audio.o(.text)
    AudioStopAll                             0x00015ef5   Thumb Code    28  audio.o(.text)
    AudioStopCheck                           0x00015f11   Thumb Code    24  audio.o(.text)
    AudioTask_GetPhase                       0x00015f29   Thumb Code     6  audio.o(.text)
    AudioPlayFile                            0x00015f2f   Thumb Code    54  audio.o(.text)
    PlayVersion                              0x00015f65   Thumb Code    76  audio.o(.text)
    htons                                    0x00015fb1   Thumb Code    44  audio.o(.text)
    ReadWavInfo                              0x00015fdd   Thumb Code   210  audio.o(.text)
    AudioControler                           0x000160af   Thumb Code  1302  audio.o(.text)
    TPM2_IRQHandler                          0x00016641   Thumb Code    56  dtmf_app.o(.text)
    ADC0_Init                                0x00016679   Thumb Code    34  dtmf_app.o(.text)
    ADC0_DeInit                              0x0001669b   Thumb Code    16  dtmf_app.o(.text)
    TPM2_Init                                0x000166ab   Thumb Code   110  dtmf_app.o(.text)
    TPM2_DeInit                              0x00016719   Thumb Code    30  dtmf_app.o(.text)
    DTMF_DeInit                              0x00016737   Thumb Code    18  dtmf_app.o(.text)
    DTMF_Init                                0x00016749   Thumb Code    36  dtmf_app.o(.text)
    DTMF_Task                                0x0001676d   Thumb Code    70  dtmf_app.o(.text)
    DTMF_Detect                              0x00016b65   Thumb Code   110  dtmf.o(.text)
    xl362Write                               0x00016c21   Thumb Code    64  xl362_io.o(.text)
    xl362Init                                0x00016c61   Thumb Code   122  xl362_io.o(.text)
    xl362Read                                0x00016cdb   Thumb Code    68  xl362_io.o(.text)
    xl362FifoRead                            0x00016d1f   Thumb Code    60  xl362_io.o(.text)
    ambo_pedometer_init                      0x00016d65   Thumb Code   122  ambo_pedometer.o(.text)
    ambo_pedometer_sample_update             0x00016ddf   Thumb Code    68  ambo_pedometer.o(.text)
    b2_filter                                0x00016e23   Thumb Code   168  ambo_pedometer.o(.text)
    b_filter                                 0x00016ecb   Thumb Code   154  ambo_pedometer.o(.text)
    ambo_step_detect                         0x00016f65   Thumb Code   904  ambo_pedometer.o(.text)
    accelCheckManDown                        0x00017331   Thumb Code   158  pedometer_task.o(.text)
    PedometerTaskInit                        0x000173cf   Thumb Code    26  pedometer_task.o(.text)
    PedometerTask                            0x000173e9   Thumb Code   498  pedometer_task.o(.text)
    __aeabi_uidiv                            0x000175fd   Thumb Code     0  uidiv.o(.text)
    __aeabi_uidivmod                         0x000175fd   Thumb Code    44  uidiv.o(.text)
    __aeabi_idiv                             0x00017629   Thumb Code     0  idiv.o(.text)
    __aeabi_idivmod                          0x00017629   Thumb Code    40  idiv.o(.text)
    __rt_ctype_table                         0x00017651   Thumb Code     4  ctype_o.o(.text)
    isspace                                  0x00017659   Thumb Code    18  isspace_o.o(.text)
    __aeabi_memcpy                           0x0001766b   Thumb Code    36  memcpya.o(.text)
    __aeabi_memcpy4                          0x0001766b   Thumb Code     0  memcpya.o(.text)
    __aeabi_memcpy8                          0x0001766b   Thumb Code     0  memcpya.o(.text)
    __aeabi_memset                           0x0001768f   Thumb Code    14  memseta.o(.text)
    __aeabi_memset4                          0x0001768f   Thumb Code     0  memseta.o(.text)
    __aeabi_memset8                          0x0001768f   Thumb Code     0  memseta.o(.text)
    __aeabi_memclr                           0x0001769d   Thumb Code     4  memseta.o(.text)
    __aeabi_memclr4                          0x0001769d   Thumb Code     0  memseta.o(.text)
    __aeabi_memclr8                          0x0001769d   Thumb Code     0  memseta.o(.text)
    _memset$wrapper                          0x000176a1   Thumb Code    18  memseta.o(.text)
    strcat                                   0x000176b3   Thumb Code    24  strcat.o(.text)
    strstr                                   0x000176cb   Thumb Code    40  strstr.o(.text)
    strlen                                   0x000176f3   Thumb Code    14  strlen.o(.text)
    strcmp                                   0x00017701   Thumb Code    28  strcmp.o(.text)
    memchr                                   0x0001771d   Thumb Code    20  memchr.o(.text)
    memcmp                                   0x00017731   Thumb Code    26  memcmp.o(.text)
    strcpy                                   0x0001774b   Thumb Code    18  strcpy.o(.text)
    __aeabi_uread4                           0x0001775d   Thumb Code    20  uread4.o(.text)
    __rt_uread4                              0x0001775d   Thumb Code     0  uread4.o(.text)
    _uread4                                  0x0001775d   Thumb Code     0  uread4.o(.text)
    __aeabi_uread8                           0x00017771   Thumb Code    28  uread8.o(.text)
    __rt_uread8                              0x00017771   Thumb Code     0  uread8.o(.text)
    _uread8                                  0x00017771   Thumb Code     0  uread8.o(.text)
    __aeabi_uwrite4                          0x0001778d   Thumb Code    18  uwrite4.o(.text)
    __rt_uwrite4                             0x0001778d   Thumb Code     0  uwrite4.o(.text)
    _uwrite4                                 0x0001778d   Thumb Code     0  uwrite4.o(.text)
    __aeabi_uwrite8                          0x0001779f   Thumb Code    30  uwrite8.o(.text)
    __rt_uwrite8                             0x0001779f   Thumb Code     0  uwrite8.o(.text)
    _uwrite8                                 0x0001779f   Thumb Code     0  uwrite8.o(.text)
    __0sscanf                                0x000177bd   Thumb Code    50  __0sscanf.o(.text)
    _scanf_int                               0x000177f9   Thumb Code   330  _scanf_int.o(.text)
    _scanf_string                            0x00017943   Thumb Code   228  _scanf_str.o(.text)
    _scanf_real                              0x00017b1f   Thumb Code     0  scanf_fp.o(.text)
    _scanf_really_real                       0x00017b1f   Thumb Code   586  scanf_fp.o(.text)
    strtol                                   0x00017d75   Thumb Code   108  strtol.o(.text)
    __aeabi_fadd                             0x00017de5   Thumb Code   162  fadd.o(.text)
    __aeabi_fsub                             0x00017e87   Thumb Code     8  fadd.o(.text)
    __aeabi_frsub                            0x00017e8f   Thumb Code     8  fadd.o(.text)
    __aeabi_fmul                             0x00017e97   Thumb Code   122  fmul.o(.text)
    __aeabi_fdiv                             0x00017f11   Thumb Code   124  fdiv.o(.text)
    __aeabi_dadd                             0x00017f8d   Thumb Code   326  dadd.o(.text)
    __aeabi_dsub                             0x000180d3   Thumb Code    12  dadd.o(.text)
    __aeabi_drsub                            0x000180df   Thumb Code    12  dadd.o(.text)
    __aeabi_dmul                             0x000180f1   Thumb Code   202  dmul.o(.text)
    __aeabi_ddiv                             0x000181c1   Thumb Code   234  ddiv.o(.text)
    __aeabi_i2f                              0x000182b1   Thumb Code    22  fflti.o(.text)
    __aeabi_ui2f                             0x000182c7   Thumb Code    14  ffltui.o(.text)
    __aeabi_ui2d                             0x000182d5   Thumb Code    24  dfltui.o(.text)
    __aeabi_f2uiz                            0x000182f1   Thumb Code    40  ffixui.o(.text)
    __aeabi_d2uiz                            0x00018319   Thumb Code    50  dfixui.o(.text)
    __aeabi_f2d                              0x00018355   Thumb Code    40  f2d.o(.text)
    __aeabi_cdcmpeq                          0x0001837d   Thumb Code     0  cdcmple.o(.text)
    __aeabi_cdcmple                          0x0001837d   Thumb Code    38  cdcmple.o(.text)
    __aeabi_cdrcmple                         0x000183a5   Thumb Code    38  cdrcmple.o(.text)
    __aeabi_d2f                              0x000183cd   Thumb Code    56  d2f.o(.text)
    __aeabi_cfcmpeq                          0x00018405   Thumb Code     0  cfcmple.o(.text)
    __aeabi_cfcmple                          0x00018405   Thumb Code    20  cfcmple.o(.text)
    __aeabi_cfrcmple                         0x00018419   Thumb Code    20  cfrcmple.o(.text)
    __aeabi_uldivmod                         0x0001842d   Thumb Code    96  uldiv.o(.text)
    __aeabi_lmul                             0x0001848d   Thumb Code   122  llmul.o(.text)
    _ll_mul                                  0x0001848d   Thumb Code     0  llmul.o(.text)
    __aeabi_llsl                             0x00018507   Thumb Code    32  llshl.o(.text)
    _ll_shift_l                              0x00018507   Thumb Code     0  llshl.o(.text)
    __aeabi_llsr                             0x00018527   Thumb Code    34  llushr.o(.text)
    _ll_ushift_r                             0x00018527   Thumb Code     0  llushr.o(.text)
    __aeabi_lasr                             0x00018549   Thumb Code    38  llsshr.o(.text)
    _ll_sshift_r                             0x00018549   Thumb Code     0  llsshr.o(.text)
    _chval                                   0x0001856f   Thumb Code    30  _chval.o(.text)
    __vfscanf_char                           0x00018599   Thumb Code    24  scanf_char.o(.text)
    _sgetc                                   0x000185b9   Thumb Code    32  _sgetc.o(.text)
    _sbackspace                              0x000185d9   Thumb Code    36  _sgetc.o(.text)
    _strtoul                                 0x000185fd   Thumb Code   166  _strtoul.o(.text)
    __strtod_int                             0x000186db   Thumb Code    92  strtod.o(.text)
    __I$use$fp                               0x00018749   Thumb Code     0  iusefp.o(.text)
    _float_round                             0x00018749   Thumb Code    16  fepilogue.o(.text)
    _float_epilogue                          0x00018759   Thumb Code   116  fepilogue.o(.text)
    _double_round                            0x000187cd   Thumb Code    26  depilogue.o(.text)
    _double_epilogue                         0x000187e7   Thumb Code   166  depilogue.o(.text)
    __aeabi_ul2d                             0x0001888d   Thumb Code    22  dfltul.o(.text)
    __aeabi_d2ulz                            0x000188a9   Thumb Code    54  dfixul.o(.text)
    __scatterload                            0x000188e9   Thumb Code    28  init.o(.text)
    __scatterload_rt2                        0x000188e9   Thumb Code     0  init.o(.text)
    __vfscanf                                0x0001890d   Thumb Code   806  _scanf.o(.text)
    __decompress                             0x00018c41   Thumb Code     0  __dczerorl.o(.text)
    __decompress0                            0x00018c41   Thumb Code    58  __dczerorl.o(.text)
    Long Thumb to Thumb Veneer to SpSub      0x00018c7d   Thumb Code    12  anon$$obj.o(Veneer$$Code)
    USB_ReqGetDescriptor                     0x00018c89   Thumb Code   252  usbcore.o(i.USB_ReqGetDescriptor)
    USB_ReqGetStatus                         0x00018da1   Thumb Code   164  usbcore.o(i.USB_ReqGetStatus)
    USB_ReqSetClrFeature                     0x00018e65   Thumb Code   216  usbcore.o(i.USB_ReqSetClrFeature)
    USB_ReqSetConfiguration                  0x00018f55   Thumb Code   402  usbcore.o(i.USB_ReqSetConfiguration)
    USB_ReqSetInterface                      0x00019111   Thumb Code   296  usbcore.o(i.USB_ReqSetInterface)
    __0sprintf$8                             0x00019251   Thumb Code    36  printf8.o(i.__0sprintf$8)
    __1sprintf$8                             0x00019251   Thumb Code     0  printf8.o(i.__0sprintf$8)
    __2sprintf                               0x00019251   Thumb Code     0  printf8.o(i.__0sprintf$8)
    __0vsprintf                              0x00019279   Thumb Code    30  printfa.o(i.__0vsprintf)
    __1vsprintf                              0x00019279   Thumb Code     0  printfa.o(i.__0vsprintf)
    __2vsprintf                              0x00019279   Thumb Code     0  printfa.o(i.__0vsprintf)
    __c89vsprintf                            0x00019279   Thumb Code     0  printfa.o(i.__0vsprintf)
    vsprintf                                 0x00019279   Thumb Code     0  printfa.o(i.__0vsprintf)
    __ARM_clz                                0x0001929d   Thumb Code    46  depilogue.o(i.__ARM_clz)
    __ARM_common_switch8                     0x000192cb   Thumb Code    28  power_management.o(i.__ARM_common_switch8)
    __aeabi_errno_addr                       0x000192e9   Thumb Code     4  errno.o(i.__aeabi_errno_addr)
    __rt_errno_addr                          0x000192e9   Thumb Code     0  errno.o(i.__aeabi_errno_addr)
    __scatterload_copy                       0x000192f1   Thumb Code    14  handlers.o(i.__scatterload_copy)
    __scatterload_null                       0x000192ff   Thumb Code     2  handlers.o(i.__scatterload_null)
    __scatterload_zeroinit                   0x00019301   Thumb Code    14  handlers.o(i.__scatterload_zeroinit)
    _is_digit                                0x00019469   Thumb Code    14  scanf_fp.o(i._is_digit)
    floor                                    0x0001a04d   Thumb Code   182  floor.o(i.floor)
    strtod                                   0x0001a119   Thumb Code    28  strtod.o(i.strtod)
    HID_ReportDescriptor                     0x0001a22c   Data          28  usbdesc.o(.constdata)
    HID_ReportDescSize                       0x0001a248   Data           2  usbdesc.o(.constdata)
    USB_DeviceDescriptor                     0x0001a24a   Data          18  usbdesc.o(.constdata)
    USB_ConfigDescriptor                     0x0001a25c   Data          42  usbdesc.o(.constdata)
    USB_StringDescriptor                     0x0001a286   Data          84  usbdesc.o(.constdata)
    USB_P_EP                                 0x0001a2dc   Data           8  usbuser.o(.constdata)
    terminateStr                             0x0001a2e4   Data           7  at_command_parser.o(.constdata)
    callPickUpBuf                            0x0001a64c   Data           6  at_command_parser.o(.constdata)
    _ytab                                    0x0001a654   Data          96  m_time.o(.constdata)
    table                                    0x0001a784   Data          50  ambo_pedometer.o(.constdata)
    __ctype_table                            0x0001a7b6   Data         129  ctype_o.o(.constdata)
    Region$$Table$$Base                      0x0001a84c   Number         0  anon$$obj.o(Region$$Table)
    Region$$Table$$Limit                     0x0001a89c   Number         0  anon$$obj.o(Region$$Table)
    flagPwrOn                                0x1ffff000   Data           1  project_main.o(.data)
    flagPwrOff                               0x1ffff001   Data           1  project_main.o(.data)
    flagInitModem                            0x1ffff002   Data           1  project_main.o(.data)
    retryInitModemTimes                      0x1ffff003   Data           1  project_main.o(.data)
    mainCnt                                  0x1ffff004   Data           4  project_main.o(.data)
    offset                                   0x1ffff008   Data           4  project_main.o(.data)
    flagAutoAnswer                           0x1ffff00c   Data           1  project_main.o(.data)
    ringingCount                             0x1ffff00d   Data           1  project_main.o(.data)
    missCall                                 0x1ffff00e   Data           1  project_main.o(.data)
    pedometerEnable                          0x1ffff00f   Data           1  project_main.o(.data)
    pedometerCntDownTime                     0x1ffff010   Data           1  project_main.o(.data)
    lpwMode                                  0x1ffff011   Data           1  power_management.o(.data)
    sosStart                                 0x1ffff012   Data           1  sos_tasks.o(.data)
    sosSession                               0x1ffff013   Data           1  sos_tasks.o(.data)
    loneWorkerSos                            0x1ffff014   Data           1  sos_tasks.o(.data)
    noMovementSos                            0x1ffff015   Data           1  sos_tasks.o(.data)
    manDownSos                               0x1ffff016   Data           1  sos_tasks.o(.data)
    sosStartCallRetry                        0x1ffff017   Data           1  sos_tasks.o(.data)
    sosCancelCall                            0x1ffff018   Data           1  sos_tasks.o(.data)
    sosSendSmsRetry                          0x1ffff019   Data           1  sos_tasks.o(.data)
    dtmfKeyPressed                           0x1ffff01a   Data           1  sos_tasks.o(.data)
    dtmfPromptRetry                          0x1ffff01b   Data           1  sos_tasks.o(.data)
    callingNumberIndex                       0x1ffff01c   Data           1  sos_tasks.o(.data)
    nextNumberIndex                          0x1ffff01d   Data           1  sos_tasks.o(.data)
    sosActionSms                             0x1ffff01e   Data           1  sos_tasks.o(.data)
    sendSosAddressSms                        0x1ffff01f   Data           1  sos_tasks.o(.data)
    sendSosGGLinkSms                         0x1ffff020   Data           1  sos_tasks.o(.data)
    sendSosEndAddressSms                     0x1ffff021   Data           1  sos_tasks.o(.data)
    sendSosEndGGLinkSms                      0x1ffff022   Data           1  sos_tasks.o(.data)
    sendSosCancelSms                         0x1ffff023   Data           1  sos_tasks.o(.data)
    sosSmsSent                               0x1ffff024   Data           1  sos_tasks.o(.data)
    sosPhase                                 0x1ffff025   Data           1  sos_tasks.o(.data)
    sosAction                                0x1ffff026   Data           1  sos_tasks.o(.data)
    sosSuccess                               0x1ffff027   Data           1  sos_tasks.o(.data)
    familyVer2Retry                          0x1ffff028   Data           1  sos_tasks.o(.data)
    sendCallMeSms                            0x1ffff029   Data           1  sos_tasks.o(.data)
    initEmergencyCall                        0x1ffff02a   Data           1  io_tasks.o(.data)
    startCallRetry                           0x1ffff02b   Data           1  io_tasks.o(.data)
    answerCallRetry                          0x1ffff02c   Data           1  io_tasks.o(.data)
    hangUpCallRetry                          0x1ffff02d   Data           1  io_tasks.o(.data)
    ringing                                  0x1ffff02e   Data           1  io_tasks.o(.data)
    requestInitDtmf                          0x1ffff02f   Data           1  io_tasks.o(.data)
    dtmfInitialized                          0x1ffff030   Data           1  io_tasks.o(.data)
    dtmfSearchKey                            0x1ffff031   Data           1  io_tasks.o(.data)
    dtmfSearchKeyPressed                     0x1ffff032   Data           1  io_tasks.o(.data)
    startSendSmsRetry                        0x1ffff033   Data           1  io_tasks.o(.data)
    smsSent                                  0x1ffff034   Data           1  io_tasks.o(.data)
    smsPauseRequest                          0x1ffff035   Data           1  io_tasks.o(.data)
    powerAndSosKeyHold3Sec                   0x1ffff036   Data           1  io_tasks.o(.data)
    powerAndSosKeyHold1Sec                   0x1ffff037   Data           1  io_tasks.o(.data)
    sosKeyPressed                            0x1ffff038   Data           1  io_tasks.o(.data)
    powerKeyHold3Sec                         0x1ffff039   Data           1  io_tasks.o(.data)
    powerKeyHold2Sec                         0x1ffff03a   Data           1  io_tasks.o(.data)
    powerKeyHold1Sec                         0x1ffff03b   Data           1  io_tasks.o(.data)
    powerKeyPressed                          0x1ffff03c   Data           1  io_tasks.o(.data)
    promptRechargeBattery                    0x1ffff03d   Data           1  io_tasks.o(.data)
    promptAlarmWarning                       0x1ffff03e   Data           1  io_tasks.o(.data)
    playBeepSound                            0x1ffff03f   Data           1  io_tasks.o(.data)
    startCall                                0x1ffff040   Data           1  io_tasks.o(.data)
    endCall                                  0x1ffff041   Data           1  io_tasks.o(.data)
    answerCall                               0x1ffff042   Data           1  io_tasks.o(.data)
    voiceCall_TaskPhase                      0x1ffff043   Data           1  io_tasks.o(.data)
    smsPhase                                 0x1ffff044   Data           1  io_tasks.o(.data)
    smsPausedPhase                           0x1ffff045   Data           1  io_tasks.o(.data)
    uploadRetry                              0x1ffff046   Data           1  upload_config_task.o(.data)
    waitingForUploadRetry                    0x1ffff047   Data           1  upload_config_task.o(.data)
    sendConfigRetry                          0x1ffff048   Data           1  upload_config_task.o(.data)
    expectedUploadOffset                     0x1ffff04a   Data           2  upload_config_task.o(.data)
    lastUploadOffset                         0x1ffff04c   Data           2  upload_config_task.o(.data)
    sendPacketRetry                          0x1ffff04e   Data           1  upload_config_task.o(.data)
    uploadSession                            0x1ffff04f   Data           1  upload_config_task.o(.data)
    uploadOffset                             0x1ffff050   Data           2  upload_config_task.o(.data)
    uploadDataLen                            0x1ffff052   Data           2  upload_config_task.o(.data)
    cfgSize                                  0x1ffff054   Data           2  upload_config_task.o(.data)
    upConf_TaskPhase                         0x1ffff056   Data           1  upload_config_task.o(.data)
    gpsTimeSec                               0x1ffff058   Data           4  gps_task.o(.data)
    gpsInterval                              0x1ffff05c   Data           4  gps_task.o(.data)
    GPS_timeoutCheck                         0x1ffff060   Data           4  gps_task.o(.data)
    GPS_timeCnt                              0x1ffff064   Data           4  gps_task.o(.data)
    movementToCheckGps                       0x1ffff068   Data           1  gps_task.o(.data)
    timeGetGPS                               0x1ffff069   Data           1  gps_task.o(.data)
    lastGpsGotTime                           0x1ffff06c   Data           4  gps_task.o(.data)
    GPS_phase                                0x1ffff070   Data           1  gps_task.o(.data)
    serverWaitGpsFlag                        0x1ffff071   Data           1  gps_task.o(.data)
    gpsSleepCntTime                          0x1ffff074   Data           4  gps_task.o(.data)
    lastGpsFixed                             0x1ffff078   Data           1  gps_task.o(.data)
    gpsPromptFlag                            0x1ffff079   Data           1  gps_task.o(.data)
    saveGpsFlag                              0x1ffff07a   Data           1  gps_task.o(.data)
    sendGpsFlag                              0x1ffff07b   Data           1  gps_task.o(.data)
    flagSaveLog                              0x1ffff07c   Data           4  gps_task.o(.data)
    flagSaveTime                             0x1ffff080   Data           1  gps_task.o(.data)
    gpsPedometerFlag                         0x1ffff081   Data           1  gps_task.o(.data)
    intervalPedometerFlag                    0x1ffff082   Data           1  gps_task.o(.data)
    currentSpeed                             0x1ffff084   Data           4  gps_task.o(.data)
    llwuSource                               0x1ffff088   Data           4  llwu.o(.data)
    lpwTimerCnt                              0x1ffff08c   Data           1  llwu.o(.data)
    Data1                                    0x1ffff090   Data           4  usbhw.o(.data)
    OutEpSize                                0x1ffff094   Data           3  usbhw.o(.data)
    cellLocationFlag                         0x1ffff098   Data           1  at_command_parser.o(.data)
    smsCnt                                   0x1ffff09c   Data           4  at_command_parser.o(.data)
    smsNewMessageFlag                        0x1ffff0a0   Data           4  at_command_parser.o(.data)
    ringFlag                                 0x1ffff0a4   Data           4  at_command_parser.o(.data)
    pickUpCallFlag                           0x1ffff0a8   Data           1  at_command_parser.o(.data)
    smsSentFlag                              0x1ffff0a9   Data           1  at_command_parser.o(.data)
    smsModemAccept                           0x1ffff0aa   Data           1  at_command_parser.o(.data)
    inCalling                                0x1ffff0ab   Data           1  at_command_parser.o(.data)
    busyFlag                                 0x1ffff0ac   Data           1  at_command_parser.o(.data)
    noAnswerFlag                             0x1ffff0ad   Data           1  at_command_parser.o(.data)
    callUnsuccess                            0x1ffff0ae   Data           1  at_command_parser.o(.data)
    incomingCall                             0x1ffff0af   Data           1  at_command_parser.o(.data)
    getIncomingNumber                        0x1ffff0b0   Data           1  at_command_parser.o(.data)
    farHangUp                                0x1ffff0b1   Data           1  at_command_parser.o(.data)
    extendedErrorCode                        0x1ffff0b2   Data           2  at_command_parser.o(.data)
    gprsDeactivationFlag                     0x1ffff0b4   Data           1  at_command_parser.o(.data)
    gprsDataOffset                           0x1ffff0b8   Data           4  at_command_parser.o(.data)
    tcpSocketStatus                          0x1ffff0bc   Data           4  at_command_parser.o(.data)
    createSocketNow                          0x1ffff0c0   Data           1  at_command_parser.o(.data)
    socketRecvEnable                         0x1ffff0c4   Data           4  at_command_parser.o(.data)
    socketNo                                 0x1ffff0c8   Data           4  at_command_parser.o(.data)
    tcpTimeReCheckData                       0x1ffff0cc   Data           4  at_command_parser.o(.data)
    commandSeparator                         0x1ffff0d0   Data           4  at_command_parser.o(.data)
    gsmGetTimeFlag                           0x1ffff0d4   Data           1  at_command_parser.o(.data)
    pickUpPos                                0x1ffff0d5   Data           1  at_command_parser.o(.data)
    dataPhase                                0x1ffff0d6   Data           1  at_command_parser.o(.data)
    flagSmsReadFinish                        0x1ffff0d7   Data           1  at_command_parser.o(.data)
    gprsRecvPt                               0x1ffff10c   Data           4  at_command_parser.o(.data)
    gprsRecvDataLen                          0x1ffff110   Data           4  at_command_parser.o(.data)
    GPRS_dataUnackLength                     0x1ffff114   Data           4  at_command_parser.o(.data)
    socketMask                               0x1ffff118   Data           1  at_command_parser.o(.data)
    sysGsmTime                               0x1ffff119   Data           8  at_command_parser.o(.data)
    sysUploadConfig                          0x1ffff121   Data           1  system_config.o(.data)
    _daylight                                0x1ffff124   Data           4  m_time.o(.data)
    _dstbias                                 0x1ffff128   Data           4  m_time.o(.data)
    _timezone                                0x1ffff12c   Data           4  m_time.o(.data)
    gpsCheckSum                              0x1ffff134   Data           1  gps.o(.data)
    gpsCheckSumX                             0x1ffff135   Data           1  gps.o(.data)
    gpsGetCheckSumFlag                       0x1ffff136   Data           1  gps.o(.data)
    GPRMC_gotDataFlag                        0x1ffff137   Data           1  gps.o(.data)
    GPGGA_gotDataFlag                        0x1ffff138   Data           1  gps.o(.data)
    GPGSA_gotDataFlag                        0x1ffff139   Data           1  gps.o(.data)
    GPGSV_gotDataFlag                        0x1ffff13a   Data           1  gps.o(.data)
    msgGpsDataGood                           0x1ffff13b   Data           1  gps.o(.data)
    GPS_cmdState                             0x1ffff13c   Data           1  gps.o(.data)
    pPackGPRMC                               0x1ffff140   Data           4  gps.o(.data)
    pPackGPGGA                               0x1ffff144   Data           4  gps.o(.data)
    pPackGPGSA                               0x1ffff148   Data           4  gps.o(.data)
    pPackGPGSV                               0x1ffff14c   Data           4  gps.o(.data)
    GPS_numCmd                               0x1ffff150   Data           1  gps.o(.data)
    GPS_cmdRecvLength                        0x1ffff154   Data           4  gps.o(.data)
    adcInit                                  0x1ffff158   Data           1  audio.o(.data)
    tmp1_cnt                                 0x1ffff15c   Data           4  audio.o(.data)
    tmp1_cnt1                                0x1ffff160   Data           4  audio.o(.data)
    i16Temp                                  0x1ffff164   Data           2  ambo_pedometer.o(.data)
    first_loop                               0x1ffff168   Data           2  ambo_pedometer.o(.data)
    step_cnt                                 0x1ffff16a   Data           2  ambo_pedometer.o(.data)
    cnt                                      0x1ffff16c   Data           2  ambo_pedometer.o(.data)
    prev_cnt                                 0x1ffff16e   Data           2  ambo_pedometer.o(.data)
    cnt_flg                                  0x1ffff170   Data           2  ambo_pedometer.o(.data)
    cnt_trip                                 0x1ffff172   Data           2  ambo_pedometer.o(.data)
    disp_trip                                0x1ffff174   Data           2  ambo_pedometer.o(.data)
    i                                        0x1ffff176   Data           2  ambo_pedometer.o(.data)
    g_index                                  0x1ffff178   Data           2  ambo_pedometer.o(.data)
    reset_time                               0x1ffff17a   Data           2  ambo_pedometer.o(.data)
    length_g                                 0x1ffff17c   Data           2  ambo_pedometer.o(.data)
    pos_flg                                  0x1ffff17e   Data           2  ambo_pedometer.o(.data)
    vcnt_up                                  0x1ffff180   Data           2  ambo_pedometer.o(.data)
    vcnt_dn                                  0x1ffff182   Data           2  ambo_pedometer.o(.data)
    strt_trip                                0x1ffff184   Data           2  ambo_pedometer.o(.data)
    up_flg                                   0x1ffff186   Data           2  ambo_pedometer.o(.data)
    dn_flg                                   0x1ffff188   Data           2  ambo_pedometer.o(.data)
    cnt_dn                                   0x1ffff18a   Data           2  ambo_pedometer.o(.data)
    no_cnt_flg                               0x1ffff18c   Data           2  ambo_pedometer.o(.data)
    g_prev                                   0x1ffff18e   Data           2  ambo_pedometer.o(.data)
    i32Temp                                  0x1ffff190   Data           4  ambo_pedometer.o(.data)
    acclInit                                 0x1ffff194   Data           4  pedometer_task.o(.data)
    acclFlag                                 0x1ffff198   Data           1  pedometer_task.o(.data)
    Pedometer                                0x1ffff19a   Data           6  pedometer_task.o(.data)
    devicePosition                           0x1ffff1a0   Data           1  pedometer_task.o(.data)
    tSosTaskTimeOut                          0x1ffff1a8   Data          12  sos_tasks.o(.bss)
    tPromptStandByTimeOut                    0x1ffff1b4   Data          12  sos_tasks.o(.bss)
    tPromptCallBackTimeOut                   0x1ffff1c0   Data          12  sos_tasks.o(.bss)
    tWaitForCallTimeOut                      0x1ffff1cc   Data          12  sos_tasks.o(.bss)
    tWaitDtmfKeyPressTimeout                 0x1ffff1d8   Data          12  sos_tasks.o(.bss)
    tDtmfPromptTimeout                       0x1ffff1e4   Data          12  sos_tasks.o(.bss)
    tWaitCallAnswer                          0x1ffff1f0   Data          12  sos_tasks.o(.bss)
    tWaitModemInitTimeout                    0x1ffff1fc   Data          12  sos_tasks.o(.bss)
    callerPhoneNo                            0x1ffff208   Data          16  sos_tasks.o(.bss)
    addressData                              0x1ffff218   Data         110  sos_tasks.o(.bss)
    sosStartTime                             0x1ffff286   Data           9  sos_tasks.o(.bss)
    sosEndTime                               0x1ffff28f   Data           9  sos_tasks.o(.bss)
    sosStartLocation                         0x1ffff298   Data          22  sos_tasks.o(.bss)
    sosEndLocation                           0x1ffff2ae   Data          22  sos_tasks.o(.bss)
    tVoiceCallTaskTimeOut                    0x1ffff2c4   Data          12  io_tasks.o(.bss)
    tCallRingCheckTimeOut                    0x1ffff2d0   Data          12  io_tasks.o(.bss)
    tVoiceCallRetryTimeOut                   0x1ffff2dc   Data          12  io_tasks.o(.bss)
    tStartCallErrorTimeOut                   0x1ffff2e8   Data          12  io_tasks.o(.bss)
    tSmsTaskTimeOut                          0x1ffff2f4   Data          12  io_tasks.o(.bss)
    tSmsCheckTimeOut                         0x1ffff300   Data          12  io_tasks.o(.bss)
    tSmsWaitPauseTimeOut                     0x1ffff30c   Data          12  io_tasks.o(.bss)
    tPowerOffTimeOut                         0x1ffff318   Data          12  io_tasks.o(.bss)
    tWaitCallActionTimeOut                   0x1ffff324   Data          12  io_tasks.o(.bss)
    dialingPhoneNumber                       0x1ffff330   Data          16  io_tasks.o(.bss)
    incomingCallPhoneNo                      0x1ffff340   Data          16  io_tasks.o(.bss)
    smsSend                                  0x1ffff350   Data         272  io_tasks.o(.bss)
    USART0_RxBuff                            0x1ffff460   Data          64  uart.o(.bss)
    USART1_RxBuff                            0x1ffff4a0   Data         256  uart.o(.bss)
    USART0_RxRingBuff                        0x1ffff5a0   Data          16  uart.o(.bss)
    USART1_RxRingBuff                        0x1ffff5b0   Data          16  uart.o(.bss)
    EP0Buf                                   0x1ffff5c0   Data          64  usbcore.o(.bss)
    smsUnreadBuff                            0x1ffff600   Data          32  at_command_parser.o(.bss)
    gprsLengthBuff                           0x1ffff620   Data          16  at_command_parser.o(.bss)
    cellLocationBuf                          0x1ffff630   Data         128  at_command_parser.o(.bss)
    smsBuf                                   0x1ffff6b0   Data         255  at_command_parser.o(.bss)
    smsSender                                0x1ffff7af   Data          18  at_command_parser.o(.bss)
    smsUnreadRingBuff                        0x1ffff7c4   Data          16  at_command_parser.o(.bss)
    gprsRingLengthBuff                       0x1ffff7d4   Data          16  at_command_parser.o(.bss)
    DNS_serverIp                             0x1ffff7e4   Data          16  at_command_parser.o(.bss)
    cmdCnt                                   0x1ffff7f4   Data          24  at_command_parser.o(.bss)
    AT_CmdParser                             0x1ffff80c   Data          16  at_command_parser.o(.bss)
    trackerLog                               0x1ffff81c   Data          34  db.o(.bss)
    dbTimeZone                               0x1ffff840   Data          12  db.o(.bss)
    pwrStatus                                0x1ffff84c   Data          12  db.o(.bss)
    gpsLat                                   0x1ffff858   Data          12  db.o(.bss)
    gpsLon                                   0x1ffff864   Data          12  db.o(.bss)
    gpsHDOP                                  0x1ffff870   Data          12  db.o(.bss)
    gpsDir                                   0x1ffff87c   Data          12  db.o(.bss)
    cellLat                                  0x1ffff888   Data          12  db.o(.bss)
    cellLon                                  0x1ffff894   Data          12  db.o(.bss)
    cellHDOP                                 0x1ffff8a0   Data          12  db.o(.bss)
    cellDir                                  0x1ffff8ac   Data          12  db.o(.bss)
    timeSave                                 0x1ffff8b8   Data          12  db.o(.bss)
    key                                      0x1ffff8c4   Data          56  tick.o(.bss)
    SpSub                                    0x20000001   Thumb Code    26  flash_ramfunc.o(.text)
    gprs_Task                                0x20000020   Data           1  gsm_gprs_tasks.o(.data)
    sendPowerCmd_TaskPhase                   0x20000021   Data           1  gsm_gprs_tasks.o(.data)
    sendGpsData_TaskPhase                    0x20000022   Data           1  gsm_gprs_tasks.o(.data)
    priDServer                               0x20000023   Data           1  gsm_gprs_tasks.o(.data)
    priFServer                               0x20000024   Data           1  gsm_gprs_tasks.o(.data)
    taskRetry                                0x20000025   Data           1  gsm_gprs_tasks.o(.data)
    createSocketConError                     0x20000026   Data           1  gsm_gprs_tasks.o(.data)
    msgSentCnt                               0x20000027   Data           1  gsm_gprs_tasks.o(.data)
    tcpResendDataTimes                       0x20000028   Data           1  gsm_gprs_tasks.o(.data)
    gprsDataLength                           0x2000002c   Data           4  gsm_gprs_tasks.o(.data)
    sosDataLength                            0x20000030   Data           4  gsm_gprs_tasks.o(.data)
    enableGprsRetry                          0x20000034   Data           1  gsm_gprs_tasks.o(.data)
    serverConnectRetry                       0x20000035   Data           1  gsm_gprs_tasks.o(.data)
    gprsSendDataRetry                        0x20000036   Data           1  gsm_gprs_tasks.o(.data)
    registerNetworkRetry                     0x20000037   Data           1  gsm_gprs_tasks.o(.data)
    isPowerOffCmd                            0x20000038   Data           1  gsm_gprs_tasks.o(.data)
    gprsProfileEnabled                       0x20000039   Data           1  gsm_gprs_tasks.o(.data)
    sendFirstPacket                          0x2000003a   Data           1  gsm_gprs_tasks.o(.data)
    svUseIP                                  0x2000003b   Data           1  gsm_gprs_tasks.o(.data)
    priServerIp                              0x2000003c   Data           4  gsm_gprs_tasks.o(.data)
    priServerPort                            0x20000040   Data           2  gsm_gprs_tasks.o(.data)
    gsm_TaskPhase                            0x20000042   Data           1  gsm_gprs_tasks.o(.data)
    tcpAckCheckTimes                         0x20000043   Data           1  gsm_gprs_tasks.o(.data)
    mcg_clk_hz                               0x20000044   Data           4  sysinit.o(.data)
    mcg_clk_khz                              0x20000048   Data           4  sysinit.o(.data)
    core_clk_khz                             0x2000004c   Data           4  sysinit.o(.data)
    periph_clk_khz                           0x20000050   Data           4  sysinit.o(.data)
    pll_clk_khz                              0x20000054   Data           4  sysinit.o(.data)
    uart0_clk_khz                            0x20000058   Data           4  sysinit.o(.data)
    SystemCoreClock                          0x2000005c   Data           4  system_mkl25z4.o(.data)
    USB_DeviceStatus                         0x20000060   Data           2  usbcore.o(.data)
    USB_DeviceAddress                        0x20000062   Data           1  usbcore.o(.data)
    USB_Configuration                        0x20000063   Data           1  usbcore.o(.data)
    USB_EndPointMask                         0x20000064   Data           4  usbcore.o(.data)
    USB_EndPointHalt                         0x20000068   Data           4  usbcore.o(.data)
    USB_EndPointStall                        0x2000006c   Data           4  usbcore.o(.data)
    USB_NumInterfaces                        0x20000070   Data           1  usbcore.o(.data)
    USB_AltSetting                           0x20000071   Data           2  usbcore.o(.data)
    EP0Data                                  0x20000074   Data           8  usbcore.o(.data)
    SetupPacket                              0x2000007c   Data           8  usbcore.o(.data)
    HID_DepInEmpty                           0x20000084   Data           1  hiduser.o(.data)
    HID_Protocol                             0x20000085   Data           1  hiduser.o(.data)
    HID_IdleTime                             0x20000086   Data           1  hiduser.o(.data)
    countErrTemp                             0x20000088   Data           4  sst25.o(.data)
    modemOk                                  0x2000008c   Data           4  modem.o(.data)
    modemError                               0x20000090   Data           4  modem.o(.data)
    modemRinging                             0x20000094   Data           1  modem.o(.data)
    modemStarted                             0x20000095   Data           1  modem.o(.data)
    csqValue                                 0x20000098   Data           4  modem.o(.data)
    gsmSignal                                0x2000009c   Data           1  modem.o(.data)
    batteryPercent                           0x200000a0   Data           4  modem.o(.data)
    agpsRestartCnt                           0x200000a4   Data           4  modem.o(.data)
    flagGsmStatus                            0x200000a8   Data           1  modem.o(.data)
    criticalCmd                              0x200000a9   Data           1  modem.o(.data)
    modemCmd_TaskPhase                       0x200000aa   Data           1  modem.o(.data)
    cmdRetry                                 0x200000ab   Data           1  modem.o(.data)
    cmdTimeout                               0x200000ac   Data           4  modem.o(.data)
    cmdDelay                                 0x200000b0   Data           4  modem.o(.data)
    cmdTimeoutCount                          0x200000b4   Data           1  modem.o(.data)
    modemCancel                              0x200000b5   Data           1  modem.o(.data)
    cellPass                                 0x200000b8   Data           4  modem.o(.data)
    modemCmpOk                               0x200000bc   Data           8  modem.o(.data)
    modemCmpFails                            0x200000c4   Data           8  modem.o(.data)
    timeZone                                 0x200000cc   Data           4  sys_time.o(.data)
    sysTime                                  0x200000d0   Data           8  sys_time.o(.data)
    logPositionCnt                           0x200000d8   Data           4  db.o(.data)
    flagNewLog                               0x200000dc   Data           4  db.o(.data)
    mileageCnt                               0x200000e0   Data           4  db.o(.data)
    totalPulse                               0x200000e4   Data           4  db.o(.data)
    totalPulseCnt                            0x200000e8   Data           4  db.o(.data)
    resetCnt                                 0x200000ec   Data           4  db.o(.data)
    mileage                                  0x200000f0   Data           4  db.o(.data)
    resetNum                                 0x200000f4   Data           4  db.o(.data)
    timer0Cnt                                0x200000f8   Data           4  tracker.o(.data)
    gsmTimeSec                               0x200000fc   Data           4  tracker.o(.data)
    hasMoved                                 0x20000100   Data           1  tracker.o(.data)
    trackerEnable                            0x20000101   Data           1  tracker.o(.data)
    sendCellFlag                             0x20000102   Data           1  tracker.o(.data)
    rtcTimeSec                               0x20000108   Data           4  tick.o(.data)
    tickCounter32                            0x2000010c   Data           4  tick.o(.data)
    tickCounter64                            0x20000110   Data           8  tick.o(.data)
    calibFlag                                0x20000118   Data           4  tick.o(.data)
    LPTM_calibValue                          0x2000011c   Data           4  tick.o(.data)
    LPT_tickSec                              0x20000120   Data           4  tick.o(.data)
    LPTM_CalcOk                              0x20000124   Data           4  tick.o(.data)
    loneWorkerCountdownCnt                   0x20000128   Data           4  tick.o(.data)
    loneWorkerIntervalCnt                    0x2000012c   Data           4  tick.o(.data)
    loneWorkerAlarmActiveFlag                0x20000130   Data           1  tick.o(.data)
    loneWorkerWarningFlag                    0x20000131   Data           1  tick.o(.data)
    flagLoneWorkerReset                      0x20000132   Data           1  tick.o(.data)
    noMovementCountdownCnt                   0x20000134   Data           4  tick.o(.data)
    noMovementIntervalCnt                    0x20000138   Data           4  tick.o(.data)
    noMovementAlarmActiveFlag                0x2000013c   Data           1  tick.o(.data)
    noMovementWarningFlag                    0x2000013d   Data           1  tick.o(.data)
    flagNoMovementReset                      0x2000013e   Data           1  tick.o(.data)
    manDownCountdownCnt                      0x2000013f   Data           1  tick.o(.data)
    manDownIntervalCnt                       0x20000140   Data           4  tick.o(.data)
    manDownAlarmActiveFlag                   0x20000144   Data           1  tick.o(.data)
    manDownWarningFlag                       0x20000145   Data           1  tick.o(.data)
    flagManDownReset                         0x20000146   Data           1  tick.o(.data)
    ringingDetectFlag                        0x20000147   Data           1  tick.o(.data)
    ringingCountDown                         0x20000148   Data           1  tick.o(.data)
    ringingFlag                              0x20000149   Data           1  tick.o(.data)
    LPTcnt                                   0x2000014c   Data           4  tick.o(.data)
    ledControlEnable                         0x20000150   Data           1  tick.o(.data)
    powerOnLedFlash                          0x20000151   Data           1  tick.o(.data)
    powerOnLedFlashCnt                       0x20000152   Data           2  tick.o(.data)
    redLedFlashCnt                           0x20000154   Data           2  tick.o(.data)
    greenLedFlashCnt                         0x20000156   Data           2  tick.o(.data)
    blueLedFlashCnt                          0x20000158   Data           2  tick.o(.data)
    PIT_cntValue                             0x2000015c   Data           4  tick.o(.data)
    timer1Cnt                                0x20000160   Data           4  dbg_cfg_app.o(.data)
    request                                  0x20000164   Data           1  dbg_cfg_app.o(.data)
    oldPacketNo                              0x20000168   Data           4  dbg_cfg_app.o(.data)
    packetStatus                             0x2000016c   Data           4  dbg_cfg_app.o(.data)
    logEnable                                0x20000170   Data           1  dbg_cfg_app.o(.data)
    usbRecv                                  0x20000171   Data           1  dbg_cfg_app.o(.data)
    PrevXferComplete                         0x20000172   Data           1  dbg_cfg_app.o(.data)
    enableUSB_Manager                        0x20000174   Data           4  dbg_cfg_app.o(.data)
    testBitsUart0                            0x20000178   Data           4  dbg_cfg_app.o(.data)
    testBitsUart1                            0x2000017c   Data           4  dbg_cfg_app.o(.data)
    packetLen                                0x20000184   Data           4  dbg_cfg_app.o(.data)
    vpacketNo                                0x20000188   Data           4  dbg_cfg_app.o(.data)
    packetPtr                                0x2000018c   Data           4  dbg_cfg_app.o(.data)
    recordFileSize                           0x20000190   Data           4  dbg_cfg_app.o(.data)
    recordFileOfset                          0x20000194   Data           4  dbg_cfg_app.o(.data)
    timer2Cnt                                0x20000198   Data           4  dbg_cfg_app.o(.data)
    flashAddr                                0x2000019c   Data           4  dbg_cfg_app.o(.data)
    flashDataPt                              0x200001a0   Data           4  dbg_cfg_app.o(.data)
    flashDataLen                             0x200001a4   Data           2  dbg_cfg_app.o(.data)
    flashWriteFlag                           0x200001a6   Data           1  dbg_cfg_app.o(.data)
    flashReadFlag                            0x200001a7   Data           1  dbg_cfg_app.o(.data)
    dail1                                    0x200001c0   Data         532  dtmf_app.o(.data)
    DEMF_Enable                              0x200003d4   Data           1  dtmf_app.o(.data)
    tSMSCheckTimeout                         0x200003d8   Data          12  project_main.o(.bss)
    tSleepTimeout                            0x200003e4   Data          12  project_main.o(.bss)
    sdfs                                     0x200003f0   Data         552  project_common.o(.bss)
    mainBuf                                  0x20000618   Data        1280  project_common.o(.bss)
    tTaskPhaseTimeOut                        0x20000b18   Data          12  gsm_gprs_tasks.o(.bss)
    tCheckAckTimeOut                         0x20000b24   Data          12  gsm_gprs_tasks.o(.bss)
    tCollectDataTimeOut                      0x20000b30   Data          12  gsm_gprs_tasks.o(.bss)
    tGsmTaskPhaseTimeOut                     0x20000b3c   Data          12  gsm_gprs_tasks.o(.bss)
    tWaitSendDataTimeOut                     0x20000b48   Data          12  gsm_gprs_tasks.o(.bss)
    gprsData                                 0x20000b54   Data         560  gsm_gprs_tasks.o(.bss)
    mainBuf1                                 0x20000d84   Data         256  gsm_gprs_tasks.o(.bss)
    sosData                                  0x20000e84   Data         256  gsm_gprs_tasks.o(.bss)
    tUploadConfigTimeout                     0x20000f84   Data          12  upload_config_task.o(.bss)
    BD                                       0x20001000   Data          96  usbhw.o(.bss)
    EPBuf                                    0x20001060   Data         768  usbhw.o(.bss)
    HID_TxBuff                               0x20001360   Data         256  hiduser.o(.bss)
    HID_RxBuff                               0x20001460   Data          64  hiduser.o(.bss)
    HID_TxRingBuff                           0x200014a0   Data          16  hiduser.o(.bss)
    HID_RxRingBuff                           0x200014b0   Data          16  hiduser.o(.bss)
    modemId                                  0x20001540   Data          16  modem.o(.bss)
    csqBuff                                  0x20001550   Data          16  modem.o(.bss)
    modemAtCmdBuf                            0x20001560   Data         128  modem.o(.bss)
    tModemAtTimeout                          0x200015e0   Data          12  modem.o(.bss)
    tModemCancelTimeout                      0x200015ec   Data          12  modem.o(.bss)
    modemResOkBuf                            0x200015f8   Data          32  modem.o(.bss)
    modemResFailsBuf                         0x20001618   Data          32  modem.o(.bss)
    cellLocate                               0x20001638   Data          64  modem.o(.bss)
    sysCfg                                   0x20001678   Data        1254  system_config.o(.bss)
    logRecord                                0x20001b5e   Data          76  tracker.o(.bss)
    logRecordTemp                            0x20001baa   Data          76  tracker.o(.bss)
    trackerMsg                               0x20001bf6   Data         231  tracker.o(.bss)
    buffGPRMC                                0x20001ce0   Data          80  gps.o(.bss)
    buffGPGGA                                0x20001d30   Data          80  gps.o(.bss)
    buffGPGSA                                0x20001d80   Data          80  gps.o(.bss)
    buffGPGSV                                0x20001dd0   Data          80  gps.o(.bss)
    msgTerm                                  0x20001e20   Data          80  gps.o(.bss)
    GPS_Buff                                 0x20001e70   Data         128  gps.o(.bss)
    gpsInfo                                  0x20001ef0   Data         144  gps.o(.bss)
    lastGpsInfo                              0x20001f80   Data         144  gps.o(.bss)
    GPS_cmdCnt                               0x20002010   Data          16  gps.o(.bss)
    USB_ProtoRecv                            0x20002120   Data          16  dbg_cfg_app.o(.bss)
    USB_ProtoSend                            0x20002130   Data          16  dbg_cfg_app.o(.bss)
    USB_DataBuff                             0x20002140   Data          36  dbg_cfg_app.o(.bss)
    USB_parserPacket                         0x20002164   Data          10  dbg_cfg_app.o(.bss)
    comBuf                                   0x2000216e   Data         256  dbg_cfg_app.o(.bss)
    comRingBuf                               0x20002270   Data          16  dbg_cfg_app.o(.bss)
    cfgSendData                              0x20002280   Data          12  dbg_cfg_app.o(.bss)
    pt                                       0x2000228c   Data          12  dbg_cfg_app.o(.bss)
    audio                                    0x200024b4   Data         200  audio.o(.bss)
    audioPlayRingBuff                        0x2000257c   Data          16  audio.o(.bss)
    audioPlayBuf                             0x2000258c   Data         128  audio.o(.bss)
    DTMF_ringBuff                            0x2000260c   Data          16  dtmf_app.o(.bss)
    DTMF_buf                                 0x2000261c   Data          32  dtmf_app.o(.bss)
    sample_x                                 0x2000273c   Data         100  ambo_pedometer.o(.bss)
    sample_y                                 0x200027a0   Data         100  ambo_pedometer.o(.bss)
    sample_z                                 0x20002804   Data         100  ambo_pedometer.o(.bss)
    sample_x_t                               0x20002868   Data          48  ambo_pedometer.o(.bss)
    sample_y_t                               0x20002898   Data          48  ambo_pedometer.o(.bss)
    sample_z_t                               0x200028c8   Data          48  ambo_pedometer.o(.bss)
    g                                        0x200028f8   Data          76  ambo_pedometer.o(.bss)
    g_temp                                   0x20002944   Data          24  ambo_pedometer.o(.bss)
    xl362                                    0x2000295c   Data          16  pedometer_task.o(.bss)
    __initial_sp                             0x20002ff8   Number         0  startup_mkl25z4.o ABSOLUTE



==============================================================================

Memory Map of the image

  Image Entry point : 0x00000411

  Load Region LR_IROM1 (Base: 0x00000000, Size: 0x0001ae1c, Max: 0x00020000, ABSOLUTE, COMPRESSED[0x0001a934])

    Execution Region ER_IROM1 (Base: 0x00000000, Size: 0x0001a89c, Max: 0x00020000, ABSOLUTE)

    Base Addr    Size         Type   Attr      Idx    E Section Name        Object

    0x00000000   0x00000400   Data   RO          611    RESET               startup_mkl25z4.o
    0x00000400   0x00000010   Code   RO          612    .ARM.__at_0x400     startup_mkl25z4.o
    0x00000410   0x00000000   Code   RO         1614  * .ARM.Collect$$$$00000000  mc_p.l(entry.o)
    0x00000410   0x00000004   Code   RO         1984    .ARM.Collect$$$$00000001  mc_p.l(entry2.o)
    0x00000414   0x00000004   Code   RO         1987    .ARM.Collect$$$$00000004  mc_p.l(entry5.o)
    0x00000418   0x00000000   Code   RO         1989    .ARM.Collect$$$$00000008  mc_p.l(entry7b.o)
    0x00000418   0x00000000   Code   RO         1991    .ARM.Collect$$$$0000000A  mc_p.l(entry8b.o)
    0x00000418   0x00000008   Code   RO         1992    .ARM.Collect$$$$0000000B  mc_p.l(entry9a.o)
    0x00000420   0x00000000   Code   RO         1994    .ARM.Collect$$$$0000000D  mc_p.l(entry10a.o)
    0x00000420   0x00000000   Code   RO         1996    .ARM.Collect$$$$0000000F  mc_p.l(entry11a.o)
    0x00000420   0x00000004   Code   RO         1985    .ARM.Collect$$$$00002712  mc_p.l(entry2.o)
    0x00000424   0x00000b54   Code   RO            3    .text               project_main.o
    0x00000f78   0x0000088c   Code   RO          299    .text               power_management.o
    0x00001804   0x00001fc4   Code   RO          342    .text               gsm_gprs_tasks.o
    0x000037c8   0x00000dc0   Code   RO          379    .text               sos_tasks.o
    0x00004588   0x00001a30   Code   RO          417    .text               io_tasks.o
    0x00005fb8   0x00000c68   Code   RO          446    .text               upload_config_task.o
    0x00006c20   0x00000440   Code   RO          471    .text               gps_task.o
    0x00007060   0x0000017c   Code   RO          510    .text               start.o
    0x000071dc   0x00000104   Code   RO          533    .text               sysinit.o
    0x000072e0   0x00000214   Code   RO          559    .text               system_mkl25z4.o
    0x000074f4   0x00000060   Code   RO          591    .text               nmi_isr_handler.o
    0x00007554   0x0000001c   Code   RO          613    .text               startup_mkl25z4.o
    0x00007570   0x00000378   Code   RO          621    .text               llwu.o
    0x000078e8   0x00001ea8   Code   RO          652    .text               mcg.o
    0x00009790   0x00000002   Code   RO          676    .text               rcm.o
    0x00009792   0x00000002   PAD
    0x00009794   0x00000358   Code   RO          696    .text               smc.o
    0x00009aec   0x00000454   Code   RO          716    .text               uart.o
    0x00009f40   0x000000f8   Code   RO          769    .text               spi.o
    0x0000a038   0x000001a0   Code   RO          809    .text               flash_ftfa.o
    0x0000a1d8   0x000003c0   Code   RO          856    .text               usbcore.o
    0x0000a598   0x00000680   Code   RO          930    .text               usbhw.o
    0x0000ac18   0x00000044   Code   RO          975    .text               usbuser.o
    0x0000ac5c   0x00000098   Code   RO         1002    .text               ringbuf.o
    0x0000acf4   0x0000010c   Code   RO         1016    .text               hiduser.o
    0x0000ae00   0x000002c4   Code   RO         1043    .text               sst25.o
    0x0000b0c4   0x00000c18   Code   RO         1066    .text               modem.o
    0x0000bcdc   0x00003234   Code   RO         1099    .text               at_command_parser.o
    0x0000ef10   0x00000b64   Code   RO         1133    .text               system_config.o
    0x0000fa74   0x00000618   Code   RO         1158    .text               m_time.o
    0x0001008c   0x00000258   Code   RO         1177    .text               sys_time.o
    0x000102e4   0x00000158   Code   RO         1208    .text               string_parser.o
    0x0001043c   0x00000b6c   Code   RO         1223    .text               db.o
    0x00010fa8   0x0000076c   Code   RO         1250    .text               tracker.o
    0x00011714   0x000010d0   Code   RO         1279    .text               gprs_cmd_ctrl.o
    0x000127e4   0x00000f24   Code   RO         1298    .text               gps.o
    0x00013708   0x00000bb0   Code   RO         1328    .text               tick.o
    0x000142b8   0x00000d30   Code   RO         1363    .text               dbg_cfg_app.o
    0x00014fe8   0x00000092   Code   RO         1397    .text               diskio.o
    0x0001507a   0x00000002   PAD
    0x0001507c   0x00000c34   Code   RO         1412    .text               ff.o
    0x00015cb0   0x00000094   Code   RO         1429    .text               flash_mem.o
    0x00015d44   0x000008fc   Code   RO         1449    .text               audio.o
    0x00016640   0x00000210   Code   RO         1476    .text               dtmf_app.o
    0x00016850   0x000003d0   Code   RO         1509    .text               dtmf.o
    0x00016c20   0x00000144   Code   RO         1538    .text               xl362_io.o
    0x00016d64   0x000005cc   Code   RO         1556    .text               ambo_pedometer.o
    0x00017330   0x000002cc   Code   RO         1578    .text               pedometer_task.o
    0x000175fc   0x0000002c   Code   RO         1617    .text               mc_p.l(uidiv.o)
    0x00017628   0x00000028   Code   RO         1619    .text               mc_p.l(idiv.o)
    0x00017650   0x00000008   Code   RO         1621    .text               mc_p.l(ctype_o.o)
    0x00017658   0x00000012   Code   RO         1643    .text               mc_p.l(isspace_o.o)
    0x0001766a   0x00000024   Code   RO         1649    .text               mc_p.l(memcpya.o)
    0x0001768e   0x00000024   Code   RO         1651    .text               mc_p.l(memseta.o)
    0x000176b2   0x00000018   Code   RO         1653    .text               mc_p.l(strcat.o)
    0x000176ca   0x00000028   Code   RO         1655    .text               mc_p.l(strstr.o)
    0x000176f2   0x0000000e   Code   RO         1657    .text               mc_p.l(strlen.o)
    0x00017700   0x0000001c   Code   RO         1659    .text               mc_p.l(strcmp.o)
    0x0001771c   0x00000014   Code   RO         1661    .text               mc_p.l(memchr.o)
    0x00017730   0x0000001a   Code   RO         1663    .text               mc_p.l(memcmp.o)
    0x0001774a   0x00000012   Code   RO         1665    .text               mc_p.l(strcpy.o)
    0x0001775c   0x00000014   Code   RO         1930    .text               mc_p.l(uread4.o)
    0x00017770   0x0000001c   Code   RO         1932    .text               mc_p.l(uread8.o)
    0x0001778c   0x00000012   Code   RO         1934    .text               mc_p.l(uwrite4.o)
    0x0001779e   0x0000001e   Code   RO         1936    .text               mc_p.l(uwrite8.o)
    0x000177bc   0x0000003c   Code   RO         1938    .text               mc_p.l(__0sscanf.o)
    0x000177f8   0x0000014a   Code   RO         1940    .text               mc_p.l(_scanf_int.o)
    0x00017942   0x000000e4   Code   RO         1942    .text               mc_p.l(_scanf_str.o)
    0x00017a26   0x00000002   PAD
    0x00017a28   0x0000034c   Code   RO         1944    .text               mc_p.l(scanf_fp.o)
    0x00017d74   0x00000070   Code   RO         1948    .text               mc_p.l(strtol.o)
    0x00017de4   0x000000b2   Code   RO         1950    .text               mf_p.l(fadd.o)
    0x00017e96   0x0000007a   Code   RO         1952    .text               mf_p.l(fmul.o)
    0x00017f10   0x0000007c   Code   RO         1954    .text               mf_p.l(fdiv.o)
    0x00017f8c   0x00000164   Code   RO         1956    .text               mf_p.l(dadd.o)
    0x000180f0   0x000000d0   Code   RO         1958    .text               mf_p.l(dmul.o)
    0x000181c0   0x000000f0   Code   RO         1960    .text               mf_p.l(ddiv.o)
    0x000182b0   0x00000016   Code   RO         1962    .text               mf_p.l(fflti.o)
    0x000182c6   0x0000000e   Code   RO         1964    .text               mf_p.l(ffltui.o)
    0x000182d4   0x0000001c   Code   RO         1966    .text               mf_p.l(dfltui.o)
    0x000182f0   0x00000028   Code   RO         1968    .text               mf_p.l(ffixui.o)
    0x00018318   0x0000003c   Code   RO         1970    .text               mf_p.l(dfixui.o)
    0x00018354   0x00000028   Code   RO         1972    .text               mf_p.l(f2d.o)
    0x0001837c   0x00000028   Code   RO         1974    .text               mf_p.l(cdcmple.o)
    0x000183a4   0x00000028   Code   RO         1976    .text               mf_p.l(cdrcmple.o)
    0x000183cc   0x00000038   Code   RO         1978    .text               mf_p.l(d2f.o)
    0x00018404   0x00000014   Code   RO         1980    .text               mf_p.l(cfcmple.o)
    0x00018418   0x00000014   Code   RO         1982    .text               mf_p.l(cfrcmple.o)
    0x0001842c   0x00000060   Code   RO         2001    .text               mc_p.l(uldiv.o)
    0x0001848c   0x0000007a   Code   RO         2003    .text               mc_p.l(llmul.o)
    0x00018506   0x00000020   Code   RO         2005    .text               mc_p.l(llshl.o)
    0x00018526   0x00000022   Code   RO         2007    .text               mc_p.l(llushr.o)
    0x00018548   0x00000026   Code   RO         2009    .text               mc_p.l(llsshr.o)
    0x0001856e   0x0000001e   Code   RO         2018    .text               mc_p.l(_chval.o)
    0x0001858c   0x0000002c   Code   RO         2020    .text               mc_p.l(scanf_char.o)
    0x000185b8   0x00000044   Code   RO         2022    .text               mc_p.l(_sgetc.o)
    0x000185fc   0x000000a6   Code   RO         2024    .text               mc_p.l(_strtoul.o)
    0x000186a2   0x00000002   PAD
    0x000186a4   0x000000a4   Code   RO         2026    .text               mc_p.l(strtod.o)
    0x00018748   0x00000000   Code   RO         2028    .text               mc_p.l(iusefp.o)
    0x00018748   0x00000084   Code   RO         2029    .text               mf_p.l(fepilogue.o)
    0x000187cc   0x000000c0   Code   RO         2031    .text               mf_p.l(depilogue.o)
    0x0001888c   0x0000001c   Code   RO         2035    .text               mf_p.l(dfltul.o)
    0x000188a8   0x00000040   Code   RO         2037    .text               mf_p.l(dfixul.o)
    0x000188e8   0x00000024   Code   RO         2039    .text               mc_p.l(init.o)
    0x0001890c   0x00000334   Code   RO         2044    .text               mc_p.l(_scanf.o)
    0x00018c40   0x0000003a   Code   RO         2058    .text               mc_p.l(__dczerorl.o)
    0x00018c7a   0x00000002   PAD
    0x00018c7c   0x0000000c   Ven    RO         2060    Veneer$$Code        anon$$obj.o
    0x00018c88   0x00000118   Code   RO          887    i.USB_ReqGetDescriptor  usbcore.o
    0x00018da0   0x000000c4   Code   RO          875    i.USB_ReqGetStatus  usbcore.o
    0x00018e64   0x000000f0   Code   RO          881    i.USB_ReqSetClrFeature  usbcore.o
    0x00018f54   0x000001bc   Code   RO          893    i.USB_ReqSetConfiguration  usbcore.o
    0x00019110   0x00000140   Code   RO          899    i.USB_ReqSetInterface  usbcore.o
    0x00019250   0x00000028   Code   RO         1878    i.__0sprintf$8      mc_p.l(printf8.o)
    0x00019278   0x00000024   Code   RO         1908    i.__0vsprintf       mc_p.l(printfa.o)
    0x0001929c   0x0000002e   Code   RO         2033    i.__ARM_clz         mf_p.l(depilogue.o)
    0x000192ca   0x0000001c   Code   RO          317    i.__ARM_common_switch8  power_management.o
    0x000192e6   0x00000002   PAD
    0x000192e8   0x00000008   Code   RO         2011    i.__aeabi_errno_addr  mc_p.l(errno.o)
    0x000192f0   0x0000000e   Code   RO         2052    i.__scatterload_copy  mc_p.l(handlers.o)
    0x000192fe   0x00000002   Code   RO         2053    i.__scatterload_null  mc_p.l(handlers.o)
    0x00019300   0x0000000e   Code   RO         2054    i.__scatterload_zeroinit  mc_p.l(handlers.o)
    0x0001930e   0x00000002   PAD
    0x00019310   0x00000158   Code   RO         1909    i._fp_digits        mc_p.l(printfa.o)
    0x00019468   0x0000000e   Code   RO         1946    i._is_digit         mc_p.l(scanf_fp.o)
    0x00019476   0x00000002   PAD
    0x00019478   0x00000430   Code   RO         1883    i._printf_core      mc_p.l(printf8.o)
    0x000198a8   0x000006f8   Code   RO         1910    i._printf_core      mc_p.l(printfa.o)
    0x00019fa0   0x00000020   Code   RO         1884    i._printf_post_padding  mc_p.l(printf8.o)
    0x00019fc0   0x00000020   Code   RO         1911    i._printf_post_padding  mc_p.l(printfa.o)
    0x00019fe0   0x0000002c   Code   RO         1885    i._printf_pre_padding  mc_p.l(printf8.o)
    0x0001a00c   0x0000002c   Code   RO         1912    i._printf_pre_padding  mc_p.l(printfa.o)
    0x0001a038   0x0000000a   Code   RO         1887    i._sputc            mc_p.l(printf8.o)
    0x0001a042   0x0000000a   Code   RO         1914    i._sputc            mc_p.l(printfa.o)
    0x0001a04c   0x000000cc   Code   RO         1607    i.floor             m_ps.l(floor.o)
    0x0001a118   0x0000001c   Code   RO         1611    i.strtod            m_ps.l(strtod.o)
    0x0001a134   0x000000f8   Data   RO          419    .constdata          io_tasks.o
    0x0001a22c   0x000000ae   Data   RO          958    .constdata          usbdesc.o
    0x0001a2da   0x00000002   PAD
    0x0001a2dc   0x00000008   Data   RO          976    .constdata          usbuser.o
    0x0001a2e4   0x0000036e   Data   RO         1101    .constdata          at_command_parser.o
    0x0001a652   0x00000002   PAD
    0x0001a654   0x00000060   Data   RO         1159    .constdata          m_time.o
    0x0001a6b4   0x00000050   Data   RO         1300    .constdata          gps.o
    0x0001a704   0x00000080   Data   RO         1413    .constdata          ff.o
    0x0001a784   0x00000032   Data   RO         1558    .constdata          ambo_pedometer.o
    0x0001a7b6   0x00000081   Data   RO         1622    .constdata          mc_p.l(ctype_o.o)
    0x0001a837   0x00000001   PAD
    0x0001a838   0x00000004   Data   RO         1623    .constdata          mc_p.l(ctype_o.o)
    0x0001a83c   0x00000009   Data   RO         1068    .conststring        modem.o
    0x0001a845   0x00000006   Data   RO         1102    .conststring        at_command_parser.o
    0x0001a84b   0x00000001   PAD
    0x0001a84c   0x00000050   Data   RO         2050    Region$$Table       anon$$obj.o


    Execution Region RW_IRAM1 (Base: 0x1ffff000, Size: 0x000008fc, Max: 0x00001000, ABSOLUTE, COMPRESSED[0x00000030])

    Base Addr    Size         Type   Attr      Idx    E Section Name        Object

    0x1ffff000   0x00000011   Data   RW            5    .data               project_main.o
    0x1ffff011   0x00000001   Data   RW          300    .data               power_management.o
    0x1ffff012   0x00000018   Data   RW          381    .data               sos_tasks.o
    0x1ffff02a   0x0000001c   Data   RW          420    .data               io_tasks.o
    0x1ffff046   0x00000011   Data   RW          448    .data               upload_config_task.o
    0x1ffff057   0x00000001   PAD
    0x1ffff058   0x00000030   Data   RW          472    .data               gps_task.o
    0x1ffff088   0x00000005   Data   RW          622    .data               llwu.o
    0x1ffff08d   0x00000003   PAD
    0x1ffff090   0x00000007   Data   RW          932    .data               usbhw.o
    0x1ffff097   0x00000001   PAD
    0x1ffff098   0x00000089   Data   RW         1103    .data               at_command_parser.o
    0x1ffff121   0x00000001   Data   RW         1135    .data               system_config.o
    0x1ffff122   0x00000002   PAD
    0x1ffff124   0x0000000c   Data   RW         1160    .data               m_time.o
    0x1ffff130   0x00000001   Data   RW         1209    .data               string_parser.o
    0x1ffff131   0x00000003   PAD
    0x1ffff134   0x00000024   Data   RW         1301    .data               gps.o
    0x1ffff158   0x0000000c   Data   RW         1451    .data               audio.o
    0x1ffff164   0x00000030   Data   RW         1559    .data               ambo_pedometer.o
    0x1ffff194   0x0000000d   Data   RW         1580    .data               pedometer_task.o
    0x1ffff1a1   0x00000003   PAD
    0x1ffff1a4   0x00000004   Data   RW         2014    .data               mc_p.l(errno.o)
    0x1ffff1a8   0x0000011c   Zero   RW          380    .bss                sos_tasks.o
    0x1ffff2c4   0x0000019c   Zero   RW          418    .bss                io_tasks.o
    0x1ffff460   0x00000160   Zero   RW          717    .bss                uart.o
    0x1ffff5c0   0x00000040   Zero   RW          857    .bss                usbcore.o
    0x1ffff600   0x0000021c   Zero   RW         1100    .bss                at_command_parser.o
    0x1ffff81c   0x000000a8   Zero   RW         1224    .bss                db.o
    0x1ffff8c4   0x00000038   Zero   RW         1329    .bss                tick.o


    Execution Region RW_IRAM2 (Base: 0x20000000, Size: 0x0000296c, Max: 0x00003000, ABSOLUTE, COMPRESSED[0x00000048])

    Base Addr    Size         Type   Attr      Idx    E Section Name        Object

    0x20000000   0x00000020   Code   RO          836    .text               flash_ramfunc.o
    0x20000020   0x00000024   Data   RW          344    .data               gsm_gprs_tasks.o
    0x20000044   0x00000018   Data   RW          534    .data               sysinit.o
    0x2000005c   0x00000004   Data   RW          560    .data               system_mkl25z4.o
    0x20000060   0x00000024   Data   RW          858    .data               usbcore.o
    0x20000084   0x00000003   Data   RW         1018    .data               hiduser.o
    0x20000087   0x00000001   PAD
    0x20000088   0x00000004   Data   RW         1044    .data               sst25.o
    0x2000008c   0x00000040   Data   RW         1069    .data               modem.o
    0x200000cc   0x0000000c   Data   RW         1178    .data               sys_time.o
    0x200000d8   0x00000020   Data   RW         1225    .data               db.o
    0x200000f8   0x0000000b   Data   RW         1252    .data               tracker.o
    0x20000103   0x00000005   PAD
    0x20000108   0x00000058   Data   RW         1330    .data               tick.o
    0x20000160   0x00000048   Data   RW         1365    .data               dbg_cfg_app.o
    0x200001a8   0x00000006   Data   RW         1414    .data               ff.o
    0x200001ae   0x00000002   PAD
    0x200001b0   0x00000225   Data   RW         1478    .data               dtmf_app.o
    0x200003d5   0x00000003   PAD
    0x200003d8   0x00000018   Zero   RW            4    .bss                project_main.o
    0x200003f0   0x00000728   Zero   RW          254    .bss                project_common.o
    0x20000b18   0x0000046c   Zero   RW          343    .bss                gsm_gprs_tasks.o
    0x20000f84   0x0000000c   Zero   RW          447    .bss                upload_config_task.o
    0x20000f90   0x00000070   PAD
    0x20001000   0x00000360   Zero   RW          931    .bss                usbhw.o
    0x20001360   0x00000160   Zero   RW         1017    .bss                hiduser.o
    0x200014c0   0x000001b8   Zero   RW         1067    .bss                modem.o
    0x20001678   0x000004e6   Zero   RW         1134    .bss                system_config.o
    0x20001b5e   0x0000017f   Zero   RW         1251    .bss                tracker.o
    0x20001cdd   0x00000003   PAD
    0x20001ce0   0x00000340   Zero   RW         1299    .bss                gps.o
    0x20002020   0x00000278   Zero   RW         1364    .bss                dbg_cfg_app.o
    0x20002298   0x00000374   Zero   RW         1450    .bss                audio.o
    0x2000260c   0x00000030   Zero   RW         1477    .bss                dtmf_app.o
    0x2000263c   0x00000100   Zero   RW         1510    .bss                dtmf.o
    0x2000273c   0x00000220   Zero   RW         1557    .bss                ambo_pedometer.o
    0x2000295c   0x00000010   Zero   RW         1579    .bss                pedometer_task.o


==============================================================================

Image component sizes


      Code (inc. data)   RO Data    RW Data    ZI Data      Debug   Object Name

      1484        192         50         48        544       4243   ambo_pedometer.o
     12852       3606        884        137        540      15943   at_command_parser.o
      2300        136          0         12        884      11415   audio.o
      2924        114          0         32        168       8481   db.o
      3376        250          0         72        632      15491   dbg_cfg_app.o
       146          0          0          0          0       2310   diskio.o
       976         78          0          0        256       4474   dtmf.o
       528         48          0        549         48     102133   dtmf_app.o
      3124         48        128          6          0      12119   ff.o
       416         10          0          0          0       1833   flash_ftfa.o
       148          0          0          0          0       2114   flash_mem.o
        32          6          0          0          0        424   flash_ramfunc.o
      4304        474          0          0          0       6569   gprs_cmd_ctrl.o
      3876        402         80         36        832      13991   gps.o
      1088        120          0         48          0       3142   gps_task.o
      8132       1276          0         36       1132      16857   gsm_gprs_tasks.o
       268         30          0          3        352       2858   hiduser.o
      6704       1138        248         28        412      14894   io_tasks.o
       888         12          0          5          0       1723   llwu.o
      1560         46         96         12          0       4015   m_time.o
      7848        376          0          0          0      15124   mcg.o
      3096        524          9         64        440      11884   modem.o
        96         22          0          0          0        644   nmi_isr_handler.o
       716         34          0         13         16       2767   pedometer_task.o
      2216        150          0          1          0      96124   power_management.o
         0          0          0          0       1832       2935   project_common.o
      2900        384          0         17         24     188046   project_main.o
         2          0          0          0          0        389   rcm.o
       152          0          0          0          0       1763   ringbuf.o
       856         16          0          0          0       2520   smc.o
      3520        432          0         24        284       9293   sos_tasks.o
       248         36          0          0          0        835   spi.o
       708         12          0          4          0       3532   sst25.o
       380         52          0          0          0        904   start.o
        44         24       1024          0          0        812   startup_mkl25z4.o
       344          6          0          1          0       2010   string_parser.o
       600          6          0         12          0       3212   sys_time.o
       260         48          0         24          0       7018   sysinit.o
      2916        268          0          1       1254       8754   system_config.o
       532         62          0          4          0       1197   system_mkl25z4.o
      2992        328          0         88         56      15761   tick.o
      1900        194          0         11        383       4815   tracker.o
      1108         68          0          0        352      10640   uart.o
      3176        578          0         17         12       4621   upload_config_task.o
      2440        236          0         36         64       9215   usbcore.o
         0          0        174          0          0        945   usbdesc.o
      1664         72          0          7        864     104568   usbhw.o
        68          4          8          0          0       1854   usbuser.o
       324         10          0          0          0       1743   xl362_io.o

    ----------------------------------------------------------------------
     96250      11932       2786       1372      11496     758954   Object Totals
        12          4         80          0          0          0   (incl. Generated)
         6          0          5         24        115          0   (incl. Padding)

    ----------------------------------------------------------------------

      Code (inc. data)   RO Data    RW Data    ZI Data      Debug   Library Member Name

       204         22          0          0          0         76   floor.o
        28          0          0          0          0         72   strtod.o
        60         10          0          0          0         84   __0sscanf.o
        58          0          0          0          0          0   __dczerorl.o
        30          0          0          0          0         60   _chval.o
       820         14          0          0          0         84   _scanf.o
       330          0          0          0          0         84   _scanf_int.o
       228          0          0          0          0         84   _scanf_str.o
        68          0          0          0          0         76   _sgetc.o
       166          0          0          0          0         84   _strtoul.o
         8          4        133          0          0         60   ctype_o.o
         0          0          0          0          0          0   entry.o
         0          0          0          0          0          0   entry10a.o
         0          0          0          0          0          0   entry11a.o
         8          4          0          0          0          0   entry2.o
         4          0          0          0          0          0   entry5.o
         0          0          0          0          0          0   entry7b.o
         0          0          0          0          0          0   entry8b.o
         8          4          0          0          0          0   entry9a.o
         8          4          0          4          0         60   errno.o
        30          0          0          0          0          0   handlers.o
        40          0          0          0          0         72   idiv.o
        36          8          0          0          0         68   init.o
        18          0          0          0          0         68   isspace_o.o
         0          0          0          0          0          0   iusefp.o
       122          0          0          0          0         84   llmul.o
        32          0          0          0          0         68   llshl.o
        38          0          0          0          0         68   llsshr.o
        34          0          0          0          0         68   llushr.o
        20          0          0          0          0         60   memchr.o
        26          0          0          0          0         72   memcmp.o
        36          0          0          0          0         60   memcpya.o
        36          0          0          0          0        100   memseta.o
      1198         50          0          0          0        384   printf8.o
      2250        100          0          0          0        460   printfa.o
        44          8          0          0          0         84   scanf_char.o
       858         12          0          0          0        184   scanf_fp.o
        24          0          0          0          0         60   strcat.o
        28          0          0          0          0         68   strcmp.o
        18          0          0          0          0         60   strcpy.o
        14          0          0          0          0         60   strlen.o
        40          0          0          0          0         72   strstr.o
       164         18          0          0          0        120   strtod.o
       112          4          0          0          0         76   strtol.o
        44          0          0          0          0         72   uidiv.o
        96          0          0          0          0         84   uldiv.o
        20          0          0          0          0         60   uread4.o
        28          0          0          0          0         68   uread8.o
        18          0          0          0          0         60   uwrite4.o
        30          0          0          0          0         72   uwrite8.o
        40          2          0          0          0         68   cdcmple.o
        40          2          0          0          0         68   cdrcmple.o
        20          0          0          0          0         68   cfcmple.o
        20          0          0          0          0         68   cfrcmple.o
        56          0          0          0          0         68   d2f.o
       356          6          0          0          0        140   dadd.o
       240          6          0          0          0         84   ddiv.o
       238          0          0          0          0        216   depilogue.o
        60         10          0          0          0         68   dfixui.o
        64         10          0          0          0         68   dfixul.o
        28          4          0          0          0         68   dfltui.o
        28          6          0          0          0         68   dfltul.o
       208          6          0          0          0         88   dmul.o
        40          0          0          0          0         60   f2d.o
       178          0          0          0          0        108   fadd.o
       124          0          0          0          0         72   fdiv.o
       132          0          0          0          0        144   fepilogue.o
        40          0          0          0          0         60   ffixui.o
        22          0          0          0          0         68   fflti.o
        14          0          0          0          0         68   ffltui.o
       122          0          0          0          0         72   fmul.o

    ----------------------------------------------------------------------
      9562        314        134          4          0       5448   Library Totals
        10          0          1          0          0          0   (incl. Padding)

    ----------------------------------------------------------------------

      Code (inc. data)   RO Data    RW Data    ZI Data      Debug   Library Name

       232         22          0          0          0        148   m_ps.l
      7250        240        133          4          0       3508   mc_p.l
      2070         52          0          0          0       1792   mf_p.l

    ----------------------------------------------------------------------
      9562        314        134          4          0       5448   Library Totals

    ----------------------------------------------------------------------

==============================================================================


      Code (inc. data)   RO Data    RW Data    ZI Data      Debug   

    105812      12246       2920       1376      11496     756970   Grand Totals
    105812      12246       2920        120      11496     756970   ELF Image Totals (compressed)
    105812      12246       2920        120          0          0   ROM Totals

==============================================================================

    Total RO  Size (Code + RO Data)               108732 ( 106.18kB)
    Total RW  Size (RW Data + ZI Data)             12872 (  12.57kB)
    Total ROM Size (Code + RO Data + RW Data)     108852 ( 106.30kB)

==============================================================================

