<html>
<body>
<pre>
<h1>µVision Build Log</h1>
<h2>Project:</h2>
D:\Profiles\B38350\My Documents\Code Repositories\L2K\L2K_SC_Launch\KL25_SC_Launch\klxx-sc-baremetal\build\keil\platinum\platinum.uvproj
Project File Date:  11/01/2012

<h2>Output:</h2>
Rebuild Project 'platinum' - Target 'KL25Z128 - Flash'
compiling platinum.c...
compiling uif.c...
D:\Profiles\B38350\My Documents\Code Repositories\L2K\L2K_SC_Launch\KL25_SC_Launch\klxx-sc-baremetal\src\common\uif.c(162): warning:  #1293-D: assignment in condition
compiling alloc.c...
compiling assert.c...
compiling io.c...
compiling memtest.c...
compiling queue.c...
compiling stdlib.c...
compiling nmi_isr_handler.c...
compiling start.c...
compiling sysinit.c...
compiling system_MKL25Z4.c...
assembling startup_MKL25Z4.s...
compiling cmp.c...
compiling llwu.c...
compiling lptmr.c...
compiling mcg.c...
compiling pmc.c...
compiling rcm.c...
compiling rtc.c...
compiling smc.c...
compiling uart.c...
compiling Serial.c...
D:\Profiles\B38350\My Documents\Code Repositories\L2K\L2K_SC_Launch\KL25_SC_Launch\klxx-sc-baremetal\src\drivers\uart\Serial.c(88): warning:  #111-D: statement is unreachable
compiling Retarget.c...
linking...
Program Size: Code=7164 RO-data=1012 RW-data=40 ZI-data=0  
User command #1: C:\Keil\V4_60\ARM\ARMCC\bin\fromelf.exe --m32combined --output=.\platinum.srec ".\platinum.elf"
"platinum_Flash.axf" - 0 Error(s), 2 Warning(s).
Load "D:\\Profiles\\B38350\\My Documents\\Code Repositories\\L2K\\L2K_SC_Launch\\KL25_SC_Launch\\klxx-sc-baremetal\\build\\keil\\platinum\\platinum_Flash.AXF" 
Erase Done.
Programming Done.
Verify OK.
Application running ...
Rebuild Project 'platinum' - Target 'KL25Z128 - Flash'
compiling platinum.c...
compiling uif.c...
D:\Profiles\B38350\My Documents\Code Repositories\L2K\L2K_SC_Launch\KL25_SC_Launch\klxx-sc-baremetal\src\common\uif.c(162): warning:  #1293-D: assignment in condition
compiling alloc.c...
compiling assert.c...
compiling io.c...
compiling memtest.c...
compiling queue.c...
compiling stdlib.c...
compiling nmi_isr_handler.c...
compiling start.c...
compiling sysinit.c...
compiling system_MKL25Z4.c...
assembling startup_MKL25Z4.s...
compiling cmp.c...
compiling llwu.c...
compiling lptmr.c...
compiling mcg.c...
compiling pmc.c...
compiling rcm.c...
compiling rtc.c...
compiling smc.c...
compiling uart.c...
compiling Serial.c...
D:\Profiles\B38350\My Documents\Code Repositories\L2K\L2K_SC_Launch\KL25_SC_Launch\klxx-sc-baremetal\src\drivers\uart\Serial.c(88): warning:  #111-D: statement is unreachable
compiling Retarget.c...
linking...
Program Size: Code=7164 RO-data=1012 RW-data=40 ZI-data=0  
User command #1: C:\Keil\V4_60\ARM\ARMCC\bin\fromelf.exe --m32combined --output=.\platinum.srec ".\platinum.elf"
"platinum_Flash.axf" - 0 Error(s), 2 Warning(s).
Rebuild Project 'platinum' - Target 'KL25Z128 - Flash'
compiling platinum.c...
compiling uif.c...
D:\Profiles\B38350\My Documents\Code Repositories\L2K\L2K_SC_Launch\KL25_SC_Launch\klxx-sc-baremetal\src\common\uif.c(162): warning:  #1293-D: assignment in condition
compiling alloc.c...
compiling assert.c...
compiling io.c...
compiling memtest.c...
compiling queue.c...
compiling stdlib.c...
compiling nmi_isr_handler.c...
compiling start.c...
compiling sysinit.c...
compiling system_MKL25Z4.c...
assembling startup_MKL25Z4.s...
compiling cmp.c...
compiling llwu.c...
compiling lptmr.c...
compiling mcg.c...
compiling pmc.c...
compiling rcm.c...
compiling rtc.c...
compiling smc.c...
compiling uart.c...
compiling Serial.c...
D:\Profiles\B38350\My Documents\Code Repositories\L2K\L2K_SC_Launch\KL25_SC_Launch\klxx-sc-baremetal\src\drivers\uart\Serial.c(88): warning:  #111-D: statement is unreachable
compiling Retarget.c...
linking...
Program Size: Code=7164 RO-data=1012 RW-data=40 ZI-data=0  
User command #1: C:\Keil\V4_60\ARM\ARMCC\bin\fromelf.exe --m32combined --output=.\platinum.srec ".\platinum.elf"
"platinum_Flash.axf" - 0 Error(s), 2 Warning(s).
Rebuild Project 'platinum' - Target 'KL25Z128 - Flash'
compiling platinum.c...
compiling uif.c...
D:\Profiles\B38350\My Documents\Code Repositories\L2K\L2K_SC_Launch\KL25_SC_Launch\klxx-sc-baremetal\src\common\uif.c(162): warning:  #1293-D: assignment in condition
compiling alloc.c...
compiling assert.c...
compiling io.c...
compiling memtest.c...
compiling queue.c...
compiling stdlib.c...
compiling nmi_isr_handler.c...
compiling start.c...
compiling sysinit.c...
compiling system_MKL25Z4.c...
assembling startup_MKL25Z4.s...
compiling cmp.c...
compiling llwu.c...
compiling lptmr.c...
compiling mcg.c...
compiling pmc.c...
compiling rcm.c...
compiling rtc.c...
compiling smc.c...
compiling uart.c...
compiling Serial.c...
D:\Profiles\B38350\My Documents\Code Repositories\L2K\L2K_SC_Launch\KL25_SC_Launch\klxx-sc-baremetal\src\drivers\uart\Serial.c(88): warning:  #111-D: statement is unreachable
compiling Retarget.c...
linking...
Program Size: Code=7164 RO-data=1012 RW-data=40 ZI-data=0  
User command #2: C:\Keil\V4_60\ARM\ARMCC\bin\fromelf.exe --m32combined --output=.\platinum.bin ".\platinum.axf"
".\platinum.axf": Error: Q0122E: Could not open file '.\platinum.axf': No such file or directory
Finished: 0 information, 0 warning and 1 error messages.
"platinum_Flash.axf" - 0 Error(s), 2 Warning(s).
Rebuild Project 'platinum' - Target 'KL25Z128 - Flash'
compiling platinum.c...
compiling uif.c...
D:\Profiles\B38350\My Documents\Code Repositories\L2K\L2K_SC_Launch\KL25_SC_Launch\klxx-sc-baremetal\src\common\uif.c(162): warning:  #1293-D: assignment in condition
compiling alloc.c...
compiling assert.c...
compiling io.c...
compiling memtest.c...
compiling queue.c...
compiling stdlib.c...
compiling nmi_isr_handler.c...
compiling start.c...
compiling sysinit.c...
compiling system_MKL25Z4.c...
assembling startup_MKL25Z4.s...
compiling cmp.c...
compiling llwu.c...
compiling lptmr.c...
compiling mcg.c...
compiling pmc.c...
compiling rcm.c...
compiling rtc.c...
compiling smc.c...
compiling uart.c...
compiling Serial.c...
D:\Profiles\B38350\My Documents\Code Repositories\L2K\L2K_SC_Launch\KL25_SC_Launch\klxx-sc-baremetal\src\drivers\uart\Serial.c(88): warning:  #111-D: statement is unreachable
compiling Retarget.c...
linking...
Program Size: Code=7164 RO-data=1012 RW-data=40 ZI-data=0  
User command #2: C:\Keil\V4_60\ARM\ARMCC\bin\fromelf.exe --m32combined --output=.\platinum.bin ".\platinum_Flash.axf"
"platinum_Flash.axf" - 0 Error(s), 2 Warning(s).
Clean started: Project: 'platinum'
   deleting intermediate output files for target 'KL25Z128 - Flash'
Rebuild Project 'platinum' - Target 'KL25Z128 - Flash'
compiling platinum.c...
compiling uif.c...
D:\Profiles\B38350\My Documents\Code Repositories\L2K\L2K_SC_Launch\KL25_SC_Launch\klxx-sc-baremetal\src\common\uif.c(162): warning:  #1293-D: assignment in condition
compiling alloc.c...
compiling assert.c...
compiling io.c...
compiling memtest.c...
compiling queue.c...
compiling stdlib.c...
compiling nmi_isr_handler.c...
compiling start.c...
compiling sysinit.c...
compiling system_MKL25Z4.c...
assembling startup_MKL25Z4.s...
compiling cmp.c...
compiling llwu.c...
compiling lptmr.c...
compiling mcg.c...
compiling pmc.c...
compiling rcm.c...
compiling rtc.c...
compiling smc.c...
compiling uart.c...
compiling Serial.c...
D:\Profiles\B38350\My Documents\Code Repositories\L2K\L2K_SC_Launch\KL25_SC_Launch\klxx-sc-baremetal\src\drivers\uart\Serial.c(88): warning:  #111-D: statement is unreachable
compiling Retarget.c...
linking...
Program Size: Code=7164 RO-data=1012 RW-data=40 ZI-data=0  
User command #2: C:\Keil\V4_60\ARM\ARMCC\bin\fromelf.exe --m32combined --output=.\platinum.bin ".\platinum_Flash.axf"
"platinum_Flash.axf" - 0 Error(s), 2 Warning(s).
Rebuild Project 'platinum' - Target 'KL25Z128 - Flash'
compiling platinum.c...
compiling uif.c...
D:\Profiles\B38350\My Documents\Code Repositories\L2K\L2K_SC_Launch\KL25_SC_Launch\klxx-sc-baremetal\src\common\uif.c(162): warning:  #1293-D: assignment in condition
compiling alloc.c...
compiling assert.c...
compiling io.c...
compiling memtest.c...
compiling queue.c...
compiling stdlib.c...
compiling nmi_isr_handler.c...
compiling start.c...
compiling sysinit.c...
compiling system_MKL25Z4.c...
assembling startup_MKL25Z4.s...
compiling cmp.c...
compiling llwu.c...
compiling lptmr.c...
compiling mcg.c...
compiling pmc.c...
compiling rcm.c...
compiling rtc.c...
compiling smc.c...
compiling uart.c...
compiling Serial.c...
D:\Profiles\B38350\My Documents\Code Repositories\L2K\L2K_SC_Launch\KL25_SC_Launch\klxx-sc-baremetal\src\drivers\uart\Serial.c(88): warning:  #111-D: statement is unreachable
compiling Retarget.c...
linking...
Program Size: Code=7164 RO-data=1844 RW-data=40 ZI-data=0  
User command #2: C:\Keil\V4_60\ARM\ARMCC\bin\fromelf.exe --m32combined --output=.\platinum.bin ".\platinum_Flash.axf"
"platinum_Flash.axf" - 0 Error(s), 2 Warning(s).
Rebuild Project 'platinum' - Target 'KL25Z128 - Flash'
compiling platinum.c...
compiling uif.c...
D:\Profiles\B38350\My Documents\Code Repositories\L2K\L2K_SC_Launch\KL25_SC_Launch\klxx-sc-baremetal\src\common\uif.c(162): warning:  #1293-D: assignment in condition
compiling alloc.c...
compiling assert.c...
compiling io.c...
compiling memtest.c...
compiling queue.c...
compiling stdlib.c...
compiling nmi_isr_handler.c...
compiling start.c...
compiling sysinit.c...
compiling system_MKL25Z4.c...
assembling startup_MKL25Z4.s...
compiling cmp.c...
compiling llwu.c...
compiling lptmr.c...
compiling mcg.c...
compiling pmc.c...
compiling rcm.c...
compiling rtc.c...
compiling smc.c...
compiling uart.c...
compiling Serial.c...
D:\Profiles\B38350\My Documents\Code Repositories\L2K\L2K_SC_Launch\KL25_SC_Launch\klxx-sc-baremetal\src\drivers\uart\Serial.c(88): warning:  #111-D: statement is unreachable
compiling Retarget.c...
linking...
Program Size: Code=7164 RO-data=1844 RW-data=40 ZI-data=0  
User command #2: C:\Keil\V4_60\ARM\ARMCC\bin\fromelf.exe --m32combined --output=.\platinum.bin ".\platinum_Flash.axf"
"platinum_Flash.axf" - 0 Error(s), 2 Warning(s).
Rebuild Project 'platinum' - Target 'KL25Z128 - Flash'
compiling platinum.c...
compiling uif.c...
D:\Profiles\B38350\My Documents\Code Repositories\L2K\L2K_SC_Launch\KL25_SC_Launch\klxx-sc-baremetal\src\common\uif.c(162): warning:  #1293-D: assignment in condition
compiling alloc.c...
compiling assert.c...
compiling io.c...
compiling memtest.c...
compiling queue.c...
compiling stdlib.c...
compiling nmi_isr_handler.c...
compiling start.c...
compiling sysinit.c...
compiling system_MKL25Z4.c...
assembling startup_MKL25Z4.s...
compiling cmp.c...
compiling llwu.c...
compiling lptmr.c...
compiling mcg.c...
compiling pmc.c...
compiling rcm.c...
compiling rtc.c...
compiling smc.c...
compiling uart.c...
compiling Serial.c...
D:\Profiles\B38350\My Documents\Code Repositories\L2K\L2K_SC_Launch\KL25_SC_Launch\klxx-sc-baremetal\src\drivers\uart\Serial.c(88): warning:  #111-D: statement is unreachable
compiling Retarget.c...
linking...
Program Size: Code=7164 RO-data=1844 RW-data=40 ZI-data=0  
User command #2: C:\Keil\V4_60\ARM\ARMCC\bin\fromelf.exe --m32combined --output=.\platinum.bin ".\platinum_Flash.axf"
Error: Q0108E: Could not create output file '.\platinum.bin': Invalid argument
Finished: 0 information, 0 warning and 1 error messages.
"platinum_Flash.axf" - 0 Error(s), 2 Warning(s).
Clean started: Project: 'platinum'
   deleting intermediate output files for target 'KL25Z128 - Flash'
Rebuild Project 'platinum' - Target 'KL25Z128 - Flash'
compiling platinum.c...
compiling uif.c...
D:\Profiles\B38350\My Documents\Code Repositories\L2K\L2K_SC_Launch\KL25_SC_Launch\klxx-sc-baremetal\src\common\uif.c(162): warning:  #1293-D: assignment in condition
compiling alloc.c...
compiling assert.c...
compiling io.c...
compiling memtest.c...
compiling queue.c...
compiling stdlib.c...
compiling nmi_isr_handler.c...
compiling start.c...
compiling sysinit.c...
compiling system_MKL25Z4.c...
assembling startup_MKL25Z4.s...
compiling cmp.c...
compiling llwu.c...
compiling lptmr.c...
compiling mcg.c...
compiling pmc.c...
compiling rcm.c...
compiling rtc.c...
compiling smc.c...
compiling uart.c...
compiling Serial.c...
D:\Profiles\B38350\My Documents\Code Repositories\L2K\L2K_SC_Launch\KL25_SC_Launch\klxx-sc-baremetal\src\drivers\uart\Serial.c(88): warning:  #111-D: statement is unreachable
compiling Retarget.c...
*** Error: cannot write Scatter-file '\UV4Build\platinum_Flash.sct'
Target not created
Rebuild Project 'platinum' - Target 'KL25Z128 - Flash'
compiling platinum.c...
compiling uif.c...
D:\Profiles\B38350\My Documents\Code Repositories\L2K\L2K_SC_Launch\KL25_SC_Launch\klxx-sc-baremetal\src\common\uif.c(162): warning:  #1293-D: assignment in condition
compiling alloc.c...
compiling assert.c...
compiling io.c...
compiling memtest.c...
compiling queue.c...
compiling stdlib.c...
compiling nmi_isr_handler.c...
compiling start.c...
compiling sysinit.c...
compiling system_MKL25Z4.c...
assembling startup_MKL25Z4.s...
compiling cmp.c...
compiling llwu.c...
compiling lptmr.c...
compiling mcg.c...
compiling pmc.c...
compiling rcm.c...
compiling rtc.c...
compiling smc.c...
compiling uart.c...
compiling Serial.c...
D:\Profiles\B38350\My Documents\Code Repositories\L2K\L2K_SC_Launch\KL25_SC_Launch\klxx-sc-baremetal\src\drivers\uart\Serial.c(88): warning:  #111-D: statement is unreachable
compiling Retarget.c...
*** Error: cannot write Scatter-file '\UV4Build\platinum_Flash.sct'
Target not created
Rebuild Project 'platinum' - Target 'KL25Z128 - Flash'
compiling platinum.c...
compiling uif.c...
D:\Profiles\B38350\My Documents\Code Repositories\L2K\L2K_SC_Launch\KL25_SC_Launch\klxx-sc-baremetal\src\common\uif.c(162): warning:  #1293-D: assignment in condition
compiling alloc.c...
compiling assert.c...
compiling io.c...
compiling memtest.c...
compiling queue.c...
compiling stdlib.c...
compiling nmi_isr_handler.c...
compiling start.c...
compiling sysinit.c...
compiling system_MKL25Z4.c...
assembling startup_MKL25Z4.s...
compiling cmp.c...
compiling llwu.c...
compiling lptmr.c...
compiling mcg.c...
compiling pmc.c...
compiling rcm.c...
compiling rtc.c...
compiling smc.c...
compiling uart.c...
compiling Serial.c...
D:\Profiles\B38350\My Documents\Code Repositories\L2K\L2K_SC_Launch\KL25_SC_Launch\klxx-sc-baremetal\src\drivers\uart\Serial.c(88): warning:  #111-D: statement is unreachable
compiling Retarget.c...
*** Error: cannot write Scatter-file '.\UV4Build\\UV4Build\platinum_Flash.sct'
Target not created
Rebuild Project 'platinum' - Target 'KL25Z128 - Flash'
compiling platinum.c...
compiling uif.c...
D:\Profiles\B38350\My Documents\Code Repositories\L2K\L2K_SC_Launch\KL25_SC_Launch\klxx-sc-baremetal\src\common\uif.c(162): warning:  #1293-D: assignment in condition
compiling alloc.c...
compiling assert.c...
compiling io.c...
compiling memtest.c...
compiling queue.c...
compiling stdlib.c...
compiling nmi_isr_handler.c...
compiling start.c...
compiling sysinit.c...
compiling system_MKL25Z4.c...
assembling startup_MKL25Z4.s...
compiling cmp.c...
compiling llwu.c...
compiling lptmr.c...
compiling mcg.c...
compiling pmc.c...
compiling rcm.c...
compiling rtc.c...
compiling smc.c...
compiling uart.c...
compiling Serial.c...
D:\Profiles\B38350\My Documents\Code Repositories\L2K\L2K_SC_Launch\KL25_SC_Launch\klxx-sc-baremetal\src\drivers\uart\Serial.c(88): warning:  #111-D: statement is unreachable
compiling Retarget.c...
linking...
Program Size: Code=7164 RO-data=1844 RW-data=40 ZI-data=0  
User command #2: C:\Keil\V4_60\ARM\ARMCC\bin\fromelf.exe --m32combined --output=.\UV4Build\platinum.bin ".\UV4Build\platinum_Flash.axf"
".\UV4Build\platinum_Flash.axf" - 0 Error(s), 2 Warning(s).
