<!doctype html public "-//w3c//dtd html 4.0 transitional//en">
<html><head>
<title>Static Call Graph - [.\Flash\GT1022.axf]</title></head>
<body><HR>
<H1>Static Call Graph for image .\Flash\GT1022.axf</H1><HR>
<BR><P>#&#060CALLGRAPH&#062# ARM Linker, 5.03 [Build 76]: Last Updated: Sat Feb 27 15:37:38 2016
<BR><P>
<H3>Maximum Stack Usage =        776 bytes + Unknown(Cycles, Untraceable Function Pointers)</H3><H3>
Call chain for Maximum Stack Depth:</H3>
main &rArr; AppRun &rArr; SysSleep &rArr; TrackerTask &rArr; PedometerTask &rArr; ambo_step_detect &rArr; b2_filter
<P>
<H3>
Mutually Recursive functions
</H3> <LI><a href="#[104]">UploadConfigTask_WaitRetry</a>&nbsp;&nbsp;&nbsp;&rArr;&nbsp;&nbsp;&nbsp;<a href="#[ab]">GprsTask_Stop</a><BR>
 <LI><a href="#[102]">UploadConfigTask_Retry</a>&nbsp;&nbsp;&nbsp;&rArr;&nbsp;&nbsp;&nbsp;<a href="#[ab]">GprsTask_Stop</a><BR>
 <LI><a href="#[c8]">UploadConfig_Task</a>&nbsp;&nbsp;&nbsp;&rArr;&nbsp;&nbsp;&nbsp;<a href="#[ab]">GprsTask_Stop</a><BR>
 <LI><a href="#[c2]">SendPowerCmdTask_Retry</a>&nbsp;&nbsp;&nbsp;&rArr;&nbsp;&nbsp;&nbsp;<a href="#[ab]">GprsTask_Stop</a><BR>
 <LI><a href="#[c3]">SendPowerCmd_GprsTask</a>&nbsp;&nbsp;&nbsp;&rArr;&nbsp;&nbsp;&nbsp;<a href="#[ab]">GprsTask_Stop</a><BR>
 <LI><a href="#[b0]">SendGpsDataTask_Retry</a>&nbsp;&nbsp;&nbsp;&rArr;&nbsp;&nbsp;&nbsp;<a href="#[ab]">GprsTask_Stop</a><BR>
 <LI><a href="#[b2]">SendGpsData_GprsTask</a>&nbsp;&nbsp;&nbsp;&rArr;&nbsp;&nbsp;&nbsp;<a href="#[ab]">GprsTask_Stop</a><BR>
 <LI><a href="#[6f]">Gprs_Task</a>&nbsp;&nbsp;&nbsp;&rArr;&nbsp;&nbsp;&nbsp;<a href="#[ab]">GprsTask_Stop</a><BR>
 <LI><a href="#[3]">SVC_Handler</a>&nbsp;&nbsp;&nbsp;&rArr;&nbsp;&nbsp;&nbsp;<a href="#[3]">SVC_Handler</a><BR>
 <LI><a href="#[4]">PendSV_Handler</a>&nbsp;&nbsp;&nbsp;&rArr;&nbsp;&nbsp;&nbsp;<a href="#[4]">PendSV_Handler</a><BR>
 <LI><a href="#[15]">ADC0_IRQHandler</a>&nbsp;&nbsp;&nbsp;&rArr;&nbsp;&nbsp;&nbsp;<a href="#[15]">ADC0_IRQHandler</a><BR>
</UL>
<P>
<H3>
Function Pointers
</H3><UL>
 <LI><a href="#[15]">ADC0_IRQHandler</a> from startup_mkl25z4.o(.text) referenced from startup_mkl25z4.o(RESET)
 <LI><a href="#[16]">CMP0_IRQHandler</a> from startup_mkl25z4.o(.text) referenced from startup_mkl25z4.o(RESET)
 <LI><a href="#[3d]">CallBusy</a> from at_command_parser.o(.text) referenced from at_command_parser.o(.constdata)
 <LI><a href="#[3f]">CallCancel</a> from at_command_parser.o(.text) referenced from at_command_parser.o(.constdata)
 <LI><a href="#[43]">CallErrorReport</a> from at_command_parser.o(.text) referenced from at_command_parser.o(.constdata)
 <LI><a href="#[3e]">CallNoAnswer</a> from at_command_parser.o(.text) referenced from at_command_parser.o(.constdata)
 <LI><a href="#[45]">CallOutProcess</a> from at_command_parser.o(.text) referenced from at_command_parser.o(.constdata)
 <LI><a href="#[41]">CellLocateParser</a> from at_command_parser.o(.text) referenced from at_command_parser.o(.constdata)
 <LI><a href="#[1f]">DAC0_IRQHandler</a> from startup_mkl25z4.o(.text) referenced from startup_mkl25z4.o(RESET)
 <LI><a href="#[6]">DMA0_IRQHandler</a> from startup_mkl25z4.o(.text) referenced from startup_mkl25z4.o(RESET)
 <LI><a href="#[7]">DMA1_IRQHandler</a> from startup_mkl25z4.o(.text) referenced from startup_mkl25z4.o(RESET)
 <LI><a href="#[8]">DMA2_IRQHandler</a> from startup_mkl25z4.o(.text) referenced from startup_mkl25z4.o(RESET)
 <LI><a href="#[9]">DMA3_IRQHandler</a> from startup_mkl25z4.o(.text) referenced from startup_mkl25z4.o(RESET)
 <LI><a href="#[b]">FTFA_IRQHandler</a> from startup_mkl25z4.o(.text) referenced from startup_mkl25z4.o(RESET)
 <LI><a href="#[48]">GPGGA_Process</a> from gps.o(.text) referenced from gps.o(.constdata)
 <LI><a href="#[49]">GPGSA_Process</a> from gps.o(.text) referenced from gps.o(.constdata)
 <LI><a href="#[4a]">GPGSV_Process</a> from gps.o(.text) referenced from gps.o(.constdata)
 <LI><a href="#[47]">GPRMC_Process</a> from gps.o(.text) referenced from gps.o(.constdata)
 <LI><a href="#[39]">GPRS_CloseSocket</a> from at_command_parser.o(.text) referenced from at_command_parser.o(.constdata)
 <LI><a href="#[38]">GPRS_CloseSocket1</a> from at_command_parser.o(.text) referenced from at_command_parser.o(.constdata)
 <LI><a href="#[3c]">GPRS_CreateSocket</a> from at_command_parser.o(.text) referenced from at_command_parser.o(.constdata)
 <LI><a href="#[36]">GPRS_Deactivation</a> from at_command_parser.o(.text) referenced from at_command_parser.o(.constdata)
 <LI><a href="#[40]">GPRS_GetDNS</a> from at_command_parser.o(.text) referenced from at_command_parser.o(.constdata)
 <LI><a href="#[37]">GPRS_GetData</a> from at_command_parser.o(.text) referenced from at_command_parser.o(.constdata)
 <LI><a href="#[35]">GPRS_GetLength</a> from at_command_parser.o(.text) referenced from at_command_parser.o(.constdata)
 <LI><a href="#[3a]">GPRS_SocketControl</a> from at_command_parser.o(.text) referenced from at_command_parser.o(.constdata)
 <LI><a href="#[42]">GetBatteryStatus</a> from at_command_parser.o(.text) referenced from at_command_parser.o(.constdata)
 <LI><a href="#[31]">GetCallerNumber</a> from at_command_parser.o(.text) referenced from at_command_parser.o(.constdata)
 <LI><a href="#[46]">GsmGetTime</a> from at_command_parser.o(.text) referenced from at_command_parser.o(.constdata)
 <LI><a href="#[2]">HardFault_Handler</a> from project_main.o(.text) referenced from startup_mkl25z4.o(RESET)
 <LI><a href="#[e]">I2C0_IRQHandler</a> from startup_mkl25z4.o(.text) referenced from startup_mkl25z4.o(RESET)
 <LI><a href="#[f]">I2C1_IRQHandler</a> from startup_mkl25z4.o(.text) referenced from startup_mkl25z4.o(RESET)
 <LI><a href="#[d]">LLW_IRQHandler</a> from llwu.o(.text) referenced from startup_mkl25z4.o(RESET)
 <LI><a href="#[22]">LPTimer_IRQHandler</a> from tick.o(.text) referenced from startup_mkl25z4.o(RESET)
 <LI><a href="#[c]">LVD_LVW_IRQHandler</a> from startup_mkl25z4.o(.text) referenced from startup_mkl25z4.o(RESET)
 <LI><a href="#[21]">MCG_IRQHandler</a> from startup_mkl25z4.o(.text) referenced from startup_mkl25z4.o(RESET)
 <LI><a href="#[1]">NMI_Handler</a> from nmi_isr_handler.o(.text) referenced from startup_mkl25z4.o(RESET)
 <LI><a href="#[1c]">PIT_IRQHandler</a> from startup_mkl25z4.o(.text) referenced from startup_mkl25z4.o(RESET)
 <LI><a href="#[24]">PORTA_IRQHandler</a> from startup_mkl25z4.o(.text) referenced from startup_mkl25z4.o(RESET)
 <LI><a href="#[25]">PORTD_IRQHandler</a> from project_main.o(.text) referenced from startup_mkl25z4.o(RESET)
 <LI><a href="#[4]">PendSV_Handler</a> from startup_mkl25z4.o(.text) referenced from startup_mkl25z4.o(RESET)
 <LI><a href="#[1a]">RTC_IRQHandler</a> from startup_mkl25z4.o(.text) referenced from startup_mkl25z4.o(RESET)
 <LI><a href="#[1b]">RTC_Seconds_IRQHandler</a> from startup_mkl25z4.o(.text) referenced from startup_mkl25z4.o(RESET)
 <LI><a href="#[a]">Reserved20_IRQHandler</a> from startup_mkl25z4.o(.text) referenced from startup_mkl25z4.o(RESET)
 <LI><a href="#[1d]">Reserved39_IRQHandler</a> from startup_mkl25z4.o(.text) referenced from startup_mkl25z4.o(RESET)
 <LI><a href="#[23]">Reserved45_IRQHandler</a> from startup_mkl25z4.o(.text) referenced from startup_mkl25z4.o(RESET)
 <LI><a href="#[0]">Reset_Handler</a> from startup_mkl25z4.o(.text) referenced from startup_mkl25z4.o(RESET)
 <LI><a href="#[32]">RingCallProcess</a> from at_command_parser.o(.text) referenced from at_command_parser.o(.constdata)
 <LI><a href="#[44]">SMS_ModemOk</a> from at_command_parser.o(.text) referenced from at_command_parser.o(.constdata)
 <LI><a href="#[34]">SMS_NewMessage</a> from at_command_parser.o(.text) referenced from at_command_parser.o(.constdata)
 <LI><a href="#[33]">SMS_Process</a> from at_command_parser.o(.text) referenced 3 times from at_command_parser.o(.constdata)
 <LI><a href="#[3b]">SMS_ReadMsg</a> from at_command_parser.o(.text) referenced from at_command_parser.o(.constdata)
 <LI><a href="#[10]">SPI0_IRQHandler</a> from startup_mkl25z4.o(.text) referenced from startup_mkl25z4.o(RESET)
 <LI><a href="#[11]">SPI1_IRQHandler</a> from startup_mkl25z4.o(.text) referenced from startup_mkl25z4.o(RESET)
 <LI><a href="#[3]">SVC_Handler</a> from startup_mkl25z4.o(.text) referenced from startup_mkl25z4.o(RESET)
 <LI><a href="#[5]">SysTick_Handler</a> from tick.o(.text) referenced from startup_mkl25z4.o(RESET)
 <LI><a href="#[27]">SystemInit</a> from system_mkl25z4.o(.text) referenced from startup_mkl25z4.o(.text)
 <LI><a href="#[17]">TPM0_IRQHandler</a> from dbg_cfg_app.o(.text) referenced from startup_mkl25z4.o(RESET)
 <LI><a href="#[18]">TPM1_IRQHandler</a> from audio.o(.text) referenced from startup_mkl25z4.o(RESET)
 <LI><a href="#[19]">TPM2_IRQHandler</a> from dtmf_app.o(.text) referenced from startup_mkl25z4.o(RESET)
 <LI><a href="#[20]">TSI0_IRQHandler</a> from startup_mkl25z4.o(.text) referenced from startup_mkl25z4.o(RESET)
 <LI><a href="#[12]">UART0_IRQHandler</a> from uart.o(.text) referenced from startup_mkl25z4.o(RESET)
 <LI><a href="#[13]">UART1_IRQHandler</a> from uart.o(.text) referenced from startup_mkl25z4.o(RESET)
 <LI><a href="#[14]">UART2_IRQHandler</a> from startup_mkl25z4.o(.text) referenced from startup_mkl25z4.o(RESET)
 <LI><a href="#[1e]">USB0_IRQHandler</a> from usbhw.o(.text) referenced from startup_mkl25z4.o(RESET)
 <LI><a href="#[2f]">USB_EndPoint0</a> from usbcore.o(.text) referenced from usbuser.o(.constdata)
 <LI><a href="#[30]">USB_EndPoint1</a> from usbuser.o(.text) referenced from usbuser.o(.constdata)
 <LI><a href="#[28]">__main</a> from entry.o(.ARM.Collect$$$$00000000) referenced from startup_mkl25z4.o(.text)
 <LI><a href="#[2a]">_sbackspace</a> from _sgetc.o(.text) referenced 2 times from __0sscanf.o(.text)
 <LI><a href="#[2b]">_scanf_char_input</a> from scanf_char.o(.text) referenced from scanf_char.o(.text)
 <LI><a href="#[29]">_sgetc</a> from _sgetc.o(.text) referenced 2 times from __0sscanf.o(.text)
 <LI><a href="#[2d]">_sputc</a> from printf8.o(i._sputc) referenced from printf8.o(i.__0sprintf$8)
 <LI><a href="#[2e]">_sputc</a> from printfa.o(i._sputc) referenced from printfa.o(i.__0vsprintf)
 <LI><a href="#[2c]">isspace</a> from isspace_o.o(.text) referenced 2 times from scanf_char.o(.text)
 <LI><a href="#[26]">main</a> from project_main.o(.text) referenced from entry9a.o(.ARM.Collect$$$$0000000B)
</UL>
<P>
<H3>
Global Symbols
</H3>
<P><STRONG><a name="[28]"></a>__main</STRONG> (Thumb, 0 bytes, Stack size unknown bytes, entry.o(.ARM.Collect$$$$00000000))
<BR>[Address Reference Count : 1]<UL><LI> startup_mkl25z4.o(.text)
</UL>
<P><STRONG><a name="[234]"></a>_main_stk</STRONG> (Thumb, 0 bytes, Stack size unknown bytes, entry2.o(.ARM.Collect$$$$00000001))

<P><STRONG><a name="[4b]"></a>_main_scatterload</STRONG> (Thumb, 0 bytes, Stack size unknown bytes, entry5.o(.ARM.Collect$$$$00000004))
<BR><BR>[Calls]<UL><LI><a href="#[4c]">&gt;&gt;</a>&nbsp;&nbsp;&nbsp;__scatterload
</UL>

<P><STRONG><a name="[224]"></a>__main_after_scatterload</STRONG> (Thumb, 0 bytes, Stack size unknown bytes, entry5.o(.ARM.Collect$$$$00000004))
<BR><BR>[Called By]<UL><LI><a href="#[4c]">&gt;&gt;</a>&nbsp;&nbsp;&nbsp;__scatterload
</UL>

<P><STRONG><a name="[235]"></a>_main_clock</STRONG> (Thumb, 0 bytes, Stack size unknown bytes, entry7b.o(.ARM.Collect$$$$00000008))

<P><STRONG><a name="[236]"></a>_main_cpp_init</STRONG> (Thumb, 0 bytes, Stack size unknown bytes, entry8b.o(.ARM.Collect$$$$0000000A))

<P><STRONG><a name="[237]"></a>_main_init</STRONG> (Thumb, 0 bytes, Stack size unknown bytes, entry9a.o(.ARM.Collect$$$$0000000B))

<P><STRONG><a name="[238]"></a>__rt_final_cpp</STRONG> (Thumb, 0 bytes, Stack size unknown bytes, entry10a.o(.ARM.Collect$$$$0000000D))

<P><STRONG><a name="[239]"></a>__rt_final_exit</STRONG> (Thumb, 0 bytes, Stack size unknown bytes, entry11a.o(.ARM.Collect$$$$0000000F))

<P><STRONG><a name="[2]"></a>HardFault_Handler</STRONG> (Thumb, 4 bytes, Stack size 0 bytes, project_main.o(.text))
<BR><BR>[Calls]<UL><LI><a href="#[4d]">&gt;&gt;</a>&nbsp;&nbsp;&nbsp;NVIC_SystemReset
</UL>
<BR>[Address Reference Count : 1]<UL><LI> startup_mkl25z4.o(RESET)
</UL>
<P><STRONG><a name="[4e]"></a>PIN_InterruptInit</STRONG> (Thumb, 104 bytes, Stack size 8 bytes, project_main.o(.text))
<BR><BR>[Stack]<UL><LI>Max Depth = 20<LI>Call Chain = PIN_InterruptInit &rArr; llwu_configure
</UL>
<BR>[Calls]<UL><LI><a href="#[4f]">&gt;&gt;</a>&nbsp;&nbsp;&nbsp;llwu_configure
<LI><a href="#[51]">&gt;&gt;</a>&nbsp;&nbsp;&nbsp;NVIC_SetPriority
<LI><a href="#[50]">&gt;&gt;</a>&nbsp;&nbsp;&nbsp;NVIC_EnableIRQ
</UL>
<BR>[Called By]<UL><LI><a href="#[26]">&gt;&gt;</a>&nbsp;&nbsp;&nbsp;main
<LI><a href="#[5b]">&gt;&gt;</a>&nbsp;&nbsp;&nbsp;SysSleep
<LI><a href="#[54]">&gt;&gt;</a>&nbsp;&nbsp;&nbsp;SysPwrOff
</UL>

<P><STRONG><a name="[25]"></a>PORTD_IRQHandler</STRONG> (Thumb, 82 bytes, Stack size 8 bytes, project_main.o(.text))
<BR><BR>[Stack]<UL><LI>Max Depth = 8<LI>Call Chain = PORTD_IRQHandler
</UL>
<BR>[Calls]<UL><LI><a href="#[53]">&gt;&gt;</a>&nbsp;&nbsp;&nbsp;VoiceCallTask_GetPhase
<LI><a href="#[52]">&gt;&gt;</a>&nbsp;&nbsp;&nbsp;AudioEnable
</UL>
<BR>[Address Reference Count : 1]<UL><LI> startup_mkl25z4.o(RESET)
</UL>
<P><STRONG><a name="[54]"></a>SysPwrOff</STRONG> (Thumb, 126 bytes, Stack size 8 bytes, project_main.o(.text))
<BR><BR>[Stack]<UL><LI>Max Depth = 180<LI>Call Chain = SysPwrOff &rArr; AudioPlayFile &rArr; SetLowPowerModes &rArr; LowPowerModes &rArr; vlp_clock_config &rArr; PEE_to_BLPE &rArr; atc &rArr; __aeabi_idivmod &rArr; __aeabi_uidivmod
</UL>
<BR>[Calls]<UL><LI><a href="#[56]">&gt;&gt;</a>&nbsp;&nbsp;&nbsp;USB_Init
<LI><a href="#[57]">&gt;&gt;</a>&nbsp;&nbsp;&nbsp;USB_Connect
<LI><a href="#[58]">&gt;&gt;</a>&nbsp;&nbsp;&nbsp;TPM0_Init
<LI><a href="#[55]">&gt;&gt;</a>&nbsp;&nbsp;&nbsp;SetLowPowerModes
<LI><a href="#[59]">&gt;&gt;</a>&nbsp;&nbsp;&nbsp;AudioStopAll
<LI><a href="#[5a]">&gt;&gt;</a>&nbsp;&nbsp;&nbsp;AudioPlayFile
<LI><a href="#[4e]">&gt;&gt;</a>&nbsp;&nbsp;&nbsp;PIN_InterruptInit
</UL>
<BR>[Called By]<UL><LI><a href="#[26]">&gt;&gt;</a>&nbsp;&nbsp;&nbsp;main
</UL>

<P><STRONG><a name="[5b]"></a>SysSleep</STRONG> (Thumb, 618 bytes, Stack size 16 bytes, project_main.o(.text))
<BR><BR>[Stack]<UL><LI>Max Depth = 736<LI>Call Chain = SysSleep &rArr; TrackerTask &rArr; PedometerTask &rArr; ambo_step_detect &rArr; b2_filter
</UL>
<BR>[Calls]<UL><LI><a href="#[53]">&gt;&gt;</a>&nbsp;&nbsp;&nbsp;VoiceCallTask_GetPhase
<LI><a href="#[56]">&gt;&gt;</a>&nbsp;&nbsp;&nbsp;USB_Init
<LI><a href="#[57]">&gt;&gt;</a>&nbsp;&nbsp;&nbsp;USB_Connect
<LI><a href="#[5e]">&gt;&gt;</a>&nbsp;&nbsp;&nbsp;TrackerTask
<LI><a href="#[58]">&gt;&gt;</a>&nbsp;&nbsp;&nbsp;TPM0_Init
<LI><a href="#[5c]">&gt;&gt;</a>&nbsp;&nbsp;&nbsp;TPM0_DeInit
<LI><a href="#[61]">&gt;&gt;</a>&nbsp;&nbsp;&nbsp;SosTask_IsAlarmActivated
<LI><a href="#[5f]">&gt;&gt;</a>&nbsp;&nbsp;&nbsp;SmsTask_GetPhase
<LI><a href="#[55]">&gt;&gt;</a>&nbsp;&nbsp;&nbsp;SetLowPowerModes
<LI><a href="#[65]">&gt;&gt;</a>&nbsp;&nbsp;&nbsp;MODEM_SendCommand
<LI><a href="#[5d]">&gt;&gt;</a>&nbsp;&nbsp;&nbsp;InitTimeout
<LI><a href="#[62]">&gt;&gt;</a>&nbsp;&nbsp;&nbsp;GpsTask_GetPhase
<LI><a href="#[60]">&gt;&gt;</a>&nbsp;&nbsp;&nbsp;GprsTask_GetPhase
<LI><a href="#[64]">&gt;&gt;</a>&nbsp;&nbsp;&nbsp;DelayMs
<LI><a href="#[59]">&gt;&gt;</a>&nbsp;&nbsp;&nbsp;AudioStopAll
<LI><a href="#[52]">&gt;&gt;</a>&nbsp;&nbsp;&nbsp;AudioEnable
<LI><a href="#[4e]">&gt;&gt;</a>&nbsp;&nbsp;&nbsp;PIN_InterruptInit
<LI><a href="#[63]">&gt;&gt;</a>&nbsp;&nbsp;&nbsp;__aeabi_uidivmod
</UL>
<BR>[Called By]<UL><LI><a href="#[66]">&gt;&gt;</a>&nbsp;&nbsp;&nbsp;AppRun
</UL>

<P><STRONG><a name="[66]"></a>AppRun</STRONG> (Thumb, 672 bytes, Stack size 32 bytes, project_main.o(.text))
<BR><BR>[Stack]<UL><LI>Max Depth = 768<LI>Call Chain = AppRun &rArr; SysSleep &rArr; TrackerTask &rArr; PedometerTask &rArr; ambo_step_detect &rArr; b2_filter
</UL>
<BR>[Calls]<UL><LI><a href="#[6d]">&gt;&gt;</a>&nbsp;&nbsp;&nbsp;VoiceCall_Task
<LI><a href="#[53]">&gt;&gt;</a>&nbsp;&nbsp;&nbsp;VoiceCallTask_GetPhase
<LI><a href="#[6b]">&gt;&gt;</a>&nbsp;&nbsp;&nbsp;Sos_Task
<LI><a href="#[61]">&gt;&gt;</a>&nbsp;&nbsp;&nbsp;SosTask_IsAlarmActivated
<LI><a href="#[70]">&gt;&gt;</a>&nbsp;&nbsp;&nbsp;SosTask_GetPhase
<LI><a href="#[6e]">&gt;&gt;</a>&nbsp;&nbsp;&nbsp;Sms_Task
<LI><a href="#[5f]">&gt;&gt;</a>&nbsp;&nbsp;&nbsp;SmsTask_GetPhase
<LI><a href="#[55]">&gt;&gt;</a>&nbsp;&nbsp;&nbsp;SetLowPowerModes
<LI><a href="#[74]">&gt;&gt;</a>&nbsp;&nbsp;&nbsp;SMS_Manage
<LI><a href="#[68]">&gt;&gt;</a>&nbsp;&nbsp;&nbsp;ModemCmd_Task
<LI><a href="#[69]">&gt;&gt;</a>&nbsp;&nbsp;&nbsp;ModemCmdTask_IsIdle
<LI><a href="#[65]">&gt;&gt;</a>&nbsp;&nbsp;&nbsp;MODEM_SendCommand
<LI><a href="#[6c]">&gt;&gt;</a>&nbsp;&nbsp;&nbsp;Io_Task
<LI><a href="#[5d]">&gt;&gt;</a>&nbsp;&nbsp;&nbsp;InitTimeout
<LI><a href="#[6a]">&gt;&gt;</a>&nbsp;&nbsp;&nbsp;Gsm_Task
<LI><a href="#[71]">&gt;&gt;</a>&nbsp;&nbsp;&nbsp;GsmTask_GetPhase
<LI><a href="#[62]">&gt;&gt;</a>&nbsp;&nbsp;&nbsp;GpsTask_GetPhase
<LI><a href="#[6f]">&gt;&gt;</a>&nbsp;&nbsp;&nbsp;Gprs_Task
<LI><a href="#[67]">&gt;&gt;</a>&nbsp;&nbsp;&nbsp;GprsTask_StartTask
<LI><a href="#[60]">&gt;&gt;</a>&nbsp;&nbsp;&nbsp;GprsTask_GetPhase
<LI><a href="#[73]">&gt;&gt;</a>&nbsp;&nbsp;&nbsp;CheckTimeout
<LI><a href="#[75]">&gt;&gt;</a>&nbsp;&nbsp;&nbsp;AudioStopCheck
<LI><a href="#[5b]">&gt;&gt;</a>&nbsp;&nbsp;&nbsp;SysSleep
<LI><a href="#[4d]">&gt;&gt;</a>&nbsp;&nbsp;&nbsp;NVIC_SystemReset
<LI><a href="#[72]">&gt;&gt;</a>&nbsp;&nbsp;&nbsp;__aeabi_idivmod
</UL>
<BR>[Called By]<UL><LI><a href="#[26]">&gt;&gt;</a>&nbsp;&nbsp;&nbsp;main
</UL>

<P><STRONG><a name="[26]"></a>main</STRONG> (Thumb, 1072 bytes, Stack size 8 bytes, project_main.o(.text))
<BR><BR>[Stack]<UL><LI>Max Depth = 776<LI>Call Chain = main &rArr; AppRun &rArr; SysSleep &rArr; TrackerTask &rArr; PedometerTask &rArr; ambo_step_detect &rArr; b2_filter
</UL>
<BR>[Calls]<UL><LI><a href="#[7c]">&gt;&gt;</a>&nbsp;&nbsp;&nbsp;uart_init
<LI><a href="#[7b]">&gt;&gt;</a>&nbsp;&nbsp;&nbsp;uart0_init
<LI><a href="#[77]">&gt;&gt;</a>&nbsp;&nbsp;&nbsp;start
<LI><a href="#[4f]">&gt;&gt;</a>&nbsp;&nbsp;&nbsp;llwu_configure
<LI><a href="#[89]">&gt;&gt;</a>&nbsp;&nbsp;&nbsp;VoiceCallTask_Init
<LI><a href="#[56]">&gt;&gt;</a>&nbsp;&nbsp;&nbsp;USB_Init
<LI><a href="#[57]">&gt;&gt;</a>&nbsp;&nbsp;&nbsp;USB_Connect
<LI><a href="#[80]">&gt;&gt;</a>&nbsp;&nbsp;&nbsp;TrackerInit
<LI><a href="#[58]">&gt;&gt;</a>&nbsp;&nbsp;&nbsp;TPM0_Init
<LI><a href="#[7a]">&gt;&gt;</a>&nbsp;&nbsp;&nbsp;TICK_Init
<LI><a href="#[88]">&gt;&gt;</a>&nbsp;&nbsp;&nbsp;SosTask_Init
<LI><a href="#[8a]">&gt;&gt;</a>&nbsp;&nbsp;&nbsp;SmsTask_Init
<LI><a href="#[55]">&gt;&gt;</a>&nbsp;&nbsp;&nbsp;SetLowPowerModes
<LI><a href="#[7d]">&gt;&gt;</a>&nbsp;&nbsp;&nbsp;SST25_Init
<LI><a href="#[79]">&gt;&gt;</a>&nbsp;&nbsp;&nbsp;PedometerTaskInit
<LI><a href="#[65]">&gt;&gt;</a>&nbsp;&nbsp;&nbsp;MODEM_SendCommand
<LI><a href="#[84]">&gt;&gt;</a>&nbsp;&nbsp;&nbsp;MODEM_PowerOff
<LI><a href="#[83]">&gt;&gt;</a>&nbsp;&nbsp;&nbsp;MODEM_Init
<LI><a href="#[81]">&gt;&gt;</a>&nbsp;&nbsp;&nbsp;LPTMR_init
<LI><a href="#[82]">&gt;&gt;</a>&nbsp;&nbsp;&nbsp;Keys_Init
<LI><a href="#[5d]">&gt;&gt;</a>&nbsp;&nbsp;&nbsp;InitTimeout
<LI><a href="#[86]">&gt;&gt;</a>&nbsp;&nbsp;&nbsp;GsmTask_Init
<LI><a href="#[85]">&gt;&gt;</a>&nbsp;&nbsp;&nbsp;GpsTask_Init
<LI><a href="#[87]">&gt;&gt;</a>&nbsp;&nbsp;&nbsp;GprsTask_Init
<LI><a href="#[78]">&gt;&gt;</a>&nbsp;&nbsp;&nbsp;GPSInit
<LI><a href="#[64]">&gt;&gt;</a>&nbsp;&nbsp;&nbsp;DelayMs
<LI><a href="#[7e]">&gt;&gt;</a>&nbsp;&nbsp;&nbsp;DB_FlashMemInit
<LI><a href="#[76]">&gt;&gt;</a>&nbsp;&nbsp;&nbsp;CFG_Load
<LI><a href="#[59]">&gt;&gt;</a>&nbsp;&nbsp;&nbsp;AudioStopAll
<LI><a href="#[5a]">&gt;&gt;</a>&nbsp;&nbsp;&nbsp;AudioPlayFile
<LI><a href="#[7f]">&gt;&gt;</a>&nbsp;&nbsp;&nbsp;AUDIO_Init
<LI><a href="#[66]">&gt;&gt;</a>&nbsp;&nbsp;&nbsp;AppRun
<LI><a href="#[54]">&gt;&gt;</a>&nbsp;&nbsp;&nbsp;SysPwrOff
<LI><a href="#[4e]">&gt;&gt;</a>&nbsp;&nbsp;&nbsp;PIN_InterruptInit
<LI><a href="#[50]">&gt;&gt;</a>&nbsp;&nbsp;&nbsp;NVIC_EnableIRQ
</UL>
<BR>[Address Reference Count : 1]<UL><LI> entry9a.o(.ARM.Collect$$$$0000000B)
</UL>
<P><STRONG><a name="[a1]"></a>clockMonitor</STRONG> (Thumb, 32 bytes, Stack size 0 bytes, power_management.o(.text))
<BR><BR>[Called By]<UL><LI><a href="#[a2]">&gt;&gt;</a>&nbsp;&nbsp;&nbsp;LowPowerModes
<LI><a href="#[8f]">&gt;&gt;</a>&nbsp;&nbsp;&nbsp;vlp_clock_config
</UL>

<P><STRONG><a name="[98]"></a>uart_configure</STRONG> (Thumb, 2 bytes, Stack size 0 bytes, power_management.o(.text))
<BR><BR>[Called By]<UL><LI><a href="#[8f]">&gt;&gt;</a>&nbsp;&nbsp;&nbsp;vlp_clock_config
</UL>

<P><STRONG><a name="[8b]"></a>PEE_to_BLPE</STRONG> (Thumb, 34 bytes, Stack size 8 bytes, power_management.o(.text))
<BR><BR>[Stack]<UL><LI>Max Depth = 108<LI>Call Chain = PEE_to_BLPE &rArr; atc &rArr; __aeabi_idivmod &rArr; __aeabi_uidivmod
</UL>
<BR>[Calls]<UL><LI><a href="#[8d]">&gt;&gt;</a>&nbsp;&nbsp;&nbsp;pee_pbe
<LI><a href="#[8e]">&gt;&gt;</a>&nbsp;&nbsp;&nbsp;pbe_blpe
<LI><a href="#[8c]">&gt;&gt;</a>&nbsp;&nbsp;&nbsp;atc
</UL>
<BR>[Called By]<UL><LI><a href="#[8f]">&gt;&gt;</a>&nbsp;&nbsp;&nbsp;vlp_clock_config
</UL>

<P><STRONG><a name="[8f]"></a>vlp_clock_config</STRONG> (Thumb, 1228 bytes, Stack size 24 bytes, power_management.o(.text))
<BR><BR>[Stack]<UL><LI>Max Depth = 132<LI>Call Chain = vlp_clock_config &rArr; PEE_to_BLPE &rArr; atc &rArr; __aeabi_idivmod &rArr; __aeabi_uidivmod
</UL>
<BR>[Calls]<UL><LI><a href="#[90]">&gt;&gt;</a>&nbsp;&nbsp;&nbsp;what_mcg_mode
<LI><a href="#[8d]">&gt;&gt;</a>&nbsp;&nbsp;&nbsp;pee_pbe
<LI><a href="#[97]">&gt;&gt;</a>&nbsp;&nbsp;&nbsp;pbe_pee
<LI><a href="#[a0]">&gt;&gt;</a>&nbsp;&nbsp;&nbsp;pbe_fbe
<LI><a href="#[9b]">&gt;&gt;</a>&nbsp;&nbsp;&nbsp;fei_fbi
<LI><a href="#[99]">&gt;&gt;</a>&nbsp;&nbsp;&nbsp;fei_fbe
<LI><a href="#[94]">&gt;&gt;</a>&nbsp;&nbsp;&nbsp;fbi_fei
<LI><a href="#[95]">&gt;&gt;</a>&nbsp;&nbsp;&nbsp;fbi_fbe
<LI><a href="#[9c]">&gt;&gt;</a>&nbsp;&nbsp;&nbsp;fbi_blpi
<LI><a href="#[96]">&gt;&gt;</a>&nbsp;&nbsp;&nbsp;fbe_pbe
<LI><a href="#[9e]">&gt;&gt;</a>&nbsp;&nbsp;&nbsp;fbe_fbi
<LI><a href="#[9a]">&gt;&gt;</a>&nbsp;&nbsp;&nbsp;fbe_blpe
<LI><a href="#[91]">&gt;&gt;</a>&nbsp;&nbsp;&nbsp;exit_vlpr
<LI><a href="#[93]">&gt;&gt;</a>&nbsp;&nbsp;&nbsp;blpi_fbi
<LI><a href="#[9f]">&gt;&gt;</a>&nbsp;&nbsp;&nbsp;blpe_pbe
<LI><a href="#[9d]">&gt;&gt;</a>&nbsp;&nbsp;&nbsp;blpe_fbe
<LI><a href="#[8c]">&gt;&gt;</a>&nbsp;&nbsp;&nbsp;atc
<LI><a href="#[92]">&gt;&gt;</a>&nbsp;&nbsp;&nbsp;__ARM_common_switch8
<LI><a href="#[8b]">&gt;&gt;</a>&nbsp;&nbsp;&nbsp;PEE_to_BLPE
<LI><a href="#[98]">&gt;&gt;</a>&nbsp;&nbsp;&nbsp;uart_configure
<LI><a href="#[a1]">&gt;&gt;</a>&nbsp;&nbsp;&nbsp;clockMonitor
<LI><a href="#[72]">&gt;&gt;</a>&nbsp;&nbsp;&nbsp;__aeabi_idivmod
<LI><a href="#[63]">&gt;&gt;</a>&nbsp;&nbsp;&nbsp;__aeabi_uidivmod
</UL>
<BR>[Called By]<UL><LI><a href="#[a2]">&gt;&gt;</a>&nbsp;&nbsp;&nbsp;LowPowerModes
</UL>

<P><STRONG><a name="[a2]"></a>LowPowerModes</STRONG> (Thumb, 350 bytes, Stack size 16 bytes, power_management.o(.text))
<BR><BR>[Stack]<UL><LI>Max Depth = 148<LI>Call Chain = LowPowerModes &rArr; vlp_clock_config &rArr; PEE_to_BLPE &rArr; atc &rArr; __aeabi_idivmod &rArr; __aeabi_uidivmod
</UL>
<BR>[Calls]<UL><LI><a href="#[90]">&gt;&gt;</a>&nbsp;&nbsp;&nbsp;what_mcg_mode
<LI><a href="#[97]">&gt;&gt;</a>&nbsp;&nbsp;&nbsp;pbe_pee
<LI><a href="#[91]">&gt;&gt;</a>&nbsp;&nbsp;&nbsp;exit_vlpr
<LI><a href="#[a3]">&gt;&gt;</a>&nbsp;&nbsp;&nbsp;enter_vlpr
<LI><a href="#[a4]">&gt;&gt;</a>&nbsp;&nbsp;&nbsp;enter_lls
<LI><a href="#[92]">&gt;&gt;</a>&nbsp;&nbsp;&nbsp;__ARM_common_switch8
<LI><a href="#[8f]">&gt;&gt;</a>&nbsp;&nbsp;&nbsp;vlp_clock_config
<LI><a href="#[a1]">&gt;&gt;</a>&nbsp;&nbsp;&nbsp;clockMonitor
</UL>
<BR>[Called By]<UL><LI><a href="#[55]">&gt;&gt;</a>&nbsp;&nbsp;&nbsp;SetLowPowerModes
</UL>

<P><STRONG><a name="[55]"></a>SetLowPowerModes</STRONG> (Thumb, 498 bytes, Stack size 8 bytes, power_management.o(.text))
<BR><BR>[Stack]<UL><LI>Max Depth = 156<LI>Call Chain = SetLowPowerModes &rArr; LowPowerModes &rArr; vlp_clock_config &rArr; PEE_to_BLPE &rArr; atc &rArr; __aeabi_idivmod &rArr; __aeabi_uidivmod
</UL>
<BR>[Calls]<UL><LI><a href="#[a5]">&gt;&gt;</a>&nbsp;&nbsp;&nbsp;Flash_Init
<LI><a href="#[a2]">&gt;&gt;</a>&nbsp;&nbsp;&nbsp;LowPowerModes
<LI><a href="#[7c]">&gt;&gt;</a>&nbsp;&nbsp;&nbsp;uart_init
<LI><a href="#[7b]">&gt;&gt;</a>&nbsp;&nbsp;&nbsp;uart0_init
<LI><a href="#[56]">&gt;&gt;</a>&nbsp;&nbsp;&nbsp;USB_Init
<LI><a href="#[57]">&gt;&gt;</a>&nbsp;&nbsp;&nbsp;USB_Connect
<LI><a href="#[58]">&gt;&gt;</a>&nbsp;&nbsp;&nbsp;TPM0_Init
<LI><a href="#[7a]">&gt;&gt;</a>&nbsp;&nbsp;&nbsp;TICK_Init
<LI><a href="#[7d]">&gt;&gt;</a>&nbsp;&nbsp;&nbsp;SST25_Init
<LI><a href="#[7f]">&gt;&gt;</a>&nbsp;&nbsp;&nbsp;AUDIO_Init
</UL>
<BR>[Called By]<UL><LI><a href="#[6a]">&gt;&gt;</a>&nbsp;&nbsp;&nbsp;Gsm_Task
<LI><a href="#[5a]">&gt;&gt;</a>&nbsp;&nbsp;&nbsp;AudioPlayFile
<LI><a href="#[26]">&gt;&gt;</a>&nbsp;&nbsp;&nbsp;main
<LI><a href="#[66]">&gt;&gt;</a>&nbsp;&nbsp;&nbsp;AppRun
<LI><a href="#[5b]">&gt;&gt;</a>&nbsp;&nbsp;&nbsp;SysSleep
<LI><a href="#[54]">&gt;&gt;</a>&nbsp;&nbsp;&nbsp;SysPwrOff
<LI><a href="#[1c9]">&gt;&gt;</a>&nbsp;&nbsp;&nbsp;AudioControler
</UL>

<P><STRONG><a name="[a6]"></a>BLPE_to_PEE</STRONG> (Thumb, 34 bytes, Stack size 8 bytes, power_management.o(.text), UNUSED)
<BR><BR>[Calls]<UL><LI><a href="#[97]">&gt;&gt;</a>&nbsp;&nbsp;&nbsp;pbe_pee
<LI><a href="#[9f]">&gt;&gt;</a>&nbsp;&nbsp;&nbsp;blpe_pbe
</UL>

<P><STRONG><a name="[86]"></a>GsmTask_Init</STRONG> (Thumb, 8 bytes, Stack size 0 bytes, gsm_gprs_tasks.o(.text))
<BR><BR>[Called By]<UL><LI><a href="#[c8]">&gt;&gt;</a>&nbsp;&nbsp;&nbsp;UploadConfig_Task
<LI><a href="#[c3]">&gt;&gt;</a>&nbsp;&nbsp;&nbsp;SendPowerCmd_GprsTask
<LI><a href="#[b2]">&gt;&gt;</a>&nbsp;&nbsp;&nbsp;SendGpsData_GprsTask
<LI><a href="#[6e]">&gt;&gt;</a>&nbsp;&nbsp;&nbsp;Sms_Task
<LI><a href="#[68]">&gt;&gt;</a>&nbsp;&nbsp;&nbsp;ModemCmd_Task
<LI><a href="#[6c]">&gt;&gt;</a>&nbsp;&nbsp;&nbsp;Io_Task
<LI><a href="#[6f]">&gt;&gt;</a>&nbsp;&nbsp;&nbsp;Gprs_Task
<LI><a href="#[26]">&gt;&gt;</a>&nbsp;&nbsp;&nbsp;main
</UL>

<P><STRONG><a name="[60]"></a>GprsTask_GetPhase</STRONG> (Thumb, 48 bytes, Stack size 8 bytes, gsm_gprs_tasks.o(.text))
<BR><BR>[Stack]<UL><LI>Max Depth = 8<LI>Call Chain = GprsTask_GetPhase
</UL>
<BR>[Calls]<UL><LI><a href="#[a7]">&gt;&gt;</a>&nbsp;&nbsp;&nbsp;UploadConfigTask_GetPhase
</UL>
<BR>[Called By]<UL><LI><a href="#[a8]">&gt;&gt;</a>&nbsp;&nbsp;&nbsp;GprsTask_StopTask
<LI><a href="#[5e]">&gt;&gt;</a>&nbsp;&nbsp;&nbsp;TrackerTask
<LI><a href="#[6c]">&gt;&gt;</a>&nbsp;&nbsp;&nbsp;Io_Task
<LI><a href="#[66]">&gt;&gt;</a>&nbsp;&nbsp;&nbsp;AppRun
<LI><a href="#[5b]">&gt;&gt;</a>&nbsp;&nbsp;&nbsp;SysSleep
<LI><a href="#[1b9]">&gt;&gt;</a>&nbsp;&nbsp;&nbsp;GsmLedControl
</UL>

<P><STRONG><a name="[a8]"></a>GprsTask_StopTask</STRONG> (Thumb, 102 bytes, Stack size 8 bytes, gsm_gprs_tasks.o(.text))
<BR><BR>[Stack]<UL><LI>Max Depth = 536<LI>Call Chain = GprsTask_StopTask &rArr; Gprs_Task &rArr;  GprsTask_Stop (Cycle)
</UL>
<BR>[Calls]<UL><LI><a href="#[a9]">&gt;&gt;</a>&nbsp;&nbsp;&nbsp;UploadConfigTask_Stop
<LI><a href="#[aa]">&gt;&gt;</a>&nbsp;&nbsp;&nbsp;ModemCmdTask_Cancel
<LI><a href="#[68]">&gt;&gt;</a>&nbsp;&nbsp;&nbsp;ModemCmd_Task
<LI><a href="#[5d]">&gt;&gt;</a>&nbsp;&nbsp;&nbsp;InitTimeout
<LI><a href="#[6f]">&gt;&gt;</a>&nbsp;&nbsp;&nbsp;Gprs_Task
<LI><a href="#[60]">&gt;&gt;</a>&nbsp;&nbsp;&nbsp;GprsTask_GetPhase
<LI><a href="#[73]">&gt;&gt;</a>&nbsp;&nbsp;&nbsp;CheckTimeout
</UL>
<BR>[Called By]<UL><LI><a href="#[ab]">&gt;&gt;</a>&nbsp;&nbsp;&nbsp;GprsTask_Stop
</UL>

<P><STRONG><a name="[ab]"></a>GprsTask_Stop</STRONG> (Thumb, 12 bytes, Stack size 8 bytes, gsm_gprs_tasks.o(.text))
<BR><BR>[Stack]<UL><LI>Max Depth = 544<LI>Call Chain = GprsTask_Stop &rArr; GprsTask_StopTask &rArr; Gprs_Task &rArr;  GprsTask_Stop (Cycle)
</UL>
<BR>[Calls]<UL><LI><a href="#[a8]">&gt;&gt;</a>&nbsp;&nbsp;&nbsp;GprsTask_StopTask
</UL>
<BR>[Called By]<UL><LI><a href="#[104]">&gt;&gt;</a>&nbsp;&nbsp;&nbsp;UploadConfigTask_WaitRetry
<LI><a href="#[102]">&gt;&gt;</a>&nbsp;&nbsp;&nbsp;UploadConfigTask_Retry
<LI><a href="#[101]">&gt;&gt;</a>&nbsp;&nbsp;&nbsp;UploadConfigTask_Start
<LI><a href="#[e6]">&gt;&gt;</a>&nbsp;&nbsp;&nbsp;VoiceCallTask_EndCall
<LI><a href="#[d9]">&gt;&gt;</a>&nbsp;&nbsp;&nbsp;SosTask_End
<LI><a href="#[c8]">&gt;&gt;</a>&nbsp;&nbsp;&nbsp;UploadConfig_Task
<LI><a href="#[c3]">&gt;&gt;</a>&nbsp;&nbsp;&nbsp;SendPowerCmd_GprsTask
<LI><a href="#[c2]">&gt;&gt;</a>&nbsp;&nbsp;&nbsp;SendPowerCmdTask_Retry
<LI><a href="#[b2]">&gt;&gt;</a>&nbsp;&nbsp;&nbsp;SendGpsData_GprsTask
<LI><a href="#[b0]">&gt;&gt;</a>&nbsp;&nbsp;&nbsp;SendGpsDataTask_Retry
<LI><a href="#[6d]">&gt;&gt;</a>&nbsp;&nbsp;&nbsp;VoiceCall_Task
<LI><a href="#[6f]">&gt;&gt;</a>&nbsp;&nbsp;&nbsp;Gprs_Task
</UL>

<P><STRONG><a name="[ac]"></a>GprsTask_SetPhase</STRONG> (Thumb, 54 bytes, Stack size 8 bytes, gsm_gprs_tasks.o(.text), UNUSED)
<BR><BR>[Calls]<UL><LI><a href="#[ad]">&gt;&gt;</a>&nbsp;&nbsp;&nbsp;UploadConfigTask_SetPhase
</UL>

<P><STRONG><a name="[ae]"></a>GprsTask_WakeUp</STRONG> (Thumb, 84 bytes, Stack size 8 bytes, gsm_gprs_tasks.o(.text), UNUSED)
<BR><BR>[Calls]<UL><LI><a href="#[af]">&gt;&gt;</a>&nbsp;&nbsp;&nbsp;UploadConfigTask_WakeUp
</UL>

<P><STRONG><a name="[67]"></a>GprsTask_StartTask</STRONG> (Thumb, 8 bytes, Stack size 0 bytes, gsm_gprs_tasks.o(.text))
<BR><BR>[Called By]<UL><LI><a href="#[d9]">&gt;&gt;</a>&nbsp;&nbsp;&nbsp;SosTask_End
<LI><a href="#[c0]">&gt;&gt;</a>&nbsp;&nbsp;&nbsp;CMD_CfgParse
<LI><a href="#[5e]">&gt;&gt;</a>&nbsp;&nbsp;&nbsp;TrackerTask
<LI><a href="#[6b]">&gt;&gt;</a>&nbsp;&nbsp;&nbsp;Sos_Task
<LI><a href="#[6c]">&gt;&gt;</a>&nbsp;&nbsp;&nbsp;Io_Task
<LI><a href="#[6f]">&gt;&gt;</a>&nbsp;&nbsp;&nbsp;Gprs_Task
<LI><a href="#[66]">&gt;&gt;</a>&nbsp;&nbsp;&nbsp;AppRun
</UL>

<P><STRONG><a name="[b0]"></a>SendGpsDataTask_Retry</STRONG> (Thumb, 54 bytes, Stack size 8 bytes, gsm_gprs_tasks.o(.text))
<BR><BR>[Stack]<UL><LI>Max Depth = 12 + In Cycle
<LI>Call Chain = SendGpsDataTask_Retry &rArr;  GprsTask_Stop (Cycle)
</UL>
<BR>[Calls]<UL><LI><a href="#[b1]">&gt;&gt;</a>&nbsp;&nbsp;&nbsp;IoTask_IsModemBusy
<LI><a href="#[ab]">&gt;&gt;</a>&nbsp;&nbsp;&nbsp;GprsTask_Stop
<LI><a href="#[70]">&gt;&gt;</a>&nbsp;&nbsp;&nbsp;SosTask_GetPhase
<LI><a href="#[5d]">&gt;&gt;</a>&nbsp;&nbsp;&nbsp;InitTimeout
</UL>
<BR>[Called By]<UL><LI><a href="#[b2]">&gt;&gt;</a>&nbsp;&nbsp;&nbsp;SendGpsData_GprsTask
</UL>

<P><STRONG><a name="[71]"></a>GsmTask_GetPhase</STRONG> (Thumb, 6 bytes, Stack size 0 bytes, gsm_gprs_tasks.o(.text))
<BR><BR>[Called By]<UL><LI><a href="#[c8]">&gt;&gt;</a>&nbsp;&nbsp;&nbsp;UploadConfig_Task
<LI><a href="#[c3]">&gt;&gt;</a>&nbsp;&nbsp;&nbsp;SendPowerCmd_GprsTask
<LI><a href="#[b2]">&gt;&gt;</a>&nbsp;&nbsp;&nbsp;SendGpsData_GprsTask
<LI><a href="#[6b]">&gt;&gt;</a>&nbsp;&nbsp;&nbsp;Sos_Task
<LI><a href="#[6e]">&gt;&gt;</a>&nbsp;&nbsp;&nbsp;Sms_Task
<LI><a href="#[6f]">&gt;&gt;</a>&nbsp;&nbsp;&nbsp;Gprs_Task
<LI><a href="#[66]">&gt;&gt;</a>&nbsp;&nbsp;&nbsp;AppRun
</UL>

<P><STRONG><a name="[b2]"></a>SendGpsData_GprsTask</STRONG> (Thumb, 2988 bytes, Stack size 48 bytes, gsm_gprs_tasks.o(.text))
<BR><BR>[Stack]<UL><LI>Max Depth = 520 + In Cycle
<LI>Call Chain = SendGpsData_GprsTask &rArr;  GprsTask_Stop (Cycle)
</UL>
<BR>[Calls]<UL><LI><a href="#[b6]">&gt;&gt;</a>&nbsp;&nbsp;&nbsp;uart_putchar
<LI><a href="#[b7]">&gt;&gt;</a>&nbsp;&nbsp;&nbsp;ModemCmdTask_SetCriticalCmd
<LI><a href="#[b5]">&gt;&gt;</a>&nbsp;&nbsp;&nbsp;ModemCmdTask_SendCmd
<LI><a href="#[b3]">&gt;&gt;</a>&nbsp;&nbsp;&nbsp;ModemCmdTask_IsCriticalCmd
<LI><a href="#[b8]">&gt;&gt;</a>&nbsp;&nbsp;&nbsp;ModemCmdTask_GetPhase
<LI><a href="#[b9]">&gt;&gt;</a>&nbsp;&nbsp;&nbsp;MODEM_GetSocket
<LI><a href="#[b4]">&gt;&gt;</a>&nbsp;&nbsp;&nbsp;MODEM_GetCSQ
<LI><a href="#[c1]">&gt;&gt;</a>&nbsp;&nbsp;&nbsp;MODEM_DisconectSocket
<LI><a href="#[bc]">&gt;&gt;</a>&nbsp;&nbsp;&nbsp;MODEM_CheckGPRSDataOut
<LI><a href="#[be]">&gt;&gt;</a>&nbsp;&nbsp;&nbsp;IsGprsDataPacket
<LI><a href="#[b1]">&gt;&gt;</a>&nbsp;&nbsp;&nbsp;IoTask_IsModemBusy
<LI><a href="#[bb]">&gt;&gt;</a>&nbsp;&nbsp;&nbsp;GetTrackerMsg
<LI><a href="#[bd]">&gt;&gt;</a>&nbsp;&nbsp;&nbsp;GPRS_CmdRecvData
<LI><a href="#[ba]">&gt;&gt;</a>&nbsp;&nbsp;&nbsp;CheckTrackerMsgIsReady
<LI><a href="#[c0]">&gt;&gt;</a>&nbsp;&nbsp;&nbsp;CMD_CfgParse
<LI><a href="#[b0]">&gt;&gt;</a>&nbsp;&nbsp;&nbsp;SendGpsDataTask_Retry
<LI><a href="#[ab]">&gt;&gt;</a>&nbsp;&nbsp;&nbsp;GprsTask_Stop
<LI><a href="#[92]">&gt;&gt;</a>&nbsp;&nbsp;&nbsp;__ARM_common_switch8
<LI><a href="#[70]">&gt;&gt;</a>&nbsp;&nbsp;&nbsp;SosTask_GetPhase
<LI><a href="#[69]">&gt;&gt;</a>&nbsp;&nbsp;&nbsp;ModemCmdTask_IsIdle
<LI><a href="#[65]">&gt;&gt;</a>&nbsp;&nbsp;&nbsp;MODEM_SendCommand
<LI><a href="#[5d]">&gt;&gt;</a>&nbsp;&nbsp;&nbsp;InitTimeout
<LI><a href="#[86]">&gt;&gt;</a>&nbsp;&nbsp;&nbsp;GsmTask_Init
<LI><a href="#[71]">&gt;&gt;</a>&nbsp;&nbsp;&nbsp;GsmTask_GetPhase
<LI><a href="#[64]">&gt;&gt;</a>&nbsp;&nbsp;&nbsp;DelayMs
<LI><a href="#[73]">&gt;&gt;</a>&nbsp;&nbsp;&nbsp;CheckTimeout
<LI><a href="#[bf]">&gt;&gt;</a>&nbsp;&nbsp;&nbsp;__aeabi_memcpy
</UL>
<BR>[Called By]<UL><LI><a href="#[6f]">&gt;&gt;</a>&nbsp;&nbsp;&nbsp;Gprs_Task
</UL>

<P><STRONG><a name="[c2]"></a>SendPowerCmdTask_Retry</STRONG> (Thumb, 162 bytes, Stack size 8 bytes, gsm_gprs_tasks.o(.text))
<BR><BR>[Stack]<UL><LI>Max Depth = 12 + In Cycle
<LI>Call Chain = SendPowerCmdTask_Retry &rArr;  GprsTask_Stop (Cycle)
</UL>
<BR>[Calls]<UL><LI><a href="#[b1]">&gt;&gt;</a>&nbsp;&nbsp;&nbsp;IoTask_IsModemBusy
<LI><a href="#[ab]">&gt;&gt;</a>&nbsp;&nbsp;&nbsp;GprsTask_Stop
<LI><a href="#[5d]">&gt;&gt;</a>&nbsp;&nbsp;&nbsp;InitTimeout
</UL>
<BR>[Called By]<UL><LI><a href="#[c3]">&gt;&gt;</a>&nbsp;&nbsp;&nbsp;SendPowerCmd_GprsTask
</UL>

<P><STRONG><a name="[c3]"></a>SendPowerCmd_GprsTask</STRONG> (Thumb, 2106 bytes, Stack size 48 bytes, gsm_gprs_tasks.o(.text))
<BR><BR>[Stack]<UL><LI>Max Depth = 520 + In Cycle
<LI>Call Chain = SendPowerCmd_GprsTask &rArr;  GprsTask_Stop (Cycle)
</UL>
<BR>[Calls]<UL><LI><a href="#[b6]">&gt;&gt;</a>&nbsp;&nbsp;&nbsp;uart_putchar
<LI><a href="#[b7]">&gt;&gt;</a>&nbsp;&nbsp;&nbsp;ModemCmdTask_SetCriticalCmd
<LI><a href="#[b5]">&gt;&gt;</a>&nbsp;&nbsp;&nbsp;ModemCmdTask_SendCmd
<LI><a href="#[b3]">&gt;&gt;</a>&nbsp;&nbsp;&nbsp;ModemCmdTask_IsCriticalCmd
<LI><a href="#[b8]">&gt;&gt;</a>&nbsp;&nbsp;&nbsp;ModemCmdTask_GetPhase
<LI><a href="#[b9]">&gt;&gt;</a>&nbsp;&nbsp;&nbsp;MODEM_GetSocket
<LI><a href="#[c1]">&gt;&gt;</a>&nbsp;&nbsp;&nbsp;MODEM_DisconectSocket
<LI><a href="#[bc]">&gt;&gt;</a>&nbsp;&nbsp;&nbsp;MODEM_CheckGPRSDataOut
<LI><a href="#[be]">&gt;&gt;</a>&nbsp;&nbsp;&nbsp;IsGprsDataPacket
<LI><a href="#[b1]">&gt;&gt;</a>&nbsp;&nbsp;&nbsp;IoTask_IsModemBusy
<LI><a href="#[bd]">&gt;&gt;</a>&nbsp;&nbsp;&nbsp;GPRS_CmdRecvData
<LI><a href="#[c4]">&gt;&gt;</a>&nbsp;&nbsp;&nbsp;DPWO_Add
<LI><a href="#[c5]">&gt;&gt;</a>&nbsp;&nbsp;&nbsp;DPWF_Add
<LI><a href="#[c0]">&gt;&gt;</a>&nbsp;&nbsp;&nbsp;CMD_CfgParse
<LI><a href="#[c2]">&gt;&gt;</a>&nbsp;&nbsp;&nbsp;SendPowerCmdTask_Retry
<LI><a href="#[ab]">&gt;&gt;</a>&nbsp;&nbsp;&nbsp;GprsTask_Stop
<LI><a href="#[92]">&gt;&gt;</a>&nbsp;&nbsp;&nbsp;__ARM_common_switch8
<LI><a href="#[69]">&gt;&gt;</a>&nbsp;&nbsp;&nbsp;ModemCmdTask_IsIdle
<LI><a href="#[65]">&gt;&gt;</a>&nbsp;&nbsp;&nbsp;MODEM_SendCommand
<LI><a href="#[5d]">&gt;&gt;</a>&nbsp;&nbsp;&nbsp;InitTimeout
<LI><a href="#[86]">&gt;&gt;</a>&nbsp;&nbsp;&nbsp;GsmTask_Init
<LI><a href="#[71]">&gt;&gt;</a>&nbsp;&nbsp;&nbsp;GsmTask_GetPhase
<LI><a href="#[64]">&gt;&gt;</a>&nbsp;&nbsp;&nbsp;DelayMs
<LI><a href="#[73]">&gt;&gt;</a>&nbsp;&nbsp;&nbsp;CheckTimeout
<LI><a href="#[bf]">&gt;&gt;</a>&nbsp;&nbsp;&nbsp;__aeabi_memcpy
</UL>
<BR>[Called By]<UL><LI><a href="#[6f]">&gt;&gt;</a>&nbsp;&nbsp;&nbsp;Gprs_Task
</UL>

<P><STRONG><a name="[6f]"></a>Gprs_Task</STRONG> (Thumb, 364 bytes, Stack size 8 bytes, gsm_gprs_tasks.o(.text))
<BR><BR>[Stack]<UL><LI>Max Depth = 528 + In Cycle
<LI>Call Chain = Gprs_Task &rArr;  GprsTask_Stop (Cycle)
</UL>
<BR>[Calls]<UL><LI><a href="#[c6]">&gt;&gt;</a>&nbsp;&nbsp;&nbsp;VoiceCallTask_IsIdle
<LI><a href="#[c8]">&gt;&gt;</a>&nbsp;&nbsp;&nbsp;UploadConfig_Task
<LI><a href="#[ca]">&gt;&gt;</a>&nbsp;&nbsp;&nbsp;UploadConfigTask_IsWaitingForRetryTimedOut
<LI><a href="#[c9]">&gt;&gt;</a>&nbsp;&nbsp;&nbsp;UploadConfigTask_IsWaitingForRetry
<LI><a href="#[c7]">&gt;&gt;</a>&nbsp;&nbsp;&nbsp;SmsTask_IsIdle
<LI><a href="#[c3]">&gt;&gt;</a>&nbsp;&nbsp;&nbsp;SendPowerCmd_GprsTask
<LI><a href="#[b2]">&gt;&gt;</a>&nbsp;&nbsp;&nbsp;SendGpsData_GprsTask
<LI><a href="#[ab]">&gt;&gt;</a>&nbsp;&nbsp;&nbsp;GprsTask_Stop
<LI><a href="#[92]">&gt;&gt;</a>&nbsp;&nbsp;&nbsp;__ARM_common_switch8
<LI><a href="#[70]">&gt;&gt;</a>&nbsp;&nbsp;&nbsp;SosTask_GetPhase
<LI><a href="#[86]">&gt;&gt;</a>&nbsp;&nbsp;&nbsp;GsmTask_Init
<LI><a href="#[71]">&gt;&gt;</a>&nbsp;&nbsp;&nbsp;GsmTask_GetPhase
<LI><a href="#[67]">&gt;&gt;</a>&nbsp;&nbsp;&nbsp;GprsTask_StartTask
</UL>
<BR>[Called By]<UL><LI><a href="#[a8]">&gt;&gt;</a>&nbsp;&nbsp;&nbsp;GprsTask_StopTask
<LI><a href="#[66]">&gt;&gt;</a>&nbsp;&nbsp;&nbsp;AppRun
</UL>

<P><STRONG><a name="[87]"></a>GprsTask_Init</STRONG> (Thumb, 40 bytes, Stack size 8 bytes, gsm_gprs_tasks.o(.text))
<BR><BR>[Stack]<UL><LI>Max Depth = 20<LI>Call Chain = GprsTask_Init &rArr; UploadConfigTask_Init &rArr; InitTimeout
</UL>
<BR>[Calls]<UL><LI><a href="#[cb]">&gt;&gt;</a>&nbsp;&nbsp;&nbsp;UploadConfigTask_Init
</UL>
<BR>[Called By]<UL><LI><a href="#[6c]">&gt;&gt;</a>&nbsp;&nbsp;&nbsp;Io_Task
<LI><a href="#[26]">&gt;&gt;</a>&nbsp;&nbsp;&nbsp;main
</UL>

<P><STRONG><a name="[fa]"></a>GprsTask_GetTask</STRONG> (Thumb, 6 bytes, Stack size 0 bytes, gsm_gprs_tasks.o(.text))
<BR><BR>[Called By]<UL><LI><a href="#[6e]">&gt;&gt;</a>&nbsp;&nbsp;&nbsp;Sms_Task
</UL>

<P><STRONG><a name="[6a]"></a>Gsm_Task</STRONG> (Thumb, 1888 bytes, Stack size 24 bytes, gsm_gprs_tasks.o(.text))
<BR><BR>[Stack]<UL><LI>Max Depth = 312<LI>Call Chain = Gsm_Task &rArr; MODEM_GetCSQ &rArr; __0sscanf &rArr; __vfscanf_char &rArr; __vfscanf &rArr; _scanf_real
</UL>
<BR>[Calls]<UL><LI><a href="#[cc]">&gt;&gt;</a>&nbsp;&nbsp;&nbsp;uart_putstr
<LI><a href="#[b5]">&gt;&gt;</a>&nbsp;&nbsp;&nbsp;ModemCmdTask_SendCmd
<LI><a href="#[b8]">&gt;&gt;</a>&nbsp;&nbsp;&nbsp;ModemCmdTask_GetPhase
<LI><a href="#[b4]">&gt;&gt;</a>&nbsp;&nbsp;&nbsp;MODEM_GetCSQ
<LI><a href="#[cd]">&gt;&gt;</a>&nbsp;&nbsp;&nbsp;GetIMEI
<LI><a href="#[d1]">&gt;&gt;</a>&nbsp;&nbsp;&nbsp;CFG_Save
<LI><a href="#[92]">&gt;&gt;</a>&nbsp;&nbsp;&nbsp;__ARM_common_switch8
<LI><a href="#[7c]">&gt;&gt;</a>&nbsp;&nbsp;&nbsp;uart_init
<LI><a href="#[55]">&gt;&gt;</a>&nbsp;&nbsp;&nbsp;SetLowPowerModes
<LI><a href="#[69]">&gt;&gt;</a>&nbsp;&nbsp;&nbsp;ModemCmdTask_IsIdle
<LI><a href="#[65]">&gt;&gt;</a>&nbsp;&nbsp;&nbsp;MODEM_SendCommand
<LI><a href="#[5d]">&gt;&gt;</a>&nbsp;&nbsp;&nbsp;InitTimeout
<LI><a href="#[64]">&gt;&gt;</a>&nbsp;&nbsp;&nbsp;DelayMs
<LI><a href="#[73]">&gt;&gt;</a>&nbsp;&nbsp;&nbsp;CheckTimeout
<LI><a href="#[d0]">&gt;&gt;</a>&nbsp;&nbsp;&nbsp;strcpy
<LI><a href="#[cf]">&gt;&gt;</a>&nbsp;&nbsp;&nbsp;strcmp
<LI><a href="#[ce]">&gt;&gt;</a>&nbsp;&nbsp;&nbsp;strlen
</UL>
<BR>[Called By]<UL><LI><a href="#[66]">&gt;&gt;</a>&nbsp;&nbsp;&nbsp;AppRun
</UL>

<P><STRONG><a name="[70]"></a>SosTask_GetPhase</STRONG> (Thumb, 6 bytes, Stack size 0 bytes, sos_tasks.o(.text))
<BR><BR>[Called By]<UL><LI><a href="#[101]">&gt;&gt;</a>&nbsp;&nbsp;&nbsp;UploadConfigTask_Start
<LI><a href="#[ed]">&gt;&gt;</a>&nbsp;&nbsp;&nbsp;PlayAlarmWarningSound
<LI><a href="#[b2]">&gt;&gt;</a>&nbsp;&nbsp;&nbsp;SendGpsData_GprsTask
<LI><a href="#[b0]">&gt;&gt;</a>&nbsp;&nbsp;&nbsp;SendGpsDataTask_Retry
<LI><a href="#[6d]">&gt;&gt;</a>&nbsp;&nbsp;&nbsp;VoiceCall_Task
<LI><a href="#[6e]">&gt;&gt;</a>&nbsp;&nbsp;&nbsp;Sms_Task
<LI><a href="#[6c]">&gt;&gt;</a>&nbsp;&nbsp;&nbsp;Io_Task
<LI><a href="#[6f]">&gt;&gt;</a>&nbsp;&nbsp;&nbsp;Gprs_Task
<LI><a href="#[66]">&gt;&gt;</a>&nbsp;&nbsp;&nbsp;AppRun
</UL>

<P><STRONG><a name="[d3]"></a>ResetAllAlarmWarning</STRONG> (Thumb, 50 bytes, Stack size 0 bytes, sos_tasks.o(.text))
<BR><BR>[Called By]<UL><LI><a href="#[d9]">&gt;&gt;</a>&nbsp;&nbsp;&nbsp;SosTask_End
<LI><a href="#[d6]">&gt;&gt;</a>&nbsp;&nbsp;&nbsp;SosTask_Start
<LI><a href="#[d2]">&gt;&gt;</a>&nbsp;&nbsp;&nbsp;SosTask_Reset
<LI><a href="#[6b]">&gt;&gt;</a>&nbsp;&nbsp;&nbsp;Sos_Task
</UL>

<P><STRONG><a name="[d2]"></a>SosTask_Reset</STRONG> (Thumb, 22 bytes, Stack size 4 bytes, sos_tasks.o(.text))
<BR><BR>[Stack]<UL><LI>Max Depth = 4<LI>Call Chain = SosTask_Reset
</UL>
<BR>[Calls]<UL><LI><a href="#[d3]">&gt;&gt;</a>&nbsp;&nbsp;&nbsp;ResetAllAlarmWarning
</UL>
<BR>[Called By]<UL><LI><a href="#[6d]">&gt;&gt;</a>&nbsp;&nbsp;&nbsp;VoiceCall_Task
<LI><a href="#[88]">&gt;&gt;</a>&nbsp;&nbsp;&nbsp;SosTask_Init
<LI><a href="#[6c]">&gt;&gt;</a>&nbsp;&nbsp;&nbsp;Io_Task
</UL>

<P><STRONG><a name="[88]"></a>SosTask_Init</STRONG> (Thumb, 20 bytes, Stack size 4 bytes, sos_tasks.o(.text))
<BR><BR>[Stack]<UL><LI>Max Depth = 8<LI>Call Chain = SosTask_Init &rArr; SosTask_Reset
</UL>
<BR>[Calls]<UL><LI><a href="#[d2]">&gt;&gt;</a>&nbsp;&nbsp;&nbsp;SosTask_Reset
</UL>
<BR>[Called By]<UL><LI><a href="#[6c]">&gt;&gt;</a>&nbsp;&nbsp;&nbsp;Io_Task
<LI><a href="#[26]">&gt;&gt;</a>&nbsp;&nbsp;&nbsp;main
</UL>

<P><STRONG><a name="[d4]"></a>SosTask_InitPromptTimeOut</STRONG> (Thumb, 20 bytes, Stack size 8 bytes, sos_tasks.o(.text))
<BR><BR>[Stack]<UL><LI>Max Depth = 12<LI>Call Chain = SosTask_InitPromptTimeOut &rArr; InitTimeout
</UL>
<BR>[Calls]<UL><LI><a href="#[5d]">&gt;&gt;</a>&nbsp;&nbsp;&nbsp;InitTimeout
</UL>
<BR>[Called By]<UL><LI><a href="#[6b]">&gt;&gt;</a>&nbsp;&nbsp;&nbsp;Sos_Task
</UL>

<P><STRONG><a name="[d5]"></a>SosTask_PromptForWaiting</STRONG> (Thumb, 74 bytes, Stack size 8 bytes, sos_tasks.o(.text))
<BR><BR>[Stack]<UL><LI>Max Depth = 180<LI>Call Chain = SosTask_PromptForWaiting &rArr; AudioPlayFile &rArr; SetLowPowerModes &rArr; LowPowerModes &rArr; vlp_clock_config &rArr; PEE_to_BLPE &rArr; atc &rArr; __aeabi_idivmod &rArr; __aeabi_uidivmod
</UL>
<BR>[Calls]<UL><LI><a href="#[5d]">&gt;&gt;</a>&nbsp;&nbsp;&nbsp;InitTimeout
<LI><a href="#[73]">&gt;&gt;</a>&nbsp;&nbsp;&nbsp;CheckTimeout
<LI><a href="#[5a]">&gt;&gt;</a>&nbsp;&nbsp;&nbsp;AudioPlayFile
</UL>
<BR>[Called By]<UL><LI><a href="#[6b]">&gt;&gt;</a>&nbsp;&nbsp;&nbsp;Sos_Task
</UL>

<P><STRONG><a name="[d6]"></a>SosTask_Start</STRONG> (Thumb, 124 bytes, Stack size 8 bytes, sos_tasks.o(.text))
<BR><BR>[Stack]<UL><LI>Max Depth = 456<LI>Call Chain = SosTask_Start &rArr; DSOS_Add &rArr; formatLatLng &rArr; floor &rArr; __aeabi_drsub &rArr; __aeabi_dadd &rArr; _double_epilogue &rArr; _double_round
</UL>
<BR>[Calls]<UL><LI><a href="#[d7]">&gt;&gt;</a>&nbsp;&nbsp;&nbsp;VoiceCallTask_ClearCallAction
<LI><a href="#[d8]">&gt;&gt;</a>&nbsp;&nbsp;&nbsp;DSOS_Add
<LI><a href="#[d3]">&gt;&gt;</a>&nbsp;&nbsp;&nbsp;ResetAllAlarmWarning
</UL>
<BR>[Called By]<UL><LI><a href="#[6c]">&gt;&gt;</a>&nbsp;&nbsp;&nbsp;Io_Task
</UL>

<P><STRONG><a name="[d9]"></a>SosTask_End</STRONG> (Thumb, 144 bytes, Stack size 8 bytes, sos_tasks.o(.text))
<BR><BR>[Stack]<UL><LI>Max Depth = 552<LI>Call Chain = SosTask_End &rArr; GprsTask_Stop &rArr; GprsTask_StopTask &rArr; Gprs_Task &rArr;  GprsTask_Stop (Cycle)
</UL>
<BR>[Calls]<UL><LI><a href="#[d7]">&gt;&gt;</a>&nbsp;&nbsp;&nbsp;VoiceCallTask_ClearCallAction
<LI><a href="#[da]">&gt;&gt;</a>&nbsp;&nbsp;&nbsp;SmsTask_Stop
<LI><a href="#[d8]">&gt;&gt;</a>&nbsp;&nbsp;&nbsp;DSOS_Add
<LI><a href="#[d3]">&gt;&gt;</a>&nbsp;&nbsp;&nbsp;ResetAllAlarmWarning
<LI><a href="#[ab]">&gt;&gt;</a>&nbsp;&nbsp;&nbsp;GprsTask_Stop
<LI><a href="#[53]">&gt;&gt;</a>&nbsp;&nbsp;&nbsp;VoiceCallTask_GetPhase
<LI><a href="#[67]">&gt;&gt;</a>&nbsp;&nbsp;&nbsp;GprsTask_StartTask
<LI><a href="#[59]">&gt;&gt;</a>&nbsp;&nbsp;&nbsp;AudioStopAll
<LI><a href="#[5a]">&gt;&gt;</a>&nbsp;&nbsp;&nbsp;AudioPlayFile
</UL>
<BR>[Called By]<UL><LI><a href="#[6c]">&gt;&gt;</a>&nbsp;&nbsp;&nbsp;Io_Task
</UL>

<P><STRONG><a name="[fe]"></a>SosTask_IsCancelCall</STRONG> (Thumb, 22 bytes, Stack size 0 bytes, sos_tasks.o(.text))
<BR><BR>[Called By]<UL><LI><a href="#[6d]">&gt;&gt;</a>&nbsp;&nbsp;&nbsp;VoiceCall_Task
</UL>

<P><STRONG><a name="[61]"></a>SosTask_IsAlarmActivated</STRONG> (Thumb, 32 bytes, Stack size 0 bytes, sos_tasks.o(.text))
<BR><BR>[Called By]<UL><LI><a href="#[6d]">&gt;&gt;</a>&nbsp;&nbsp;&nbsp;VoiceCall_Task
<LI><a href="#[6c]">&gt;&gt;</a>&nbsp;&nbsp;&nbsp;Io_Task
<LI><a href="#[66]">&gt;&gt;</a>&nbsp;&nbsp;&nbsp;AppRun
<LI><a href="#[5b]">&gt;&gt;</a>&nbsp;&nbsp;&nbsp;SysSleep
</UL>

<P><STRONG><a name="[fc]"></a>SosTask_IsWaititngForCall</STRONG> (Thumb, 40 bytes, Stack size 0 bytes, sos_tasks.o(.text))
<BR><BR>[Called By]<UL><LI><a href="#[6d]">&gt;&gt;</a>&nbsp;&nbsp;&nbsp;VoiceCall_Task
</UL>

<P><STRONG><a name="[db]"></a>ComparePhoneNumber</STRONG> (Thumb, 180 bytes, Stack size 40 bytes, sos_tasks.o(.text))
<BR><BR>[Stack]<UL><LI>Max Depth = 40<LI>Call Chain = ComparePhoneNumber
</UL>
<BR>[Calls]<UL><LI><a href="#[ce]">&gt;&gt;</a>&nbsp;&nbsp;&nbsp;strlen
</UL>
<BR>[Called By]<UL><LI><a href="#[6d]">&gt;&gt;</a>&nbsp;&nbsp;&nbsp;VoiceCall_Task
<LI><a href="#[6b]">&gt;&gt;</a>&nbsp;&nbsp;&nbsp;Sos_Task
</UL>

<P><STRONG><a name="[dc]"></a>SosTask_SendSms</STRONG> (Thumb, 54 bytes, Stack size 8 bytes, sos_tasks.o(.text))
<BR><BR>[Stack]<UL><LI>Max Depth = 24<LI>Call Chain = SosTask_SendSms &rArr; SmsTask_SetMessage
</UL>
<BR>[Calls]<UL><LI><a href="#[df]">&gt;&gt;</a>&nbsp;&nbsp;&nbsp;SmsTask_SetMessage
<LI><a href="#[e0]">&gt;&gt;</a>&nbsp;&nbsp;&nbsp;SmsTask_SendSms
<LI><a href="#[dd]">&gt;&gt;</a>&nbsp;&nbsp;&nbsp;SmsTask_ClearAllSms
<LI><a href="#[de]">&gt;&gt;</a>&nbsp;&nbsp;&nbsp;SmsTask_AddPhoneNo
<LI><a href="#[5d]">&gt;&gt;</a>&nbsp;&nbsp;&nbsp;InitTimeout
</UL>
<BR>[Called By]<UL><LI><a href="#[6b]">&gt;&gt;</a>&nbsp;&nbsp;&nbsp;Sos_Task
</UL>

<P><STRONG><a name="[6b]"></a>Sos_Task</STRONG> (Thumb, 2714 bytes, Stack size 16 bytes, sos_tasks.o(.text))
<BR><BR>[Stack]<UL><LI>Max Depth = 568<LI>Call Chain = Sos_Task &rArr; VoiceCallTask_EndCall &rArr; GprsTask_Stop &rArr; GprsTask_StopTask &rArr; Gprs_Task &rArr;  GprsTask_Stop (Cycle)
</UL>
<BR>[Calls]<UL><LI><a href="#[e3]">&gt;&gt;</a>&nbsp;&nbsp;&nbsp;VoiceCallTask_StartCall
<LI><a href="#[e5]">&gt;&gt;</a>&nbsp;&nbsp;&nbsp;VoiceCallTask_IsDtmfKeyPressed
<LI><a href="#[e8]">&gt;&gt;</a>&nbsp;&nbsp;&nbsp;VoiceCallTask_GetCallerPhoneNo
<LI><a href="#[e6]">&gt;&gt;</a>&nbsp;&nbsp;&nbsp;VoiceCallTask_EndCall
<LI><a href="#[e7]">&gt;&gt;</a>&nbsp;&nbsp;&nbsp;VoiceCallTask_DeInitDtmf
<LI><a href="#[e4]">&gt;&gt;</a>&nbsp;&nbsp;&nbsp;VoiceCallTask_ClearEndCallStatus
<LI><a href="#[d7]">&gt;&gt;</a>&nbsp;&nbsp;&nbsp;VoiceCallTask_ClearCallAction
<LI><a href="#[e9]">&gt;&gt;</a>&nbsp;&nbsp;&nbsp;VoiceCallTask_AnswerCall
<LI><a href="#[da]">&gt;&gt;</a>&nbsp;&nbsp;&nbsp;SmsTask_Stop
<LI><a href="#[df]">&gt;&gt;</a>&nbsp;&nbsp;&nbsp;SmsTask_SetMessage
<LI><a href="#[e0]">&gt;&gt;</a>&nbsp;&nbsp;&nbsp;SmsTask_SendSms
<LI><a href="#[e2]">&gt;&gt;</a>&nbsp;&nbsp;&nbsp;SmsTask_IsSmsSent
<LI><a href="#[dd]">&gt;&gt;</a>&nbsp;&nbsp;&nbsp;SmsTask_ClearAllSms
<LI><a href="#[ea]">&gt;&gt;</a>&nbsp;&nbsp;&nbsp;SmsTask_AddAllContactPhoneNo
<LI><a href="#[e1]">&gt;&gt;</a>&nbsp;&nbsp;&nbsp;GpsTask_EnableGps
<LI><a href="#[d8]">&gt;&gt;</a>&nbsp;&nbsp;&nbsp;DSOS_Add
<LI><a href="#[dc]">&gt;&gt;</a>&nbsp;&nbsp;&nbsp;SosTask_SendSms
<LI><a href="#[db]">&gt;&gt;</a>&nbsp;&nbsp;&nbsp;ComparePhoneNumber
<LI><a href="#[d5]">&gt;&gt;</a>&nbsp;&nbsp;&nbsp;SosTask_PromptForWaiting
<LI><a href="#[d4]">&gt;&gt;</a>&nbsp;&nbsp;&nbsp;SosTask_InitPromptTimeOut
<LI><a href="#[d3]">&gt;&gt;</a>&nbsp;&nbsp;&nbsp;ResetAllAlarmWarning
<LI><a href="#[b6]">&gt;&gt;</a>&nbsp;&nbsp;&nbsp;uart_putchar
<LI><a href="#[c6]">&gt;&gt;</a>&nbsp;&nbsp;&nbsp;VoiceCallTask_IsIdle
<LI><a href="#[c7]">&gt;&gt;</a>&nbsp;&nbsp;&nbsp;SmsTask_IsIdle
<LI><a href="#[92]">&gt;&gt;</a>&nbsp;&nbsp;&nbsp;__ARM_common_switch8
<LI><a href="#[53]">&gt;&gt;</a>&nbsp;&nbsp;&nbsp;VoiceCallTask_GetPhase
<LI><a href="#[5f]">&gt;&gt;</a>&nbsp;&nbsp;&nbsp;SmsTask_GetPhase
<LI><a href="#[5d]">&gt;&gt;</a>&nbsp;&nbsp;&nbsp;InitTimeout
<LI><a href="#[71]">&gt;&gt;</a>&nbsp;&nbsp;&nbsp;GsmTask_GetPhase
<LI><a href="#[67]">&gt;&gt;</a>&nbsp;&nbsp;&nbsp;GprsTask_StartTask
<LI><a href="#[73]">&gt;&gt;</a>&nbsp;&nbsp;&nbsp;CheckTimeout
<LI><a href="#[59]">&gt;&gt;</a>&nbsp;&nbsp;&nbsp;AudioStopAll
<LI><a href="#[5a]">&gt;&gt;</a>&nbsp;&nbsp;&nbsp;AudioPlayFile
<LI><a href="#[eb]">&gt;&gt;</a>&nbsp;&nbsp;&nbsp;__2sprintf
<LI><a href="#[bf]">&gt;&gt;</a>&nbsp;&nbsp;&nbsp;__aeabi_memcpy
</UL>
<BR>[Called By]<UL><LI><a href="#[66]">&gt;&gt;</a>&nbsp;&nbsp;&nbsp;AppRun
</UL>

<P><STRONG><a name="[ec]"></a>PlayBatteryStatus</STRONG> (Thumb, 30 bytes, Stack size 8 bytes, io_tasks.o(.text))
<BR><BR>[Stack]<UL><LI>Max Depth = 180<LI>Call Chain = PlayBatteryStatus &rArr; AudioPlayFile &rArr; SetLowPowerModes &rArr; LowPowerModes &rArr; vlp_clock_config &rArr; PEE_to_BLPE &rArr; atc &rArr; __aeabi_idivmod &rArr; __aeabi_uidivmod
</UL>
<BR>[Calls]<UL><LI><a href="#[5a]">&gt;&gt;</a>&nbsp;&nbsp;&nbsp;AudioPlayFile
</UL>
<BR>[Called By]<UL><LI><a href="#[6d]">&gt;&gt;</a>&nbsp;&nbsp;&nbsp;VoiceCall_Task
</UL>

<P><STRONG><a name="[53]"></a>VoiceCallTask_GetPhase</STRONG> (Thumb, 6 bytes, Stack size 0 bytes, io_tasks.o(.text))
<BR><BR>[Called By]<UL><LI><a href="#[ed]">&gt;&gt;</a>&nbsp;&nbsp;&nbsp;PlayAlarmWarningSound
<LI><a href="#[d9]">&gt;&gt;</a>&nbsp;&nbsp;&nbsp;SosTask_End
<LI><a href="#[6b]">&gt;&gt;</a>&nbsp;&nbsp;&nbsp;Sos_Task
<LI><a href="#[6e]">&gt;&gt;</a>&nbsp;&nbsp;&nbsp;Sms_Task
<LI><a href="#[6c]">&gt;&gt;</a>&nbsp;&nbsp;&nbsp;Io_Task
<LI><a href="#[66]">&gt;&gt;</a>&nbsp;&nbsp;&nbsp;AppRun
<LI><a href="#[5b]">&gt;&gt;</a>&nbsp;&nbsp;&nbsp;SysSleep
<LI><a href="#[25]">&gt;&gt;</a>&nbsp;&nbsp;&nbsp;PORTD_IRQHandler
<LI><a href="#[11c]">&gt;&gt;</a>&nbsp;&nbsp;&nbsp;LPTimerTask
</UL>

<P><STRONG><a name="[ed]"></a>PlayAlarmWarningSound</STRONG> (Thumb, 40 bytes, Stack size 8 bytes, io_tasks.o(.text))
<BR><BR>[Stack]<UL><LI>Max Depth = 8<LI>Call Chain = PlayAlarmWarningSound
</UL>
<BR>[Calls]<UL><LI><a href="#[53]">&gt;&gt;</a>&nbsp;&nbsp;&nbsp;VoiceCallTask_GetPhase
<LI><a href="#[70]">&gt;&gt;</a>&nbsp;&nbsp;&nbsp;SosTask_GetPhase
</UL>
<BR>[Called By]<UL><LI><a href="#[11c]">&gt;&gt;</a>&nbsp;&nbsp;&nbsp;LPTimerTask
</UL>

<P><STRONG><a name="[82]"></a>Keys_Init</STRONG> (Thumb, 32 bytes, Stack size 0 bytes, io_tasks.o(.text))
<BR><BR>[Called By]<UL><LI><a href="#[ee]">&gt;&gt;</a>&nbsp;&nbsp;&nbsp;IoTask_Init
<LI><a href="#[26]">&gt;&gt;</a>&nbsp;&nbsp;&nbsp;main
<LI><a href="#[1bc]">&gt;&gt;</a>&nbsp;&nbsp;&nbsp;KeyTask_Control
</UL>

<P><STRONG><a name="[ee]"></a>IoTask_Init</STRONG> (Thumb, 18 bytes, Stack size 4 bytes, io_tasks.o(.text))
<BR><BR>[Stack]<UL><LI>Max Depth = 4<LI>Call Chain = IoTask_Init
</UL>
<BR>[Calls]<UL><LI><a href="#[82]">&gt;&gt;</a>&nbsp;&nbsp;&nbsp;Keys_Init
</UL>
<BR>[Called By]<UL><LI><a href="#[6c]">&gt;&gt;</a>&nbsp;&nbsp;&nbsp;Io_Task
</UL>

<P><STRONG><a name="[e9]"></a>VoiceCallTask_AnswerCall</STRONG> (Thumb, 46 bytes, Stack size 8 bytes, io_tasks.o(.text))
<BR><BR>[Stack]<UL><LI>Max Depth = 12<LI>Call Chain = VoiceCallTask_AnswerCall &rArr; InitTimeout
</UL>
<BR>[Calls]<UL><LI><a href="#[5d]">&gt;&gt;</a>&nbsp;&nbsp;&nbsp;InitTimeout
</UL>
<BR>[Called By]<UL><LI><a href="#[6d]">&gt;&gt;</a>&nbsp;&nbsp;&nbsp;VoiceCall_Task
<LI><a href="#[6b]">&gt;&gt;</a>&nbsp;&nbsp;&nbsp;Sos_Task
<LI><a href="#[6c]">&gt;&gt;</a>&nbsp;&nbsp;&nbsp;Io_Task
</UL>

<P><STRONG><a name="[e6]"></a>VoiceCallTask_EndCall</STRONG> (Thumb, 128 bytes, Stack size 8 bytes, io_tasks.o(.text))
<BR><BR>[Stack]<UL><LI>Max Depth = 552<LI>Call Chain = VoiceCallTask_EndCall &rArr; GprsTask_Stop &rArr; GprsTask_StopTask &rArr; Gprs_Task &rArr;  GprsTask_Stop (Cycle)
</UL>
<BR>[Calls]<UL><LI><a href="#[ab]">&gt;&gt;</a>&nbsp;&nbsp;&nbsp;GprsTask_Stop
<LI><a href="#[5d]">&gt;&gt;</a>&nbsp;&nbsp;&nbsp;InitTimeout
</UL>
<BR>[Called By]<UL><LI><a href="#[6d]">&gt;&gt;</a>&nbsp;&nbsp;&nbsp;VoiceCall_Task
<LI><a href="#[6b]">&gt;&gt;</a>&nbsp;&nbsp;&nbsp;Sos_Task
<LI><a href="#[6c]">&gt;&gt;</a>&nbsp;&nbsp;&nbsp;Io_Task
</UL>

<P><STRONG><a name="[89]"></a>VoiceCallTask_Init</STRONG> (Thumb, 60 bytes, Stack size 0 bytes, io_tasks.o(.text))
<BR><BR>[Called By]<UL><LI><a href="#[6c]">&gt;&gt;</a>&nbsp;&nbsp;&nbsp;Io_Task
<LI><a href="#[26]">&gt;&gt;</a>&nbsp;&nbsp;&nbsp;main
</UL>

<P><STRONG><a name="[6c]"></a>Io_Task</STRONG> (Thumb, 1090 bytes, Stack size 8 bytes, io_tasks.o(.text))
<BR><BR>[Stack]<UL><LI>Max Depth = 560<LI>Call Chain = Io_Task &rArr; VoiceCallTask_EndCall &rArr; GprsTask_Stop &rArr; GprsTask_StopTask &rArr; Gprs_Task &rArr;  GprsTask_Stop (Cycle)
</UL>
<BR>[Calls]<UL><LI><a href="#[ef]">&gt;&gt;</a>&nbsp;&nbsp;&nbsp;PlayVersion
<LI><a href="#[ee]">&gt;&gt;</a>&nbsp;&nbsp;&nbsp;IoTask_Init
<LI><a href="#[e6]">&gt;&gt;</a>&nbsp;&nbsp;&nbsp;VoiceCallTask_EndCall
<LI><a href="#[e9]">&gt;&gt;</a>&nbsp;&nbsp;&nbsp;VoiceCallTask_AnswerCall
<LI><a href="#[e1]">&gt;&gt;</a>&nbsp;&nbsp;&nbsp;GpsTask_EnableGps
<LI><a href="#[d9]">&gt;&gt;</a>&nbsp;&nbsp;&nbsp;SosTask_End
<LI><a href="#[d6]">&gt;&gt;</a>&nbsp;&nbsp;&nbsp;SosTask_Start
<LI><a href="#[d2]">&gt;&gt;</a>&nbsp;&nbsp;&nbsp;SosTask_Reset
<LI><a href="#[89]">&gt;&gt;</a>&nbsp;&nbsp;&nbsp;VoiceCallTask_Init
<LI><a href="#[53]">&gt;&gt;</a>&nbsp;&nbsp;&nbsp;VoiceCallTask_GetPhase
<LI><a href="#[56]">&gt;&gt;</a>&nbsp;&nbsp;&nbsp;USB_Init
<LI><a href="#[57]">&gt;&gt;</a>&nbsp;&nbsp;&nbsp;USB_Connect
<LI><a href="#[61]">&gt;&gt;</a>&nbsp;&nbsp;&nbsp;SosTask_IsAlarmActivated
<LI><a href="#[88]">&gt;&gt;</a>&nbsp;&nbsp;&nbsp;SosTask_Init
<LI><a href="#[70]">&gt;&gt;</a>&nbsp;&nbsp;&nbsp;SosTask_GetPhase
<LI><a href="#[5d]">&gt;&gt;</a>&nbsp;&nbsp;&nbsp;InitTimeout
<LI><a href="#[86]">&gt;&gt;</a>&nbsp;&nbsp;&nbsp;GsmTask_Init
<LI><a href="#[67]">&gt;&gt;</a>&nbsp;&nbsp;&nbsp;GprsTask_StartTask
<LI><a href="#[87]">&gt;&gt;</a>&nbsp;&nbsp;&nbsp;GprsTask_Init
<LI><a href="#[60]">&gt;&gt;</a>&nbsp;&nbsp;&nbsp;GprsTask_GetPhase
<LI><a href="#[64]">&gt;&gt;</a>&nbsp;&nbsp;&nbsp;DelayMs
<LI><a href="#[73]">&gt;&gt;</a>&nbsp;&nbsp;&nbsp;CheckTimeout
<LI><a href="#[59]">&gt;&gt;</a>&nbsp;&nbsp;&nbsp;AudioStopAll
<LI><a href="#[5a]">&gt;&gt;</a>&nbsp;&nbsp;&nbsp;AudioPlayFile
</UL>
<BR>[Called By]<UL><LI><a href="#[66]">&gt;&gt;</a>&nbsp;&nbsp;&nbsp;AppRun
</UL>

<P><STRONG><a name="[f0]"></a>VoiceCallTask_InitDtmf</STRONG> (Thumb, 40 bytes, Stack size 8 bytes, io_tasks.o(.text))
<BR><BR>[Stack]<UL><LI>Max Depth = 44<LI>Call Chain = VoiceCallTask_InitDtmf &rArr; DTMF_Init &rArr; TPM2_Init &rArr; __aeabi_uidivmod
</UL>
<BR>[Calls]<UL><LI><a href="#[f1]">&gt;&gt;</a>&nbsp;&nbsp;&nbsp;DTMF_Init
</UL>
<BR>[Called By]<UL><LI><a href="#[6d]">&gt;&gt;</a>&nbsp;&nbsp;&nbsp;VoiceCall_Task
</UL>

<P><STRONG><a name="[e7]"></a>VoiceCallTask_DeInitDtmf</STRONG> (Thumb, 14 bytes, Stack size 8 bytes, io_tasks.o(.text))
<BR><BR>[Stack]<UL><LI>Max Depth = 12<LI>Call Chain = VoiceCallTask_DeInitDtmf &rArr; DTMF_DeInit
</UL>
<BR>[Calls]<UL><LI><a href="#[f2]">&gt;&gt;</a>&nbsp;&nbsp;&nbsp;DTMF_DeInit
</UL>
<BR>[Called By]<UL><LI><a href="#[6b]">&gt;&gt;</a>&nbsp;&nbsp;&nbsp;Sos_Task
</UL>

<P><STRONG><a name="[f3]"></a>GetDtmfKey</STRONG> (Thumb, 32 bytes, Stack size 16 bytes, io_tasks.o(.text))
<BR><BR>[Stack]<UL><LI>Max Depth = 16<LI>Call Chain = GetDtmfKey
</UL>
<BR>[Calls]<UL><LI><a href="#[f4]">&gt;&gt;</a>&nbsp;&nbsp;&nbsp;RINGBUF_Get
</UL>
<BR>[Called By]<UL><LI><a href="#[6d]">&gt;&gt;</a>&nbsp;&nbsp;&nbsp;VoiceCall_Task
</UL>

<P><STRONG><a name="[e5]"></a>VoiceCallTask_IsDtmfKeyPressed</STRONG> (Thumb, 6 bytes, Stack size 0 bytes, io_tasks.o(.text))
<BR><BR>[Called By]<UL><LI><a href="#[6b]">&gt;&gt;</a>&nbsp;&nbsp;&nbsp;Sos_Task
</UL>

<P><STRONG><a name="[e4]"></a>VoiceCallTask_ClearEndCallStatus</STRONG> (Thumb, 42 bytes, Stack size 4 bytes, io_tasks.o(.text))
<BR><BR>[Stack]<UL><LI>Max Depth = 12<LI>Call Chain = VoiceCallTask_ClearEndCallStatus &rArr; __ARM_common_switch8
</UL>
<BR>[Calls]<UL><LI><a href="#[92]">&gt;&gt;</a>&nbsp;&nbsp;&nbsp;__ARM_common_switch8
</UL>
<BR>[Called By]<UL><LI><a href="#[e3]">&gt;&gt;</a>&nbsp;&nbsp;&nbsp;VoiceCallTask_StartCall
<LI><a href="#[d7]">&gt;&gt;</a>&nbsp;&nbsp;&nbsp;VoiceCallTask_ClearCallAction
<LI><a href="#[6b]">&gt;&gt;</a>&nbsp;&nbsp;&nbsp;Sos_Task
</UL>

<P><STRONG><a name="[c6]"></a>VoiceCallTask_IsIdle</STRONG> (Thumb, 52 bytes, Stack size 0 bytes, io_tasks.o(.text))
<BR><BR>[Called By]<UL><LI><a href="#[e3]">&gt;&gt;</a>&nbsp;&nbsp;&nbsp;VoiceCallTask_StartCall
<LI><a href="#[6b]">&gt;&gt;</a>&nbsp;&nbsp;&nbsp;Sos_Task
<LI><a href="#[6e]">&gt;&gt;</a>&nbsp;&nbsp;&nbsp;Sms_Task
<LI><a href="#[6f]">&gt;&gt;</a>&nbsp;&nbsp;&nbsp;Gprs_Task
</UL>

<P><STRONG><a name="[e3]"></a>VoiceCallTask_StartCall</STRONG> (Thumb, 108 bytes, Stack size 16 bytes, io_tasks.o(.text))
<BR><BR>[Stack]<UL><LI>Max Depth = 28<LI>Call Chain = VoiceCallTask_StartCall &rArr; VoiceCallTask_ClearEndCallStatus &rArr; __ARM_common_switch8
</UL>
<BR>[Calls]<UL><LI><a href="#[e4]">&gt;&gt;</a>&nbsp;&nbsp;&nbsp;VoiceCallTask_ClearEndCallStatus
<LI><a href="#[c6]">&gt;&gt;</a>&nbsp;&nbsp;&nbsp;VoiceCallTask_IsIdle
<LI><a href="#[5d]">&gt;&gt;</a>&nbsp;&nbsp;&nbsp;InitTimeout
<LI><a href="#[d0]">&gt;&gt;</a>&nbsp;&nbsp;&nbsp;strcpy
</UL>
<BR>[Called By]<UL><LI><a href="#[6b]">&gt;&gt;</a>&nbsp;&nbsp;&nbsp;Sos_Task
</UL>

<P><STRONG><a name="[e8]"></a>VoiceCallTask_GetCallerPhoneNo</STRONG> (Thumb, 22 bytes, Stack size 0 bytes, io_tasks.o(.text))
<BR><BR>[Called By]<UL><LI><a href="#[6d]">&gt;&gt;</a>&nbsp;&nbsp;&nbsp;VoiceCall_Task
<LI><a href="#[6b]">&gt;&gt;</a>&nbsp;&nbsp;&nbsp;Sos_Task
</UL>

<P><STRONG><a name="[ff]"></a>VoiceCallTask_IsModemBusy</STRONG> (Thumb, 40 bytes, Stack size 0 bytes, io_tasks.o(.text))
<BR><BR>[Called By]<UL><LI><a href="#[b1]">&gt;&gt;</a>&nbsp;&nbsp;&nbsp;IoTask_IsModemBusy
</UL>

<P><STRONG><a name="[d7]"></a>VoiceCallTask_ClearCallAction</STRONG> (Thumb, 22 bytes, Stack size 4 bytes, io_tasks.o(.text))
<BR><BR>[Stack]<UL><LI>Max Depth = 16<LI>Call Chain = VoiceCallTask_ClearCallAction &rArr; VoiceCallTask_ClearEndCallStatus &rArr; __ARM_common_switch8
</UL>
<BR>[Calls]<UL><LI><a href="#[e4]">&gt;&gt;</a>&nbsp;&nbsp;&nbsp;VoiceCallTask_ClearEndCallStatus
</UL>
<BR>[Called By]<UL><LI><a href="#[d9]">&gt;&gt;</a>&nbsp;&nbsp;&nbsp;SosTask_End
<LI><a href="#[d6]">&gt;&gt;</a>&nbsp;&nbsp;&nbsp;SosTask_Start
<LI><a href="#[6b]">&gt;&gt;</a>&nbsp;&nbsp;&nbsp;Sos_Task
</UL>

<P><STRONG><a name="[e0]"></a>SmsTask_SendSms</STRONG> (Thumb, 24 bytes, Stack size 0 bytes, io_tasks.o(.text))
<BR><BR>[Called By]<UL><LI><a href="#[dc]">&gt;&gt;</a>&nbsp;&nbsp;&nbsp;SosTask_SendSms
<LI><a href="#[6b]">&gt;&gt;</a>&nbsp;&nbsp;&nbsp;Sos_Task
<LI><a href="#[6e]">&gt;&gt;</a>&nbsp;&nbsp;&nbsp;Sms_Task
</UL>

<P><STRONG><a name="[f5]"></a>SmsTask_SetSosGGLinkMessage</STRONG> (Thumb, 60 bytes, Stack size 16 bytes, io_tasks.o(.text))
<BR><BR>[Stack]<UL><LI>Max Depth = 40<LI>Call Chain = SmsTask_SetSosGGLinkMessage &rArr; __2sprintf
</UL>
<BR>[Calls]<UL><LI><a href="#[eb]">&gt;&gt;</a>&nbsp;&nbsp;&nbsp;__2sprintf
</UL>
<BR>[Called By]<UL><LI><a href="#[6e]">&gt;&gt;</a>&nbsp;&nbsp;&nbsp;Sms_Task
</UL>

<P><STRONG><a name="[ea]"></a>SmsTask_AddAllContactPhoneNo</STRONG> (Thumb, 78 bytes, Stack size 8 bytes, io_tasks.o(.text))
<BR><BR>[Stack]<UL><LI>Max Depth = 8<LI>Call Chain = SmsTask_AddAllContactPhoneNo
</UL>
<BR>[Calls]<UL><LI><a href="#[d0]">&gt;&gt;</a>&nbsp;&nbsp;&nbsp;strcpy
</UL>
<BR>[Called By]<UL><LI><a href="#[6b]">&gt;&gt;</a>&nbsp;&nbsp;&nbsp;Sos_Task
<LI><a href="#[6e]">&gt;&gt;</a>&nbsp;&nbsp;&nbsp;Sms_Task
</UL>

<P><STRONG><a name="[dd]"></a>SmsTask_ClearAllSms</STRONG> (Thumb, 76 bytes, Stack size 8 bytes, io_tasks.o(.text))
<BR><BR>[Stack]<UL><LI>Max Depth = 8<LI>Call Chain = SmsTask_ClearAllSms
</UL>
<BR>[Calls]<UL><LI><a href="#[f7]">&gt;&gt;</a>&nbsp;&nbsp;&nbsp;TICK_Get
<LI><a href="#[b6]">&gt;&gt;</a>&nbsp;&nbsp;&nbsp;uart_putchar
<LI><a href="#[f6]">&gt;&gt;</a>&nbsp;&nbsp;&nbsp;__aeabi_memclr
</UL>
<BR>[Called By]<UL><LI><a href="#[dc]">&gt;&gt;</a>&nbsp;&nbsp;&nbsp;SosTask_SendSms
<LI><a href="#[6b]">&gt;&gt;</a>&nbsp;&nbsp;&nbsp;Sos_Task
<LI><a href="#[6e]">&gt;&gt;</a>&nbsp;&nbsp;&nbsp;Sms_Task
<LI><a href="#[8a]">&gt;&gt;</a>&nbsp;&nbsp;&nbsp;SmsTask_Init
</UL>

<P><STRONG><a name="[f8]"></a>SmsTask_SetSosAddressMessage</STRONG> (Thumb, 446 bytes, Stack size 56 bytes, io_tasks.o(.text))
<BR><BR>[Stack]<UL><LI>Max Depth = 80<LI>Call Chain = SmsTask_SetSosAddressMessage &rArr; __2sprintf
</UL>
<BR>[Calls]<UL><LI><a href="#[92]">&gt;&gt;</a>&nbsp;&nbsp;&nbsp;__ARM_common_switch8
<LI><a href="#[eb]">&gt;&gt;</a>&nbsp;&nbsp;&nbsp;__2sprintf
</UL>
<BR>[Called By]<UL><LI><a href="#[6e]">&gt;&gt;</a>&nbsp;&nbsp;&nbsp;Sms_Task
</UL>

<P><STRONG><a name="[6e]"></a>Sms_Task</STRONG> (Thumb, 1324 bytes, Stack size 16 bytes, io_tasks.o(.text))
<BR><BR>[Stack]<UL><LI>Max Depth = 96<LI>Call Chain = Sms_Task &rArr; SmsTask_SetSosAddressMessage &rArr; __2sprintf
</UL>
<BR>[Calls]<UL><LI><a href="#[f9]">&gt;&gt;</a>&nbsp;&nbsp;&nbsp;ModemCmdTask_SetWait
<LI><a href="#[f8]">&gt;&gt;</a>&nbsp;&nbsp;&nbsp;SmsTask_SetSosAddressMessage
<LI><a href="#[f5]">&gt;&gt;</a>&nbsp;&nbsp;&nbsp;SmsTask_SetSosGGLinkMessage
<LI><a href="#[e0]">&gt;&gt;</a>&nbsp;&nbsp;&nbsp;SmsTask_SendSms
<LI><a href="#[dd]">&gt;&gt;</a>&nbsp;&nbsp;&nbsp;SmsTask_ClearAllSms
<LI><a href="#[ea]">&gt;&gt;</a>&nbsp;&nbsp;&nbsp;SmsTask_AddAllContactPhoneNo
<LI><a href="#[cc]">&gt;&gt;</a>&nbsp;&nbsp;&nbsp;uart_putstr
<LI><a href="#[b6]">&gt;&gt;</a>&nbsp;&nbsp;&nbsp;uart_putchar
<LI><a href="#[c6]">&gt;&gt;</a>&nbsp;&nbsp;&nbsp;VoiceCallTask_IsIdle
<LI><a href="#[b8]">&gt;&gt;</a>&nbsp;&nbsp;&nbsp;ModemCmdTask_GetPhase
<LI><a href="#[fa]">&gt;&gt;</a>&nbsp;&nbsp;&nbsp;GprsTask_GetTask
<LI><a href="#[92]">&gt;&gt;</a>&nbsp;&nbsp;&nbsp;__ARM_common_switch8
<LI><a href="#[53]">&gt;&gt;</a>&nbsp;&nbsp;&nbsp;VoiceCallTask_GetPhase
<LI><a href="#[70]">&gt;&gt;</a>&nbsp;&nbsp;&nbsp;SosTask_GetPhase
<LI><a href="#[69]">&gt;&gt;</a>&nbsp;&nbsp;&nbsp;ModemCmdTask_IsIdle
<LI><a href="#[65]">&gt;&gt;</a>&nbsp;&nbsp;&nbsp;MODEM_SendCommand
<LI><a href="#[5d]">&gt;&gt;</a>&nbsp;&nbsp;&nbsp;InitTimeout
<LI><a href="#[86]">&gt;&gt;</a>&nbsp;&nbsp;&nbsp;GsmTask_Init
<LI><a href="#[71]">&gt;&gt;</a>&nbsp;&nbsp;&nbsp;GsmTask_GetPhase
<LI><a href="#[64]">&gt;&gt;</a>&nbsp;&nbsp;&nbsp;DelayMs
<LI><a href="#[73]">&gt;&gt;</a>&nbsp;&nbsp;&nbsp;CheckTimeout
<LI><a href="#[eb]">&gt;&gt;</a>&nbsp;&nbsp;&nbsp;__2sprintf
<LI><a href="#[f6]">&gt;&gt;</a>&nbsp;&nbsp;&nbsp;__aeabi_memclr
</UL>
<BR>[Called By]<UL><LI><a href="#[fb]">&gt;&gt;</a>&nbsp;&nbsp;&nbsp;SmsTask_Pause
<LI><a href="#[66]">&gt;&gt;</a>&nbsp;&nbsp;&nbsp;AppRun
</UL>

<P><STRONG><a name="[fb]"></a>SmsTask_Pause</STRONG> (Thumb, 122 bytes, Stack size 8 bytes, io_tasks.o(.text))
<BR><BR>[Stack]<UL><LI>Max Depth = 104<LI>Call Chain = SmsTask_Pause &rArr; Sms_Task &rArr; SmsTask_SetSosAddressMessage &rArr; __2sprintf
</UL>
<BR>[Calls]<UL><LI><a href="#[b6]">&gt;&gt;</a>&nbsp;&nbsp;&nbsp;uart_putchar
<LI><a href="#[6e]">&gt;&gt;</a>&nbsp;&nbsp;&nbsp;Sms_Task
<LI><a href="#[68]">&gt;&gt;</a>&nbsp;&nbsp;&nbsp;ModemCmd_Task
<LI><a href="#[5d]">&gt;&gt;</a>&nbsp;&nbsp;&nbsp;InitTimeout
<LI><a href="#[73]">&gt;&gt;</a>&nbsp;&nbsp;&nbsp;CheckTimeout
</UL>
<BR>[Called By]<UL><LI><a href="#[6d]">&gt;&gt;</a>&nbsp;&nbsp;&nbsp;VoiceCall_Task
</UL>

<P><STRONG><a name="[6d]"></a>VoiceCall_Task</STRONG> (Thumb, 2326 bytes, Stack size 16 bytes, io_tasks.o(.text))
<BR><BR>[Stack]<UL><LI>Max Depth = 568<LI>Call Chain = VoiceCall_Task &rArr; VoiceCallTask_EndCall &rArr; GprsTask_Stop &rArr; GprsTask_StopTask &rArr; Gprs_Task &rArr;  GprsTask_Stop (Cycle)
</UL>
<BR>[Calls]<UL><LI><a href="#[fd]">&gt;&gt;</a>&nbsp;&nbsp;&nbsp;VoiceSetup
<LI><a href="#[fb]">&gt;&gt;</a>&nbsp;&nbsp;&nbsp;SmsTask_Pause
<LI><a href="#[f3]">&gt;&gt;</a>&nbsp;&nbsp;&nbsp;GetDtmfKey
<LI><a href="#[f0]">&gt;&gt;</a>&nbsp;&nbsp;&nbsp;VoiceCallTask_InitDtmf
<LI><a href="#[ec]">&gt;&gt;</a>&nbsp;&nbsp;&nbsp;PlayBatteryStatus
<LI><a href="#[e8]">&gt;&gt;</a>&nbsp;&nbsp;&nbsp;VoiceCallTask_GetCallerPhoneNo
<LI><a href="#[e6]">&gt;&gt;</a>&nbsp;&nbsp;&nbsp;VoiceCallTask_EndCall
<LI><a href="#[e9]">&gt;&gt;</a>&nbsp;&nbsp;&nbsp;VoiceCallTask_AnswerCall
<LI><a href="#[db]">&gt;&gt;</a>&nbsp;&nbsp;&nbsp;ComparePhoneNumber
<LI><a href="#[fc]">&gt;&gt;</a>&nbsp;&nbsp;&nbsp;SosTask_IsWaititngForCall
<LI><a href="#[fe]">&gt;&gt;</a>&nbsp;&nbsp;&nbsp;SosTask_IsCancelCall
<LI><a href="#[d2]">&gt;&gt;</a>&nbsp;&nbsp;&nbsp;SosTask_Reset
<LI><a href="#[b6]">&gt;&gt;</a>&nbsp;&nbsp;&nbsp;uart_putchar
<LI><a href="#[b5]">&gt;&gt;</a>&nbsp;&nbsp;&nbsp;ModemCmdTask_SendCmd
<LI><a href="#[b8]">&gt;&gt;</a>&nbsp;&nbsp;&nbsp;ModemCmdTask_GetPhase
<LI><a href="#[ab]">&gt;&gt;</a>&nbsp;&nbsp;&nbsp;GprsTask_Stop
<LI><a href="#[92]">&gt;&gt;</a>&nbsp;&nbsp;&nbsp;__ARM_common_switch8
<LI><a href="#[61]">&gt;&gt;</a>&nbsp;&nbsp;&nbsp;SosTask_IsAlarmActivated
<LI><a href="#[70]">&gt;&gt;</a>&nbsp;&nbsp;&nbsp;SosTask_GetPhase
<LI><a href="#[69]">&gt;&gt;</a>&nbsp;&nbsp;&nbsp;ModemCmdTask_IsIdle
<LI><a href="#[5d]">&gt;&gt;</a>&nbsp;&nbsp;&nbsp;InitTimeout
<LI><a href="#[64]">&gt;&gt;</a>&nbsp;&nbsp;&nbsp;DelayMs
<LI><a href="#[73]">&gt;&gt;</a>&nbsp;&nbsp;&nbsp;CheckTimeout
<LI><a href="#[59]">&gt;&gt;</a>&nbsp;&nbsp;&nbsp;AudioStopAll
<LI><a href="#[5a]">&gt;&gt;</a>&nbsp;&nbsp;&nbsp;AudioPlayFile
<LI><a href="#[f6]">&gt;&gt;</a>&nbsp;&nbsp;&nbsp;__aeabi_memclr
<LI><a href="#[bf]">&gt;&gt;</a>&nbsp;&nbsp;&nbsp;__aeabi_memcpy
</UL>
<BR>[Called By]<UL><LI><a href="#[66]">&gt;&gt;</a>&nbsp;&nbsp;&nbsp;AppRun
</UL>

<P><STRONG><a name="[8a]"></a>SmsTask_Init</STRONG> (Thumb, 44 bytes, Stack size 8 bytes, io_tasks.o(.text))
<BR><BR>[Stack]<UL><LI>Max Depth = 32<LI>Call Chain = SmsTask_Init &rArr; __2sprintf
</UL>
<BR>[Calls]<UL><LI><a href="#[dd]">&gt;&gt;</a>&nbsp;&nbsp;&nbsp;SmsTask_ClearAllSms
<LI><a href="#[eb]">&gt;&gt;</a>&nbsp;&nbsp;&nbsp;__2sprintf
</UL>
<BR>[Called By]<UL><LI><a href="#[26]">&gt;&gt;</a>&nbsp;&nbsp;&nbsp;main
</UL>

<P><STRONG><a name="[de]"></a>SmsTask_AddPhoneNo</STRONG> (Thumb, 64 bytes, Stack size 16 bytes, io_tasks.o(.text))
<BR><BR>[Stack]<UL><LI>Max Depth = 16<LI>Call Chain = SmsTask_AddPhoneNo
</UL>
<BR>[Calls]<UL><LI><a href="#[d0]">&gt;&gt;</a>&nbsp;&nbsp;&nbsp;strcpy
</UL>
<BR>[Called By]<UL><LI><a href="#[dc]">&gt;&gt;</a>&nbsp;&nbsp;&nbsp;SosTask_SendSms
</UL>

<P><STRONG><a name="[df]"></a>SmsTask_SetMessage</STRONG> (Thumb, 50 bytes, Stack size 16 bytes, io_tasks.o(.text))
<BR><BR>[Stack]<UL><LI>Max Depth = 16<LI>Call Chain = SmsTask_SetMessage
</UL>
<BR>[Calls]<UL><LI><a href="#[ce]">&gt;&gt;</a>&nbsp;&nbsp;&nbsp;strlen
<LI><a href="#[bf]">&gt;&gt;</a>&nbsp;&nbsp;&nbsp;__aeabi_memcpy
</UL>
<BR>[Called By]<UL><LI><a href="#[dc]">&gt;&gt;</a>&nbsp;&nbsp;&nbsp;SosTask_SendSms
<LI><a href="#[6b]">&gt;&gt;</a>&nbsp;&nbsp;&nbsp;Sos_Task
</UL>

<P><STRONG><a name="[c7]"></a>SmsTask_IsIdle</STRONG> (Thumb, 24 bytes, Stack size 0 bytes, io_tasks.o(.text))
<BR><BR>[Called By]<UL><LI><a href="#[6b]">&gt;&gt;</a>&nbsp;&nbsp;&nbsp;Sos_Task
<LI><a href="#[6f]">&gt;&gt;</a>&nbsp;&nbsp;&nbsp;Gprs_Task
</UL>

<P><STRONG><a name="[100]"></a>SmsTask_IsModemBusy</STRONG> (Thumb, 32 bytes, Stack size 0 bytes, io_tasks.o(.text))
<BR><BR>[Called By]<UL><LI><a href="#[da]">&gt;&gt;</a>&nbsp;&nbsp;&nbsp;SmsTask_Stop
<LI><a href="#[b1]">&gt;&gt;</a>&nbsp;&nbsp;&nbsp;IoTask_IsModemBusy
</UL>

<P><STRONG><a name="[b1]"></a>IoTask_IsModemBusy</STRONG> (Thumb, 26 bytes, Stack size 4 bytes, io_tasks.o(.text))
<BR><BR>[Stack]<UL><LI>Max Depth = 4<LI>Call Chain = IoTask_IsModemBusy
</UL>
<BR>[Calls]<UL><LI><a href="#[100]">&gt;&gt;</a>&nbsp;&nbsp;&nbsp;SmsTask_IsModemBusy
<LI><a href="#[ff]">&gt;&gt;</a>&nbsp;&nbsp;&nbsp;VoiceCallTask_IsModemBusy
</UL>
<BR>[Called By]<UL><LI><a href="#[102]">&gt;&gt;</a>&nbsp;&nbsp;&nbsp;UploadConfigTask_Retry
<LI><a href="#[c8]">&gt;&gt;</a>&nbsp;&nbsp;&nbsp;UploadConfig_Task
<LI><a href="#[c3]">&gt;&gt;</a>&nbsp;&nbsp;&nbsp;SendPowerCmd_GprsTask
<LI><a href="#[c2]">&gt;&gt;</a>&nbsp;&nbsp;&nbsp;SendPowerCmdTask_Retry
<LI><a href="#[b2]">&gt;&gt;</a>&nbsp;&nbsp;&nbsp;SendGpsData_GprsTask
<LI><a href="#[b0]">&gt;&gt;</a>&nbsp;&nbsp;&nbsp;SendGpsDataTask_Retry
</UL>

<P><STRONG><a name="[e2]"></a>SmsTask_IsSmsSent</STRONG> (Thumb, 22 bytes, Stack size 0 bytes, io_tasks.o(.text))
<BR><BR>[Called By]<UL><LI><a href="#[6b]">&gt;&gt;</a>&nbsp;&nbsp;&nbsp;Sos_Task
</UL>

<P><STRONG><a name="[5f]"></a>SmsTask_GetPhase</STRONG> (Thumb, 6 bytes, Stack size 0 bytes, io_tasks.o(.text))
<BR><BR>[Called By]<UL><LI><a href="#[6b]">&gt;&gt;</a>&nbsp;&nbsp;&nbsp;Sos_Task
<LI><a href="#[66]">&gt;&gt;</a>&nbsp;&nbsp;&nbsp;AppRun
<LI><a href="#[5b]">&gt;&gt;</a>&nbsp;&nbsp;&nbsp;SysSleep
</UL>

<P><STRONG><a name="[da]"></a>SmsTask_Stop</STRONG> (Thumb, 26 bytes, Stack size 8 bytes, io_tasks.o(.text))
<BR><BR>[Stack]<UL><LI>Max Depth = 8<LI>Call Chain = SmsTask_Stop
</UL>
<BR>[Calls]<UL><LI><a href="#[100]">&gt;&gt;</a>&nbsp;&nbsp;&nbsp;SmsTask_IsModemBusy
<LI><a href="#[b6]">&gt;&gt;</a>&nbsp;&nbsp;&nbsp;uart_putchar
</UL>
<BR>[Called By]<UL><LI><a href="#[d9]">&gt;&gt;</a>&nbsp;&nbsp;&nbsp;SosTask_End
<LI><a href="#[6b]">&gt;&gt;</a>&nbsp;&nbsp;&nbsp;Sos_Task
</UL>

<P><STRONG><a name="[cb]"></a>UploadConfigTask_Init</STRONG> (Thumb, 80 bytes, Stack size 8 bytes, upload_config_task.o(.text))
<BR><BR>[Stack]<UL><LI>Max Depth = 12<LI>Call Chain = UploadConfigTask_Init &rArr; InitTimeout
</UL>
<BR>[Calls]<UL><LI><a href="#[5d]">&gt;&gt;</a>&nbsp;&nbsp;&nbsp;InitTimeout
</UL>
<BR>[Called By]<UL><LI><a href="#[104]">&gt;&gt;</a>&nbsp;&nbsp;&nbsp;UploadConfigTask_WaitRetry
<LI><a href="#[103]">&gt;&gt;</a>&nbsp;&nbsp;&nbsp;UploadConfigTask_StopAll
<LI><a href="#[101]">&gt;&gt;</a>&nbsp;&nbsp;&nbsp;UploadConfigTask_Start
<LI><a href="#[87]">&gt;&gt;</a>&nbsp;&nbsp;&nbsp;GprsTask_Init
</UL>

<P><STRONG><a name="[101]"></a>UploadConfigTask_Start</STRONG> (Thumb, 88 bytes, Stack size 8 bytes, upload_config_task.o(.text), UNUSED)
<BR><BR>[Calls]<UL><LI><a href="#[cb]">&gt;&gt;</a>&nbsp;&nbsp;&nbsp;UploadConfigTask_Init
<LI><a href="#[ab]">&gt;&gt;</a>&nbsp;&nbsp;&nbsp;GprsTask_Stop
<LI><a href="#[70]">&gt;&gt;</a>&nbsp;&nbsp;&nbsp;SosTask_GetPhase
<LI><a href="#[73]">&gt;&gt;</a>&nbsp;&nbsp;&nbsp;CheckTimeout
</UL>

<P><STRONG><a name="[c9]"></a>UploadConfigTask_IsWaitingForRetry</STRONG> (Thumb, 6 bytes, Stack size 0 bytes, upload_config_task.o(.text))
<BR><BR>[Called By]<UL><LI><a href="#[6f]">&gt;&gt;</a>&nbsp;&nbsp;&nbsp;Gprs_Task
</UL>

<P><STRONG><a name="[ca]"></a>UploadConfigTask_IsWaitingForRetryTimedOut</STRONG> (Thumb, 20 bytes, Stack size 8 bytes, upload_config_task.o(.text))
<BR><BR>[Stack]<UL><LI>Max Depth = 24<LI>Call Chain = UploadConfigTask_IsWaitingForRetryTimedOut &rArr; CheckTimeout
</UL>
<BR>[Calls]<UL><LI><a href="#[73]">&gt;&gt;</a>&nbsp;&nbsp;&nbsp;CheckTimeout
</UL>
<BR>[Called By]<UL><LI><a href="#[6f]">&gt;&gt;</a>&nbsp;&nbsp;&nbsp;Gprs_Task
</UL>

<P><STRONG><a name="[a7]"></a>UploadConfigTask_GetPhase</STRONG> (Thumb, 6 bytes, Stack size 0 bytes, upload_config_task.o(.text))
<BR><BR>[Called By]<UL><LI><a href="#[60]">&gt;&gt;</a>&nbsp;&nbsp;&nbsp;GprsTask_GetPhase
</UL>

<P><STRONG><a name="[ad]"></a>UploadConfigTask_SetPhase</STRONG> (Thumb, 6 bytes, Stack size 0 bytes, upload_config_task.o(.text), UNUSED)
<BR><BR>[Called By]<UL><LI><a href="#[ac]">&gt;&gt;</a>&nbsp;&nbsp;&nbsp;GprsTask_SetPhase
</UL>

<P><STRONG><a name="[af]"></a>UploadConfigTask_WakeUp</STRONG> (Thumb, 16 bytes, Stack size 0 bytes, upload_config_task.o(.text), UNUSED)
<BR><BR>[Called By]<UL><LI><a href="#[ae]">&gt;&gt;</a>&nbsp;&nbsp;&nbsp;GprsTask_WakeUp
</UL>

<P><STRONG><a name="[102]"></a>UploadConfigTask_Retry</STRONG> (Thumb, 40 bytes, Stack size 8 bytes, upload_config_task.o(.text))
<BR><BR>[Stack]<UL><LI>Max Depth = 12 + In Cycle
<LI>Call Chain = UploadConfigTask_Retry &rArr;  GprsTask_Stop (Cycle)
</UL>
<BR>[Calls]<UL><LI><a href="#[b1]">&gt;&gt;</a>&nbsp;&nbsp;&nbsp;IoTask_IsModemBusy
<LI><a href="#[ab]">&gt;&gt;</a>&nbsp;&nbsp;&nbsp;GprsTask_Stop
<LI><a href="#[5d]">&gt;&gt;</a>&nbsp;&nbsp;&nbsp;InitTimeout
</UL>
<BR>[Called By]<UL><LI><a href="#[c8]">&gt;&gt;</a>&nbsp;&nbsp;&nbsp;UploadConfig_Task
</UL>

<P><STRONG><a name="[a9]"></a>UploadConfigTask_Stop</STRONG> (Thumb, 8 bytes, Stack size 0 bytes, upload_config_task.o(.text))
<BR><BR>[Called By]<UL><LI><a href="#[a8]">&gt;&gt;</a>&nbsp;&nbsp;&nbsp;GprsTask_StopTask
</UL>

<P><STRONG><a name="[103]"></a>UploadConfigTask_StopAll</STRONG> (Thumb, 14 bytes, Stack size 8 bytes, upload_config_task.o(.text), UNUSED)
<BR><BR>[Calls]<UL><LI><a href="#[cb]">&gt;&gt;</a>&nbsp;&nbsp;&nbsp;UploadConfigTask_Init
</UL>

<P><STRONG><a name="[104]"></a>UploadConfigTask_WaitRetry</STRONG> (Thumb, 26 bytes, Stack size 8 bytes, upload_config_task.o(.text))
<BR><BR>[Stack]<UL><LI>Max Depth = 20 + In Cycle
<LI>Call Chain = UploadConfigTask_WaitRetry &rArr;  GprsTask_Stop (Cycle)
</UL>
<BR>[Calls]<UL><LI><a href="#[cb]">&gt;&gt;</a>&nbsp;&nbsp;&nbsp;UploadConfigTask_Init
<LI><a href="#[ab]">&gt;&gt;</a>&nbsp;&nbsp;&nbsp;GprsTask_Stop
<LI><a href="#[5d]">&gt;&gt;</a>&nbsp;&nbsp;&nbsp;InitTimeout
</UL>
<BR>[Called By]<UL><LI><a href="#[c8]">&gt;&gt;</a>&nbsp;&nbsp;&nbsp;UploadConfig_Task
</UL>

<P><STRONG><a name="[c8]"></a>UploadConfig_Task</STRONG> (Thumb, 2772 bytes, Stack size 56 bytes, upload_config_task.o(.text))
<BR><BR>[Stack]<UL><LI>Max Depth = 384 + In Cycle
<LI>Call Chain = UploadConfig_Task &rArr;  GprsTask_Stop (Cycle)
</UL>
<BR>[Calls]<UL><LI><a href="#[106]">&gt;&gt;</a>&nbsp;&nbsp;&nbsp;DCFG_Parser
<LI><a href="#[105]">&gt;&gt;</a>&nbsp;&nbsp;&nbsp;DCFG_Add
<LI><a href="#[104]">&gt;&gt;</a>&nbsp;&nbsp;&nbsp;UploadConfigTask_WaitRetry
<LI><a href="#[102]">&gt;&gt;</a>&nbsp;&nbsp;&nbsp;UploadConfigTask_Retry
<LI><a href="#[b6]">&gt;&gt;</a>&nbsp;&nbsp;&nbsp;uart_putchar
<LI><a href="#[b7]">&gt;&gt;</a>&nbsp;&nbsp;&nbsp;ModemCmdTask_SetCriticalCmd
<LI><a href="#[b5]">&gt;&gt;</a>&nbsp;&nbsp;&nbsp;ModemCmdTask_SendCmd
<LI><a href="#[b3]">&gt;&gt;</a>&nbsp;&nbsp;&nbsp;ModemCmdTask_IsCriticalCmd
<LI><a href="#[b8]">&gt;&gt;</a>&nbsp;&nbsp;&nbsp;ModemCmdTask_GetPhase
<LI><a href="#[b9]">&gt;&gt;</a>&nbsp;&nbsp;&nbsp;MODEM_GetSocket
<LI><a href="#[c1]">&gt;&gt;</a>&nbsp;&nbsp;&nbsp;MODEM_DisconectSocket
<LI><a href="#[bc]">&gt;&gt;</a>&nbsp;&nbsp;&nbsp;MODEM_CheckGPRSDataOut
<LI><a href="#[b1]">&gt;&gt;</a>&nbsp;&nbsp;&nbsp;IoTask_IsModemBusy
<LI><a href="#[bd]">&gt;&gt;</a>&nbsp;&nbsp;&nbsp;GPRS_CmdRecvData
<LI><a href="#[ab]">&gt;&gt;</a>&nbsp;&nbsp;&nbsp;GprsTask_Stop
<LI><a href="#[69]">&gt;&gt;</a>&nbsp;&nbsp;&nbsp;ModemCmdTask_IsIdle
<LI><a href="#[65]">&gt;&gt;</a>&nbsp;&nbsp;&nbsp;MODEM_SendCommand
<LI><a href="#[5d]">&gt;&gt;</a>&nbsp;&nbsp;&nbsp;InitTimeout
<LI><a href="#[86]">&gt;&gt;</a>&nbsp;&nbsp;&nbsp;GsmTask_Init
<LI><a href="#[71]">&gt;&gt;</a>&nbsp;&nbsp;&nbsp;GsmTask_GetPhase
<LI><a href="#[64]">&gt;&gt;</a>&nbsp;&nbsp;&nbsp;DelayMs
<LI><a href="#[73]">&gt;&gt;</a>&nbsp;&nbsp;&nbsp;CheckTimeout
<LI><a href="#[bf]">&gt;&gt;</a>&nbsp;&nbsp;&nbsp;__aeabi_memcpy
</UL>
<BR>[Called By]<UL><LI><a href="#[6f]">&gt;&gt;</a>&nbsp;&nbsp;&nbsp;Gprs_Task
</UL>

<P><STRONG><a name="[85]"></a>GpsTask_Init</STRONG> (Thumb, 26 bytes, Stack size 0 bytes, gps_task.o(.text))
<BR><BR>[Called By]<UL><LI><a href="#[26]">&gt;&gt;</a>&nbsp;&nbsp;&nbsp;main
</UL>

<P><STRONG><a name="[62]"></a>GpsTask_GetPhase</STRONG> (Thumb, 6 bytes, Stack size 0 bytes, gps_task.o(.text))
<BR><BR>[Called By]<UL><LI><a href="#[66]">&gt;&gt;</a>&nbsp;&nbsp;&nbsp;AppRun
<LI><a href="#[5b]">&gt;&gt;</a>&nbsp;&nbsp;&nbsp;SysSleep
</UL>

<P><STRONG><a name="[e1]"></a>GpsTask_EnableGps</STRONG> (Thumb, 14 bytes, Stack size 0 bytes, gps_task.o(.text))
<BR><BR>[Called By]<UL><LI><a href="#[c0]">&gt;&gt;</a>&nbsp;&nbsp;&nbsp;CMD_CfgParse
<LI><a href="#[5e]">&gt;&gt;</a>&nbsp;&nbsp;&nbsp;TrackerTask
<LI><a href="#[6b]">&gt;&gt;</a>&nbsp;&nbsp;&nbsp;Sos_Task
<LI><a href="#[6c]">&gt;&gt;</a>&nbsp;&nbsp;&nbsp;Io_Task
</UL>

<P><STRONG><a name="[23a]"></a>GpsTask_SetPhase</STRONG> (Thumb, 6 bytes, Stack size 0 bytes, gps_task.o(.text), UNUSED)

<P><STRONG><a name="[107]"></a>GpsTask_Control</STRONG> (Thumb, 924 bytes, Stack size 32 bytes, gps_task.o(.text))
<BR><BR>[Stack]<UL><LI>Max Depth = 496<LI>Call Chain = GpsTask_Control &rArr; GPS_GetInfo &rArr; nmea_parse_GPRMC &rArr; _nmea_parse_time &rArr; nmea_scanf &rArr; nmea_atof &rArr; strtod &rArr; __strtod_int &rArr; _local_sscanf &rArr; _scanf_real
</UL>
<BR>[Calls]<UL><LI><a href="#[92]">&gt;&gt;</a>&nbsp;&nbsp;&nbsp;__ARM_common_switch8
<LI><a href="#[108]">&gt;&gt;</a>&nbsp;&nbsp;&nbsp;nmea_zero_INFO
<LI><a href="#[114]">&gt;&gt;</a>&nbsp;&nbsp;&nbsp;formatLng
<LI><a href="#[110]">&gt;&gt;</a>&nbsp;&nbsp;&nbsp;formatLat
<LI><a href="#[112]">&gt;&gt;</a>&nbsp;&nbsp;&nbsp;__aeabi_f2d
<LI><a href="#[111]">&gt;&gt;</a>&nbsp;&nbsp;&nbsp;__aeabi_d2f
<LI><a href="#[10e]">&gt;&gt;</a>&nbsp;&nbsp;&nbsp;__aeabi_cdrcmple
<LI><a href="#[10d]">&gt;&gt;</a>&nbsp;&nbsp;&nbsp;__aeabi_cdcmple
<LI><a href="#[10c]">&gt;&gt;</a>&nbsp;&nbsp;&nbsp;__aeabi_cdcmpeq
<LI><a href="#[116]">&gt;&gt;</a>&nbsp;&nbsp;&nbsp;UpdateRtcTime
<LI><a href="#[10b]">&gt;&gt;</a>&nbsp;&nbsp;&nbsp;TIME_GetSec
<LI><a href="#[10a]">&gt;&gt;</a>&nbsp;&nbsp;&nbsp;TIME_FromGps
<LI><a href="#[109]">&gt;&gt;</a>&nbsp;&nbsp;&nbsp;GPS_GetInfo
<LI><a href="#[115]">&gt;&gt;</a>&nbsp;&nbsp;&nbsp;DB_U32Save
<LI><a href="#[113]">&gt;&gt;</a>&nbsp;&nbsp;&nbsp;DB_FloatToU32
<LI><a href="#[10f]">&gt;&gt;</a>&nbsp;&nbsp;&nbsp;__aeabi_memcpy4
</UL>
<BR>[Called By]<UL><LI><a href="#[5e]">&gt;&gt;</a>&nbsp;&nbsp;&nbsp;TrackerTask
</UL>

<P><STRONG><a name="[77]"></a>start</STRONG> (Thumb, 32 bytes, Stack size 8 bytes, start.o(.text))
<BR><BR>[Stack]<UL><LI>Max Depth = 44<LI>Call Chain = start &rArr; uart_init &rArr; __aeabi_uidivmod
</UL>
<BR>[Calls]<UL><LI><a href="#[7c]">&gt;&gt;</a>&nbsp;&nbsp;&nbsp;uart_init
<LI><a href="#[117]">&gt;&gt;</a>&nbsp;&nbsp;&nbsp;sysinit
<LI><a href="#[118]">&gt;&gt;</a>&nbsp;&nbsp;&nbsp;outSRS
</UL>
<BR>[Called By]<UL><LI><a href="#[26]">&gt;&gt;</a>&nbsp;&nbsp;&nbsp;main
</UL>

<P><STRONG><a name="[119]"></a>cpu_identify</STRONG> (Thumb, 254 bytes, Stack size 4 bytes, start.o(.text), UNUSED)
<BR><BR>[Calls]<UL><LI><a href="#[92]">&gt;&gt;</a>&nbsp;&nbsp;&nbsp;__ARM_common_switch8
</UL>

<P><STRONG><a name="[23b]"></a>flash_identify</STRONG> (Thumb, 72 bytes, Stack size 0 bytes, start.o(.text), UNUSED)

<P><STRONG><a name="[11a]"></a>clk_out_init</STRONG> (Thumb, 22 bytes, Stack size 0 bytes, sysinit.o(.text))
<BR><BR>[Called By]<UL><LI><a href="#[117]">&gt;&gt;</a>&nbsp;&nbsp;&nbsp;sysinit
</UL>

<P><STRONG><a name="[117]"></a>sysinit</STRONG> (Thumb, 154 bytes, Stack size 8 bytes, sysinit.o(.text))
<BR><BR>[Stack]<UL><LI>Max Depth = 36<LI>Call Chain = sysinit &rArr; __aeabi_idivmod &rArr; __aeabi_uidivmod
</UL>
<BR>[Calls]<UL><LI><a href="#[11a]">&gt;&gt;</a>&nbsp;&nbsp;&nbsp;clk_out_init
<LI><a href="#[72]">&gt;&gt;</a>&nbsp;&nbsp;&nbsp;__aeabi_idivmod
<LI><a href="#[63]">&gt;&gt;</a>&nbsp;&nbsp;&nbsp;__aeabi_uidivmod
</UL>
<BR>[Called By]<UL><LI><a href="#[77]">&gt;&gt;</a>&nbsp;&nbsp;&nbsp;start
</UL>

<P><STRONG><a name="[23c]"></a>enable_abort_button</STRONG> (Thumb, 36 bytes, Stack size 0 bytes, sysinit.o(.text), UNUSED)

<P><STRONG><a name="[27]"></a>SystemInit</STRONG> (Thumb, 170 bytes, Stack size 0 bytes, system_mkl25z4.o(.text))
<BR>[Address Reference Count : 1]<UL><LI> startup_mkl25z4.o(.text)
</UL>
[...]
<LI><a href="#[1c4]">&gt;&gt;</a>&nbsp;&nbsp;&nbsp;CfgProcessData
<LI><a href="#[1c2]">&gt;&gt;</a>&nbsp;&nbsp;&nbsp;CfgParserPacket
<LI><a href="#[3a]">&gt;&gt;</a>&nbsp;&nbsp;&nbsp;GPRS_SocketControl
<LI><a href="#[46]">&gt;&gt;</a>&nbsp;&nbsp;&nbsp;GsmGetTime
</UL>

<P><STRONG><a name="[212]"></a>__aeabi_errno_addr</STRONG> (Thumb, 4 bytes, Stack size 0 bytes, errno.o(i.__aeabi_errno_addr))
<BR><BR>[Called By]<UL><LI><a href="#[1aa]">&gt;&gt;</a>&nbsp;&nbsp;&nbsp;strtol
<LI><a href="#[211]">&gt;&gt;</a>&nbsp;&nbsp;&nbsp;_strtoul
</UL>

<P><STRONG><a name="[279]"></a>__rt_errno_addr</STRONG> (Thumb, 0 bytes, Stack size 0 bytes, errno.o(i.__aeabi_errno_addr), UNUSED)

<P><STRONG><a name="[27a]"></a>__scatterload_copy</STRONG> (Thumb, 14 bytes, Stack size unknown bytes, handlers.o(i.__scatterload_copy), UNUSED)

<P><STRONG><a name="[27b]"></a>__scatterload_null</STRONG> (Thumb, 2 bytes, Stack size unknown bytes, handlers.o(i.__scatterload_null), UNUSED)

<P><STRONG><a name="[27c]"></a>__scatterload_zeroinit</STRONG> (Thumb, 14 bytes, Stack size unknown bytes, handlers.o(i.__scatterload_zeroinit), UNUSED)

<P><STRONG><a name="[210]"></a>_is_digit</STRONG> (Thumb, 14 bytes, Stack size 0 bytes, scanf_fp.o(i._is_digit), UNUSED)
<BR><BR>[Called By]<UL><LI><a href="#[20f]">&gt;&gt;</a>&nbsp;&nbsp;&nbsp;_scanf_really_real
</UL>

<P><STRONG><a name="[1a6]"></a>floor</STRONG> (Thumb, 182 bytes, Stack size 24 bytes, floor.o(i.floor))
<BR><BR>[Stack]<UL><LI>Max Depth = 136<LI>Call Chain = floor &rArr; __aeabi_drsub &rArr; __aeabi_dadd &rArr; _double_epilogue &rArr; _double_round
</UL>
<BR>[Calls]<UL><LI><a href="#[10e]">&gt;&gt;</a>&nbsp;&nbsp;&nbsp;__aeabi_cdrcmple
<LI><a href="#[1a4]">&gt;&gt;</a>&nbsp;&nbsp;&nbsp;__aeabi_dadd
<LI><a href="#[1a1]">&gt;&gt;</a>&nbsp;&nbsp;&nbsp;__aeabi_drsub
</UL>
<BR>[Called By]<UL><LI><a href="#[114]">&gt;&gt;</a>&nbsp;&nbsp;&nbsp;formatLng
<LI><a href="#[110]">&gt;&gt;</a>&nbsp;&nbsp;&nbsp;formatLat
<LI><a href="#[19e]">&gt;&gt;</a>&nbsp;&nbsp;&nbsp;formatLatLng
</UL>

<P><STRONG><a name="[1ac]"></a>strtod</STRONG> (Thumb, 28 bytes, Stack size 16 bytes, strtod.o(i.strtod))
<BR><BR>[Stack]<UL><LI>Max Depth = 216<LI>Call Chain = strtod &rArr; __strtod_int &rArr; _local_sscanf &rArr; _scanf_real
</UL>
<BR>[Calls]<UL><LI><a href="#[221]">&gt;&gt;</a>&nbsp;&nbsp;&nbsp;__strtod_int
</UL>
<BR>[Called By]<UL><LI><a href="#[1ab]">&gt;&gt;</a>&nbsp;&nbsp;&nbsp;nmea_atof
</UL>

<P><STRONG><a name="[134]"></a>SpSub</STRONG> (Thumb, 26 bytes, Stack size 0 bytes, flash_ramfunc.o(.text))
<BR><BR>[Called By]<UL><LI><a href="#[135]">&gt;&gt;</a>&nbsp;&nbsp;&nbsp;Flash_ByteProgram (via Veneer)
<LI><a href="#[133]">&gt;&gt;</a>&nbsp;&nbsp;&nbsp;Flash_SectorErase (via Veneer)
</UL>
<P>
<H3>
Local Symbols
</H3>
<P><STRONG><a name="[50]"></a>NVIC_EnableIRQ</STRONG> (Thumb, 14 bytes, Stack size 0 bytes, project_main.o(.text))
<BR><BR>[Called By]<UL><LI><a href="#[26]">&gt;&gt;</a>&nbsp;&nbsp;&nbsp;main
<LI><a href="#[4e]">&gt;&gt;</a>&nbsp;&nbsp;&nbsp;PIN_InterruptInit
</UL>

<P><STRONG><a name="[51]"></a>NVIC_SetPriority</STRONG> (Thumb, 110 bytes, Stack size 8 bytes, project_main.o(.text))
<BR><BR>[Stack]<UL><LI>Max Depth = 8<LI>Call Chain = NVIC_SetPriority
</UL>
<BR>[Called By]<UL><LI><a href="#[4e]">&gt;&gt;</a>&nbsp;&nbsp;&nbsp;PIN_InterruptInit
</UL>

<P><STRONG><a name="[4d]"></a>NVIC_SystemReset</STRONG> (Thumb, 20 bytes, Stack size 0 bytes, project_main.o(.text))
<BR><BR>[Called By]<UL><LI><a href="#[66]">&gt;&gt;</a>&nbsp;&nbsp;&nbsp;AppRun
<LI><a href="#[2]">&gt;&gt;</a>&nbsp;&nbsp;&nbsp;HardFault_Handler
</UL>

<P><STRONG><a name="[12d]"></a>NVIC_SetPriority</STRONG> (Thumb, 110 bytes, Stack size 8 bytes, uart.o(.text))
<BR><BR>[Stack]<UL><LI>Max Depth = 8<LI>Call Chain = NVIC_SetPriority
</UL>
<BR>[Called By]<UL><LI><a href="#[7c]">&gt;&gt;</a>&nbsp;&nbsp;&nbsp;uart_init
<LI><a href="#[7b]">&gt;&gt;</a>&nbsp;&nbsp;&nbsp;uart0_init
</UL>

<P><STRONG><a name="[12c]"></a>NVIC_EnableIRQ</STRONG> (Thumb, 14 bytes, Stack size 0 bytes, uart.o(.text))
<BR><BR>[Called By]<UL><LI><a href="#[7c]">&gt;&gt;</a>&nbsp;&nbsp;&nbsp;uart_init
<LI><a href="#[7b]">&gt;&gt;</a>&nbsp;&nbsp;&nbsp;uart0_init
</UL>

<P><STRONG><a name="[12a]"></a>NVIC_DisableIRQ</STRONG> (Thumb, 16 bytes, Stack size 0 bytes, uart.o(.text))
<BR><BR>[Called By]<UL><LI><a href="#[7c]">&gt;&gt;</a>&nbsp;&nbsp;&nbsp;uart_init
<LI><a href="#[7b]">&gt;&gt;</a>&nbsp;&nbsp;&nbsp;uart0_init
</UL>

<P><STRONG><a name="[14e]"></a>NVIC_SetPriority</STRONG> (Thumb, 110 bytes, Stack size 8 bytes, usbhw.o(.text))
<BR><BR>[Stack]<UL><LI>Max Depth = 8<LI>Call Chain = NVIC_SetPriority
</UL>
<BR>[Called By]<UL><LI><a href="#[14d]">&gt;&gt;</a>&nbsp;&nbsp;&nbsp;USB_IntrEna
</UL>

<P><STRONG><a name="[15b]"></a>SST25__Status</STRONG> (Thumb, 44 bytes, Stack size 8 bytes, sst25.o(.text))
<BR><BR>[Stack]<UL><LI>Max Depth = 16<LI>Call Chain = SST25__Status &rArr; halSpiWriteByte
</UL>
<BR>[Calls]<UL><LI><a href="#[15c]">&gt;&gt;</a>&nbsp;&nbsp;&nbsp;halSpiWriteByte
</UL>
<BR>[Called By]<UL><LI><a href="#[161]">&gt;&gt;</a>&nbsp;&nbsp;&nbsp;SST25_Read
<LI><a href="#[15f]">&gt;&gt;</a>&nbsp;&nbsp;&nbsp;_SST25_Write
<LI><a href="#[162]">&gt;&gt;</a>&nbsp;&nbsp;&nbsp;SST25__GlobalProtect
<LI><a href="#[15d]">&gt;&gt;</a>&nbsp;&nbsp;&nbsp;SST25__WriteEnable
</UL>

<P><STRONG><a name="[15d]"></a>SST25__WriteEnable</STRONG> (Thumb, 88 bytes, Stack size 16 bytes, sst25.o(.text))
<BR><BR>[Stack]<UL><LI>Max Depth = 32<LI>Call Chain = SST25__WriteEnable &rArr; SST25__Status &rArr; halSpiWriteByte
</UL>
<BR>[Calls]<UL><LI><a href="#[15b]">&gt;&gt;</a>&nbsp;&nbsp;&nbsp;SST25__Status
<LI><a href="#[15c]">&gt;&gt;</a>&nbsp;&nbsp;&nbsp;halSpiWriteByte
</UL>
<BR>[Called By]<UL><LI><a href="#[15f]">&gt;&gt;</a>&nbsp;&nbsp;&nbsp;_SST25_Write
<LI><a href="#[15e]">&gt;&gt;</a>&nbsp;&nbsp;&nbsp;SST25_Erase
</UL>

<P><STRONG><a name="[162]"></a>SST25__GlobalProtect</STRONG> (Thumb, 106 bytes, Stack size 16 bytes, sst25.o(.text), UNUSED)
<BR><BR>[Calls]<UL><LI><a href="#[15b]">&gt;&gt;</a>&nbsp;&nbsp;&nbsp;SST25__Status
<LI><a href="#[15c]">&gt;&gt;</a>&nbsp;&nbsp;&nbsp;halSpiWriteByte
</UL>

<P><STRONG><a name="[180]"></a>NVIC_SystemReset</STRONG> (Thumb, 18 bytes, Stack size 0 bytes, system_config.o(.text))
<BR><BR>[Called By]<UL><LI><a href="#[d1]">&gt;&gt;</a>&nbsp;&nbsp;&nbsp;CFG_Save
<LI><a href="#[184]">&gt;&gt;</a>&nbsp;&nbsp;&nbsp;CFG_Write
</UL>

<P><STRONG><a name="[1b8]"></a>NVIC_SetPriority</STRONG> (Thumb, 110 bytes, Stack size 8 bytes, tick.o(.text))
<BR><BR>[Stack]<UL><LI>Max Depth = 8<LI>Call Chain = NVIC_SetPriority
</UL>
<BR>[Called By]<UL><LI><a href="#[7a]">&gt;&gt;</a>&nbsp;&nbsp;&nbsp;TICK_Init
<LI><a href="#[81]">&gt;&gt;</a>&nbsp;&nbsp;&nbsp;LPTMR_init
</UL>

<P><STRONG><a name="[1bf]"></a>NVIC_SystemReset</STRONG> (Thumb, 18 bytes, Stack size 0 bytes, tick.o(.text))
<BR><BR>[Called By]<UL><LI><a href="#[73]">&gt;&gt;</a>&nbsp;&nbsp;&nbsp;CheckTimeout
<LI><a href="#[11c]">&gt;&gt;</a>&nbsp;&nbsp;&nbsp;LPTimerTask
</UL>

<P><STRONG><a name="[1cd]"></a>NVIC_SetPriority</STRONG> (Thumb, 248 bytes, Stack size 8 bytes, dbg_cfg_app.o(.text))
<BR><BR>[Stack]<UL><LI>Max Depth = 8<LI>Call Chain = NVIC_SetPriority
</UL>
<BR>[Called By]<UL><LI><a href="#[58]">&gt;&gt;</a>&nbsp;&nbsp;&nbsp;TPM0_Init
</UL>

<P><STRONG><a name="[1c6]"></a>NVIC_SystemReset</STRONG> (Thumb, 20 bytes, Stack size 0 bytes, dbg_cfg_app.o(.text))
<BR><BR>[Called By]<UL><LI><a href="#[1c4]">&gt;&gt;</a>&nbsp;&nbsp;&nbsp;CfgProcessData
</UL>

<P><STRONG><a name="[1e9]"></a>mem_cpy</STRONG> (Thumb, 26 bytes, Stack size 16 bytes, ff.o(.text))
<BR><BR>[Stack]<UL><LI>Max Depth = 16<LI>Call Chain = mem_cpy
</UL>
<BR>[Called By]<UL><LI><a href="#[1e8]">&gt;&gt;</a>&nbsp;&nbsp;&nbsp;f_read
</UL>

<P><STRONG><a name="[1e0]"></a>mem_set</STRONG> (Thumb, 20 bytes, Stack size 12 bytes, ff.o(.text))
<BR><BR>[Stack]<UL><LI>Max Depth = 12<LI>Call Chain = mem_set
</UL>
<BR>[Called By]<UL><LI><a href="#[1df]">&gt;&gt;</a>&nbsp;&nbsp;&nbsp;create_name
</UL>

<P><STRONG><a name="[1de]"></a>mem_cmp</STRONG> (Thumb, 40 bytes, Stack size 24 bytes, ff.o(.text))
<BR><BR>[Stack]<UL><LI>Max Depth = 24<LI>Call Chain = mem_cmp
</UL>
<BR>[Called By]<UL><LI><a href="#[1dd]">&gt;&gt;</a>&nbsp;&nbsp;&nbsp;dir_find
</UL>

<P><STRONG><a name="[1e1]"></a>chk_chr</STRONG> (Thumb, 22 bytes, Stack size 0 bytes, ff.o(.text))
<BR><BR>[Called By]<UL><LI><a href="#[1df]">&gt;&gt;</a>&nbsp;&nbsp;&nbsp;create_name
</UL>

<P><STRONG><a name="[1d8]"></a>move_window</STRONG> (Thumb, 40 bytes, Stack size 16 bytes, ff.o(.text))
<BR><BR>[Stack]<UL><LI>Max Depth = 112<LI>Call Chain = move_window &rArr; disk_read &rArr; SST25_disk_read &rArr; SST25_Read &rArr; SST25__Status &rArr; halSpiWriteByte
</UL>
<BR>[Calls]<UL><LI><a href="#[1d2]">&gt;&gt;</a>&nbsp;&nbsp;&nbsp;disk_read
</UL>
<BR>[Called By]<UL><LI><a href="#[1d9]">&gt;&gt;</a>&nbsp;&nbsp;&nbsp;get_fat
<LI><a href="#[1dd]">&gt;&gt;</a>&nbsp;&nbsp;&nbsp;dir_find
</UL>

<P><STRONG><a name="[1da]"></a>dir_sdi</STRONG> (Thumb, 154 bytes, Stack size 24 bytes, ff.o(.text))
<BR><BR>[Stack]<UL><LI>Max Depth = 160<LI>Call Chain = dir_sdi &rArr; get_fat &rArr; move_window &rArr; disk_read &rArr; SST25_disk_read &rArr; SST25_Read &rArr; SST25__Status &rArr; halSpiWriteByte
</UL>
<BR>[Calls]<UL><LI><a href="#[1d9]">&gt;&gt;</a>&nbsp;&nbsp;&nbsp;get_fat
<LI><a href="#[1db]">&gt;&gt;</a>&nbsp;&nbsp;&nbsp;clust2sect
</UL>
<BR>[Called By]<UL><LI><a href="#[1e2]">&gt;&gt;</a>&nbsp;&nbsp;&nbsp;follow_path
<LI><a href="#[1dd]">&gt;&gt;</a>&nbsp;&nbsp;&nbsp;dir_find
</UL>

<P><STRONG><a name="[1dc]"></a>dir_next</STRONG> (Thumb, 138 bytes, Stack size 24 bytes, ff.o(.text))
<BR><BR>[Stack]<UL><LI>Max Depth = 160<LI>Call Chain = dir_next &rArr; get_fat &rArr; move_window &rArr; disk_read &rArr; SST25_disk_read &rArr; SST25_Read &rArr; SST25__Status &rArr; halSpiWriteByte
</UL>
<BR>[Calls]<UL><LI><a href="#[1d9]">&gt;&gt;</a>&nbsp;&nbsp;&nbsp;get_fat
<LI><a href="#[1db]">&gt;&gt;</a>&nbsp;&nbsp;&nbsp;clust2sect
</UL>
<BR>[Called By]<UL><LI><a href="#[1dd]">&gt;&gt;</a>&nbsp;&nbsp;&nbsp;dir_find
</UL>

<P><STRONG><a name="[1e3]"></a>ld_clust</STRONG> (Thumb, 34 bytes, Stack size 8 bytes, ff.o(.text))
<BR><BR>[Stack]<UL><LI>Max Depth = 8<LI>Call Chain = ld_clust
</UL>
<BR>[Called By]<UL><LI><a href="#[1e7]">&gt;&gt;</a>&nbsp;&nbsp;&nbsp;f_open
<LI><a href="#[1e2]">&gt;&gt;</a>&nbsp;&nbsp;&nbsp;follow_path
</UL>

<P><STRONG><a name="[1dd]"></a>dir_find</STRONG> (Thumb, 96 bytes, Stack size 24 bytes, ff.o(.text))
<BR><BR>[Stack]<UL><LI>Max Depth = 184<LI>Call Chain = dir_find &rArr; dir_next &rArr; get_fat &rArr; move_window &rArr; disk_read &rArr; SST25_disk_read &rArr; SST25_Read &rArr; SST25__Status &rArr; halSpiWriteByte
</UL>
<BR>[Calls]<UL><LI><a href="#[1dc]">&gt;&gt;</a>&nbsp;&nbsp;&nbsp;dir_next
<LI><a href="#[1da]">&gt;&gt;</a>&nbsp;&nbsp;&nbsp;dir_sdi
<LI><a href="#[1d8]">&gt;&gt;</a>&nbsp;&nbsp;&nbsp;move_window
<LI><a href="#[1de]">&gt;&gt;</a>&nbsp;&nbsp;&nbsp;mem_cmp
</UL>
<BR>[Called By]<UL><LI><a href="#[1e2]">&gt;&gt;</a>&nbsp;&nbsp;&nbsp;follow_path
</UL>

<P><STRONG><a name="[1df]"></a>create_name</STRONG> (Thumb, 270 bytes, Stack size 40 bytes, ff.o(.text))
<BR><BR>[Stack]<UL><LI>Max Depth = 52<LI>Call Chain = create_name &rArr; mem_set
</UL>
<BR>[Calls]<UL><LI><a href="#[1e1]">&gt;&gt;</a>&nbsp;&nbsp;&nbsp;chk_chr
<LI><a href="#[1e0]">&gt;&gt;</a>&nbsp;&nbsp;&nbsp;mem_set
</UL>
<BR>[Called By]<UL><LI><a href="#[1e2]">&gt;&gt;</a>&nbsp;&nbsp;&nbsp;follow_path
</UL>

<P><STRONG><a name="[1e2]"></a>follow_path</STRONG> (Thumb, 148 bytes, Stack size 32 bytes, ff.o(.text))
<BR><BR>[Stack]<UL><LI>Max Depth = 216<LI>Call Chain = follow_path &rArr; dir_find &rArr; dir_next &rArr; get_fat &rArr; move_window &rArr; disk_read &rArr; SST25_disk_read &rArr; SST25_Read &rArr; SST25__Status &rArr; halSpiWriteByte
</UL>
<BR>[Calls]<UL><LI><a href="#[1df]">&gt;&gt;</a>&nbsp;&nbsp;&nbsp;create_name
<LI><a href="#[1dd]">&gt;&gt;</a>&nbsp;&nbsp;&nbsp;dir_find
<LI><a href="#[1e3]">&gt;&gt;</a>&nbsp;&nbsp;&nbsp;ld_clust
<LI><a href="#[1da]">&gt;&gt;</a>&nbsp;&nbsp;&nbsp;dir_sdi
</UL>
<BR>[Called By]<UL><LI><a href="#[1e7]">&gt;&gt;</a>&nbsp;&nbsp;&nbsp;f_open
</UL>

<P><STRONG><a name="[1e4]"></a>check_fs</STRONG> (Thumb, 150 bytes, Stack size 16 bytes, ff.o(.text))
<BR><BR>[Stack]<UL><LI>Max Depth = 112<LI>Call Chain = check_fs &rArr; disk_read &rArr; SST25_disk_read &rArr; SST25_Read &rArr; SST25__Status &rArr; halSpiWriteByte
</UL>
<BR>[Calls]<UL><LI><a href="#[1d2]">&gt;&gt;</a>&nbsp;&nbsp;&nbsp;disk_read
</UL>
<BR>[Called By]<UL><LI><a href="#[1e5]">&gt;&gt;</a>&nbsp;&nbsp;&nbsp;chk_mounted
</UL>

<P><STRONG><a name="[1e5]"></a>chk_mounted</STRONG> (Thumb, 758 bytes, Stack size 80 bytes, ff.o(.text))
<BR><BR>[Stack]<UL><LI>Max Depth = 192<LI>Call Chain = chk_mounted &rArr; check_fs &rArr; disk_read &rArr; SST25_disk_read &rArr; SST25_Read &rArr; SST25__Status &rArr; halSpiWriteByte
</UL>
<BR>[Calls]<UL><LI><a href="#[1e4]">&gt;&gt;</a>&nbsp;&nbsp;&nbsp;check_fs
<LI><a href="#[1d0]">&gt;&gt;</a>&nbsp;&nbsp;&nbsp;disk_status
<LI><a href="#[1ce]">&gt;&gt;</a>&nbsp;&nbsp;&nbsp;disk_initialize
<LI><a href="#[63]">&gt;&gt;</a>&nbsp;&nbsp;&nbsp;__aeabi_uidivmod
</UL>
<BR>[Called By]<UL><LI><a href="#[1e7]">&gt;&gt;</a>&nbsp;&nbsp;&nbsp;f_open
</UL>

<P><STRONG><a name="[1e6]"></a>validate</STRONG> (Thumb, 60 bytes, Stack size 16 bytes, ff.o(.text))
<BR><BR>[Stack]<UL><LI>Max Depth = 32<LI>Call Chain = validate &rArr; disk_status
</UL>
<BR>[Calls]<UL><LI><a href="#[1d0]">&gt;&gt;</a>&nbsp;&nbsp;&nbsp;disk_status
</UL>
<BR>[Called By]<UL><LI><a href="#[1eb]">&gt;&gt;</a>&nbsp;&nbsp;&nbsp;f_lseek
<LI><a href="#[1ea]">&gt;&gt;</a>&nbsp;&nbsp;&nbsp;f_close
<LI><a href="#[1e8]">&gt;&gt;</a>&nbsp;&nbsp;&nbsp;f_read
</UL>

<P><STRONG><a name="[1ed]"></a>NVIC_SetPriority</STRONG> (Thumb, 110 bytes, Stack size 8 bytes, audio.o(.text))
<BR><BR>[Stack]<UL><LI>Max Depth = 8<LI>Call Chain = NVIC_SetPriority
</UL>
<BR>[Called By]<UL><LI><a href="#[1ec]">&gt;&gt;</a>&nbsp;&nbsp;&nbsp;TPM1_Init
</UL>

<P><STRONG><a name="[1f5]"></a>NVIC_SetPriority</STRONG> (Thumb, 110 bytes, Stack size 8 bytes, dtmf_app.o(.text))
<BR><BR>[Stack]<UL><LI>Max Depth = 8<LI>Call Chain = NVIC_SetPriority
</UL>
<BR>[Called By]<UL><LI><a href="#[1f4]">&gt;&gt;</a>&nbsp;&nbsp;&nbsp;TPM2_Init
</UL>

<P><STRONG><a name="[1fb]"></a>Goertzel</STRONG> (Thumb, 92 bytes, Stack size 36 bytes, dtmf.o(.text))
<BR><BR>[Stack]<UL><LI>Max Depth = 36<LI>Call Chain = Goertzel
</UL>
<BR>[Called By]<UL><LI><a href="#[1fa]">&gt;&gt;</a>&nbsp;&nbsp;&nbsp;DTMF_digit
</UL>

<P><STRONG><a name="[1fd]"></a>GainControl</STRONG> (Thumb, 152 bytes, Stack size 24 bytes, dtmf.o(.text))
<BR><BR>[Stack]<UL><LI>Max Depth = 24<LI>Call Chain = GainControl
</UL>
<BR>[Called By]<UL><LI><a href="#[1f9]">&gt;&gt;</a>&nbsp;&nbsp;&nbsp;DTMF_Detect
</UL>

<P><STRONG><a name="[1fc]"></a>chk_valid</STRONG> (Thumb, 72 bytes, Stack size 0 bytes, dtmf.o(.text))
<BR><BR>[Called By]<UL><LI><a href="#[1fa]">&gt;&gt;</a>&nbsp;&nbsp;&nbsp;DTMF_digit
</UL>

<P><STRONG><a name="[1fa]"></a>DTMF_digit</STRONG> (Thumb, 472 bytes, Stack size 40 bytes, dtmf.o(.text))
<BR><BR>[Stack]<UL><LI>Max Depth = 76<LI>Call Chain = DTMF_digit &rArr; Goertzel
</UL>
<BR>[Calls]<UL><LI><a href="#[1fc]">&gt;&gt;</a>&nbsp;&nbsp;&nbsp;chk_valid
<LI><a href="#[1fb]">&gt;&gt;</a>&nbsp;&nbsp;&nbsp;Goertzel
</UL>
<BR>[Called By]<UL><LI><a href="#[1f9]">&gt;&gt;</a>&nbsp;&nbsp;&nbsp;DTMF_Detect
</UL>

<P><STRONG><a name="[22c]"></a>_printf_core</STRONG> (Thumb, 1072 bytes, Stack size 104 bytes, printf8.o(i._printf_core), UNUSED)
<BR><BR>[Calls]<UL><LI><a href="#[230]">&gt;&gt;</a>&nbsp;&nbsp;&nbsp;_printf_pre_padding
<LI><a href="#[231]">&gt;&gt;</a>&nbsp;&nbsp;&nbsp;_printf_post_padding
<LI><a href="#[21d]">&gt;&gt;</a>&nbsp;&nbsp;&nbsp;__aeabi_uldivmod
</UL>
<BR>[Called By]<UL><LI><a href="#[22b]">&gt;&gt;</a>&nbsp;&nbsp;&nbsp;__0sprintf$8
</UL>

<P><STRONG><a name="[231]"></a>_printf_post_padding</STRONG> (Thumb, 32 bytes, Stack size 24 bytes, printf8.o(i._printf_post_padding), UNUSED)
<BR><BR>[Called By]<UL><LI><a href="#[22c]">&gt;&gt;</a>&nbsp;&nbsp;&nbsp;_printf_core
</UL>

<P><STRONG><a name="[230]"></a>_printf_pre_padding</STRONG> (Thumb, 44 bytes, Stack size 40 bytes, printf8.o(i._printf_pre_padding), UNUSED)
<BR><BR>[Called By]<UL><LI><a href="#[22c]">&gt;&gt;</a>&nbsp;&nbsp;&nbsp;_printf_core
</UL>

<P><STRONG><a name="[2d]"></a>_sputc</STRONG> (Thumb, 10 bytes, Stack size 0 bytes, printf8.o(i._sputc))
<BR><BR>[Called By]<UL><LI><a href="#[22b]">&gt;&gt;</a>&nbsp;&nbsp;&nbsp;__0sprintf$8
</UL>
<BR>[Address Reference Count : 1]<UL><LI> printf8.o(i.__0sprintf$8)
</UL>
<P><STRONG><a name="[22f]"></a>_fp_digits</STRONG> (Thumb, 314 bytes, Stack size 56 bytes, printfa.o(i._fp_digits), UNUSED)
<BR><BR>[Calls]<UL><LI><a href="#[10e]">&gt;&gt;</a>&nbsp;&nbsp;&nbsp;__aeabi_cdrcmple
<LI><a href="#[1a5]">&gt;&gt;</a>&nbsp;&nbsp;&nbsp;__aeabi_ddiv
<LI><a href="#[1a4]">&gt;&gt;</a>&nbsp;&nbsp;&nbsp;__aeabi_dadd
<LI><a href="#[1a2]">&gt;&gt;</a>&nbsp;&nbsp;&nbsp;__aeabi_dmul
<LI><a href="#[223]">&gt;&gt;</a>&nbsp;&nbsp;&nbsp;__aeabi_d2ulz
<LI><a href="#[21d]">&gt;&gt;</a>&nbsp;&nbsp;&nbsp;__aeabi_uldivmod
</UL>
<BR>[Called By]<UL><LI><a href="#[22e]">&gt;&gt;</a>&nbsp;&nbsp;&nbsp;_printf_core
</UL>

<P><STRONG><a name="[22e]"></a>_printf_core</STRONG> (Thumb, 1766 bytes, Stack size 128 bytes, printfa.o(i._printf_core), UNUSED)
<BR><BR>[Calls]<UL><LI><a href="#[232]">&gt;&gt;</a>&nbsp;&nbsp;&nbsp;_printf_pre_padding
<LI><a href="#[233]">&gt;&gt;</a>&nbsp;&nbsp;&nbsp;_printf_post_padding
<LI><a href="#[22f]">&gt;&gt;</a>&nbsp;&nbsp;&nbsp;_fp_digits
<LI><a href="#[63]">&gt;&gt;</a>&nbsp;&nbsp;&nbsp;__aeabi_uidivmod
<LI><a href="#[21d]">&gt;&gt;</a>&nbsp;&nbsp;&nbsp;__aeabi_uldivmod
</UL>
<BR>[Called By]<UL><LI><a href="#[22d]">&gt;&gt;</a>&nbsp;&nbsp;&nbsp;__0vsprintf
</UL>

<P><STRONG><a name="[233]"></a>_printf_post_padding</STRONG> (Thumb, 32 bytes, Stack size 24 bytes, printfa.o(i._printf_post_padding), UNUSED)
<BR><BR>[Called By]<UL><LI><a href="#[22e]">&gt;&gt;</a>&nbsp;&nbsp;&nbsp;_printf_core
</UL>

<P><STRONG><a name="[232]"></a>_printf_pre_padding</STRONG> (Thumb, 44 bytes, Stack size 40 bytes, printfa.o(i._printf_pre_padding), UNUSED)
<BR><BR>[Called By]<UL><LI><a href="#[22e]">&gt;&gt;</a>&nbsp;&nbsp;&nbsp;_printf_core
</UL>

<P><STRONG><a name="[2e]"></a>_sputc</STRONG> (Thumb, 10 bytes, Stack size 0 bytes, printfa.o(i._sputc))
<BR><BR>[Called By]<UL><LI><a href="#[22d]">&gt;&gt;</a>&nbsp;&nbsp;&nbsp;__0vsprintf
</UL>
<BR>[Address Reference Count : 1]<UL><LI> printfa.o(i.__0vsprintf)
</UL>
<P><STRONG><a name="[20c]"></a>_fp_value</STRONG> (Thumb, 246 bytes, Stack size 56 bytes, scanf_fp.o(.text), UNUSED)
<BR><BR>[Calls]<UL><LI><a href="#[1a5]">&gt;&gt;</a>&nbsp;&nbsp;&nbsp;__aeabi_ddiv
<LI><a href="#[1a2]">&gt;&gt;</a>&nbsp;&nbsp;&nbsp;__aeabi_dmul
<LI><a href="#[20e]">&gt;&gt;</a>&nbsp;&nbsp;&nbsp;__aeabi_ul2d
<LI><a href="#[20d]">&gt;&gt;</a>&nbsp;&nbsp;&nbsp;__aeabi_lmul
</UL>
<BR>[Called By]<UL><LI><a href="#[20f]">&gt;&gt;</a>&nbsp;&nbsp;&nbsp;_scanf_really_real
</UL>

<P><STRONG><a name="[2b]"></a>_scanf_char_input</STRONG> (Thumb, 12 bytes, Stack size 0 bytes, scanf_char.o(.text))
<BR>[Address Reference Count : 1]<UL><LI> scanf_char.o(.text)
</UL>
<P><STRONG><a name="[21f]"></a>_local_sscanf</STRONG> (Thumb, 54 bytes, Stack size 56 bytes, strtod.o(.text))
<BR><BR>[Stack]<UL><LI>Max Depth = 160<LI>Call Chain = _local_sscanf &rArr; _scanf_real
</UL>
<BR>[Calls]<UL><LI><a href="#[220]">&gt;&gt;</a>&nbsp;&nbsp;&nbsp;_scanf_real
</UL>
<BR>[Called By]<UL><LI><a href="#[221]">&gt;&gt;</a>&nbsp;&nbsp;&nbsp;__strtod_int
</UL>
<P>
<H3>
Undefined Global Symbols
</H3>
<P><STRONG><a name="[225]"></a>_scanf_longlong</STRONG> (ARM, 0 bytes, Stack size 0 bytes, UNDEFINED)
<BR><BR>[Called By]<UL><LI><a href="#[21e]">&gt;&gt;</a>&nbsp;&nbsp;&nbsp;__vfscanf
</UL>
<HR></body></html>
